###############################################################################
#                                                                             #
# IAR ELF Linker V6.50.2.4510/W32 for ARM               24/Jan/2013  12:19:05 #
# Copyright 2007-2012 IAR Systems AB.                                         #
#                                                                             #
#    Output file  =  C:\Users\gedemis\Desktop\31370\31370\Flash               #
#                    Debug\Exe\virtual_com.out.tmp                            #
#    Map file     =  C:\Users\gedemis\Desktop\31370\31370\Flash               #
#                    Debug\List\virtual_com.map                               #
#    Command line =  "C:\Users\gedemis\Desktop\31370\31370\Flash              #
#                    Debug\Obj\LPC24xx_enet.o" "C:\Users\gedemis\Desktop\3137 #
#                    0\31370\Flash Debug\Obj\ProgressBar.o"                   #
#                    "C:\Users\gedemis\Desktop\31370\31370\Flash              #
#                    Debug\Obj\ProgressSpinner.o"                             #
#                    "C:\Users\gedemis\Desktop\31370\31370\Flash              #
#                    Debug\Obj\Terminal_18_24x12.o"                           #
#                    "C:\Users\gedemis\Desktop\31370\31370\Flash              #
#                    Debug\Obj\Terminal_6_8x6.o"                              #
#                    "C:\Users\gedemis\Desktop\31370\31370\Flash              #
#                    Debug\Obj\Terminal_9_12x6.o"                             #
#                    "C:\Users\gedemis\Desktop\31370\31370\Flash              #
#                    Debug\Obj\animation.o" "C:\Users\gedemis\Desktop\31370\3 #
#                    1370\Flash Debug\Obj\clock-arch.o"                       #
#                    "C:\Users\gedemis\Desktop\31370\31370\Flash              #
#                    Debug\Obj\deviceslayout.o" "C:\Users\gedemis\Desktop\313 #
#                    70\31370\Flash Debug\Obj\draw.o"                         #
#                    "C:\Users\gedemis\Desktop\31370\31370\Flash              #
#                    Debug\Obj\drv_glcd.o" "C:\Users\gedemis\Desktop\31370\31 #
#                    370\Flash Debug\Obj\drv_touch_scr.o"                     #
#                    "C:\Users\gedemis\Desktop\31370\31370\Flash              #
#                    Debug\Obj\graph.o" "C:\Users\gedemis\Desktop\31370\31370 #
#                    \Flash Debug\Obj\graphlayout.o"                          #
#                    "C:\Users\gedemis\Desktop\31370\31370\Flash              #
#                    Debug\Obj\gui.o" "C:\Users\gedemis\Desktop\31370\31370\F #
#                    lash Debug\Obj\http-strings.o"                           #
#                    "C:\Users\gedemis\Desktop\31370\31370\Flash              #
#                    Debug\Obj\httpd-cgi.o" "C:\Users\gedemis\Desktop\31370\3 #
#                    1370\Flash Debug\Obj\httpd-fs.o"                         #
#                    "C:\Users\gedemis\Desktop\31370\31370\Flash              #
#                    Debug\Obj\httpd-fsdata.o" "C:\Users\gedemis\Desktop\3137 #
#                    0\31370\Flash Debug\Obj\httpd.o"                         #
#                    "C:\Users\gedemis\Desktop\31370\31370\Flash              #
#                    Debug\Obj\layout.o" "C:\Users\gedemis\Desktop\31370\3137 #
#                    0\Flash Debug\Obj\learninglayout.o"                      #
#                    "C:\Users\gedemis\Desktop\31370\31370\Flash              #
#                    Debug\Obj\main.o" "C:\Users\gedemis\Desktop\31370\31370\ #
#                    Flash Debug\Obj\mainlayout.o"                            #
#                    "C:\Users\gedemis\Desktop\31370\31370\Flash              #
#                    Debug\Obj\navigationbarlayout.o"                         #
#                    "C:\Users\gedemis\Desktop\31370\31370\Flash              #
#                    Debug\Obj\next.o" "C:\Users\gedemis\Desktop\31370\31370\ #
#                    Flash Debug\Obj\parsing.o" "C:\Users\gedemis\Desktop\313 #
#                    70\31370\Flash Debug\Obj\previous.o"                     #
#                    "C:\Users\gedemis\Desktop\31370\31370\Flash              #
#                    Debug\Obj\psock.o" "C:\Users\gedemis\Desktop\31370\31370 #
#                    \Flash Debug\Obj\rtc.o" "C:\Users\gedemis\Desktop\31370\ #
#                    31370\Flash Debug\Obj\sdram_64M_32bit_drv.o"             #
#                    "C:\Users\gedemis\Desktop\31370\31370\Flash              #
#                    Debug\Obj\sys.o" "C:\Users\gedemis\Desktop\31370\31370\F #
#                    lash Debug\Obj\timer.o" "C:\Users\gedemis\Desktop\31370\ #
#                    31370\Flash Debug\Obj\uart.o"                            #
#                    "C:\Users\gedemis\Desktop\31370\31370\Flash              #
#                    Debug\Obj\uip.o" "C:\Users\gedemis\Desktop\31370\31370\F #
#                    lash Debug\Obj\uip_arp.o" "C:\Users\gedemis\Desktop\3137 #
#                    0\31370\Flash Debug\Obj\uiplib.o"                        #
#                    "C:\Users\gedemis\Desktop\31370\31370\Flash              #
#                    Debug\Obj\xml.o" --redirect _Printf=_PrintfFull          #
#                    --redirect _Scanf=_ScanfFull -o                          #
#                    "C:\Users\gedemis\Desktop\31370\31370\Flash              #
#                    Debug\Exe\virtual_com.out.tmp" --map                     #
#                    "C:\Users\gedemis\Desktop\31370\31370\Flash              #
#                    Debug\List\virtual_com.map" --config                     #
#                    C:\Users\gedemis\Desktop\31370\31370\config\LPC2478_Flas #
#                    h.icf --semihosting --entry __iar_program_start --vfe    #
#                                                                             #
#                                                                             #
###############################################################################

*******************************************************************************
*** RUNTIME MODEL ATTRIBUTES
***

CppFlavor       = *
__Heap_Handler  = DLMalloc
__SystemLibrary = DLib


*******************************************************************************
*** PLACEMENT SUMMARY
***

"A1":  place at 0x00000000 { ro section .intvec };
"P1":  place in [from 0x00000000 to 0x000001fb] |
                [from 0x00000200 to 0x0007dfff] { ro };
"P2":  place in [from 0x40000000 to 0x4000003f] |
                [from 0x40000120 to 0x4000ffdf] {
          rw, block CSTACK, block SVC_STACK, block IRQ_STACK, block FIQ_STACK,
          block UND_STACK, block ABT_STACK, block HEAP };
"P4":  place in [from 0x7fe00000 to 0x7fe03fff] { rw data section EMAC_DMA_RAM };
"P6":  place in [from 0x000001fc to 0x000001ff] { section .crp };

  Section             Kind        Address     Size  Object
  -------             ----        -------     ----  ------
"A1":                                         0x3c
  .intvec             ro code  0x00000000     0x3c  cstartup.o [5]
                             - 0x0000003c     0x3c

"P1", part 1 of 2:                           0x11c
  Initializer bytes   ro data  0x0000003c    0x11c  <for P2 s0>
                             - 0x00000158    0x11c

"P6":                                          0x4
  .crp                const    0x000001fc      0x4  main.o [1]
                             - 0x00000200      0x4

"P1", part 2 of 2:                         0x12fa8
  .rodata             const    0x00000200   0x2a50  previous.o [1]
  .rodata             const    0x00002c50   0x2a4c  next.o [1]
  .rodata             const    0x0000569c   0x1eb8  httpd-fsdata.o [1]
  Veneer              ro code  0x00007554     0x10  - Linker created -
  .text               ro code  0x00007564   0x10a8  dlmalloc.o [3]
  .text               ro code  0x0000860c      0xc  abort.o [3]
  .text               ro code  0x00008618     0x2c  xgetmemchunk.o [3]
  Veneer              ro code  0x00008644      0x4  - Linker created -
  .text               ro code  0x00008648     0xd4  ABImemcpy.o [5]
  Veneer              ro code  0x0000871c      0x4  - Linker created -
  .text               ro code  0x00008720     0x20  exit.o [6]
  Veneer              ro code  0x00008740      0xc  - Linker created -
  .text               ro code  0x0000874c     0xb8  iarttio.o [6]
  .text               ro code  0x00008804      0x8  XShttio.o [3]
  .text               ro code  0x0000880c    0xed4  uip.o [1]
  Veneer              ro code  0x000096e0      0x4  - Linker created -
  .text               ro code  0x000096e4      0x8  ABImemclr4.o [5]
  .text               ro code  0x000096ec    0x5d4  httpd.o [1]
  Veneer              ro code  0x00009cc0      0x4  - Linker created -
  .text               ro code  0x00009cc4     0x48  ABImemset48.o [5]
  .text               ro code  0x00009d0c    0x128  httpd-fs.o [1]
  .text               ro code  0x00009e34    0x2f4  psock.o [1]
  .text               ro code  0x0000a128    0x2e8  httpd-cgi.o [1]
  Veneer              ro code  0x0000a410      0x4  - Linker created -
  .text               ro code  0x0000a414     0x20  strchr.o [5]
  Veneer              ro code  0x0000a434      0x4  - Linker created -
  .text               ro code  0x0000a438     0x54  strlen.o [5]
  .text               ro code  0x0000a48c     0x1a  strrchr.o [3]
  .text               ro code  0x0000a4a6     0x2c  strncmp.o [3]
  .text               ro code  0x0000a4d2     0x2a  zero_init3.o [5]
  Veneer              ro code  0x0000a4fc      0x4  - Linker created -
  .text               ro code  0x0000a500     0x6c  strcpy.o [5]
  Veneer              ro code  0x0000a56c      0x4  - Linker created -
  .text               ro code  0x0000a570     0x9c  strncpy.o [5]
  .text               ro code  0x0000a60c    0x474  xml.o [1]
  .text               ro code  0x0000aa80     0x48  snprintf.o [3]
  Veneer              ro code  0x0000aac8      0x4  - Linker created -
  .text               ro code  0x0000aacc     0x7c  ABImemset.o [5]
  .text               ro code  0x0000ab48     0x88  rtc.o [1]
  Veneer              ro code  0x0000abd0      0x4  - Linker created -
  .text               ro code  0x0000abd4     0x38  DblCmpLe.o [4]
  Veneer              ro code  0x0000ac0c      0x4  - Linker created -
  .text               ro code  0x0000ac10    0x1f8  DblMul.o [4]
  Veneer              ro code  0x0000ae08      0x4  - Linker created -
  .text               ro code  0x0000ae0c     0x60  DblToS32.o [4]
  Veneer              ro code  0x0000ae6c      0x4  - Linker created -
  .text               ro code  0x0000ae70     0x60  S32ToDbl.o [4]
  Veneer              ro code  0x0000aed0      0x4  - Linker created -
  .text               ro code  0x0000aed4    0x1f0  DblSub.o [4]
  Veneer              ro code  0x0000b0c4      0x4  - Linker created -
  .text               ro code  0x0000b0c8     0x18  xml.o [1]
  Veneer              ro code  0x0000b0e0     0x10  - Linker created -
  .text               ro code  0x0000b0f0    0xe9c  xprintffull.o [3]
  Veneer              ro code  0x0000bf8c      0x4  - Linker created -
  .text               ro code  0x0000bf90    0x140  DblAdd.o [4]
  Veneer              ro code  0x0000c0d0      0x4  - Linker created -
  .text               ro code  0x0000c0d4     0x94  memchr.o [5]
  Veneer              ro code  0x0000c168      0x4  - Linker created -
  .text               ro code  0x0000c16c     0xd4  I64DivMod.o [5]
  .text               ro code  0x0000c240     0x48  xdnorm.o [4]
  Veneer              ro code  0x0000c288      0x4  - Linker created -
  .text               ro code  0x0000c28c     0x38  DblCmpGe.o [4]
  .text               ro code  0x0000c2c4    0x120  xdscale.o [4]
  Veneer              ro code  0x0000c3e4      0x4  - Linker created -
  .text               ro code  0x0000c3e8    0x1d4  I32DivMod.o [5]
  Veneer              ro code  0x0000c5bc      0x4  - Linker created -
  .text               ro code  0x0000c5c0    0x338  DblDiv.o [4]
  Veneer              ro code  0x0000c8f8      0x4  - Linker created -
  .text               ro code  0x0000c8fc     0x3c  DblToU32.o [4]
  Veneer              ro code  0x0000c938      0x4  - Linker created -
  .text               ro code  0x0000c93c     0x10  U32ToDbl.o [4]
  .text               ro code  0x0000c94c     0x24  div.o [3]
  .text               ro code  0x0000c970      0x4  I64DivZer.o [5]
  .text               ro code  0x0000c974      0x4  IntDivZer.o [5]
  .rodata             const    0x0000c978    0xc14  Terminal_9_12x6.o [1]
  .text               ro code  0x0000d58c    0xae4  drv_glcd.o [1]
  .text               ro code  0x0000e070    0x328  sys.o [1]
  Veneer              ro code  0x0000e398      0x4  - Linker created -
  .text               ro code  0x0000e39c     0x18  drv_glcd.o [1]
  .text               ro code  0x0000e3b4     0x76  xassert.o [3]
  .text               ro code  0x0000e42a      0xa  xsprout.o [3]
  .text               ro code  0x0000e434     0x30  vsprintf.o [3]
  .text               ro code  0x0000e464     0xb0  xreportassert.o [3]
  .text               ro code  0x0000e514     0x2a  putchar.o [3]
  Veneer              ro code  0x0000e540      0x4  - Linker created -
  .text               ro code  0x0000e544     0x10  write.o [6]
  .text               ro code  0x0000e554     0x24  dwrite.o [6]
  .text               ro code  0x0000e578     0x40  iarwstd.o [6]
  .text               ro code  0x0000e5b8     0x44  iarwrite.o [6]
  .text               ro code  0x0000e5fc     0x1c  xsnprout.o [3]
  .text               ro code  0x0000e618    0x8a8  pow.o [4]
  .text               ro code  0x0000eec0     0x8c  xdint.o [4]
  Veneer              ro code  0x0000ef4c      0x4  - Linker created -
  .text               ro code  0x0000ef50     0x2c  DblCmpEq.o [4]
  .text               ro code  0x0000ef7c     0x10  errno.o [3]
  .text               ro code  0x0000ef8c     0xa8  xlog.o [4]
  .text               ro code  0x0000f034    0x2c4  xexp.o [4]
  .text               ro code  0x0000f2f8      0x2  xtls.o [3]
  .text               ro code  0x0000f2fc     0x34  xdtest.o [4]
  .text               ro code  0x0000f330    0x66c  deviceslayout.o [1]
  .text               ro code  0x0000f99c     0x94  layout.o [1]
  .text               ro code  0x0000fa30    0x1ec  gui.o [1]
  .text               ro code  0x0000fc1c    0x130  ProgressSpinner.o [1]
  .text               ro code  0x0000fd4c     0xfe  animation.o [1]
  .text               ro code  0x0000fe4a    0x262  draw.o [1]
  .text               ro code  0x000100ac    0x122  ProgressBar.o [1]
  .text               ro code  0x000101d0    0x538  graph.o [1]
  Veneer              ro code  0x00010708      0x4  - Linker created -
  .text               ro code  0x0001070c     0x20  ProgressSpinner.o [1]
  Veneer              ro code  0x0001072c      0x4  - Linker created -
  .text               ro code  0x00010730    0x16c  sqrt.o [4]
  Veneer              ro code  0x0001089c      0x4  - Linker created -
  .text               ro code  0x000108a0     0x18  ProgressBar.o [1]
  Veneer              ro code  0x000108b8      0xc  - Linker created -
  .text               ro code  0x000108c4     0x18  iarEdom.o [5]
  .text               ro code  0x000108dc    0x600  drv_touch_scr.o [1]
  Veneer              ro code  0x00010edc      0x4  - Linker created -
  .text               ro code  0x00010ee0     0x14  drv_touch_scr.o [1]
  Veneer              ro code  0x00010ef4      0x4  - Linker created -
  .text               ro code  0x00010ef8     0x14  drv_touch_scr.o [1]
  Veneer              ro code  0x00010f0c      0x4  - Linker created -
  .text               ro code  0x00010f10     0x14  drv_touch_scr.o [1]
  Veneer              ro code  0x00010f24      0x4  - Linker created -
  .text               ro code  0x00010f28     0x18  drv_touch_scr.o [1]
  .text               ro code  0x00010f40    0x568  LPC24xx_enet.o [1]
  .text               ro code  0x000114a8    0x420  uip_arp.o [1]
  Veneer              ro code  0x000118c8      0x4  - Linker created -
  .text               ro code  0x000118cc      0x8  ABImemclr.o [5]
  .text               ro code  0x000118d4    0x3b8  main.o [1]
  .text               ro code  0x00011c8c     0xb4  clock-arch.o [1]
  .text               ro code  0x00011d40     0x38  timer.o [1]
  .text               ro code  0x00011d78    0x1e4  uart.o [1]
  .text               ro code  0x00011f5c    0x1bc  navigationbarlayout.o [1]
  .text               ro code  0x00012118     0x5c  mainlayout.o [1]
  .text               ro code  0x00012174    0x310  learninglayout.o [1]
  .text               ro code  0x00012484    0x298  graphlayout.o [1]
  .text               ro code  0x0001271c    0x228  parsing.o [1]
  .text               ro code  0x00012944    0x1e0  sdram_64M_32bit_drv.o [1]
  Veneer              ro code  0x00012b24      0x4  - Linker created -
  .text               ro code  0x00012b28     0x10  main.o [1]
  Veneer              ro code  0x00012b38      0x4  - Linker created -
  .text               ro code  0x00012b3c     0x14  clock-arch.o [1]
  .text               ro code  0x00012b50     0xa0  xstol.o [3]
  .text               ro code  0x00012bf0    0x17c  xstoul.o [3]
  .rodata             const    0x00012d6c    0x20c  http-strings.o [1]
  .rodata             const    0x00012f78     0xa4  httpd-cgi.o [1]
  .text               ro code  0x0001301c     0x58  cstartup.o [5]
  Veneer              ro code  0x00013074      0xc  - Linker created -
  Veneer              ro code  0x00013080      0xc  - Linker created -
  Veneer              ro code  0x0001308c      0xc  - Linker created -
  Veneer              ro code  0x00013098      0xc  - Linker created -
  .text               ro code  0x000130a4     0x24  cmain.o [5]
  .text               ro code  0x000130c8      0x4  low_level_init.o [3]
  .text               ro code  0x000130cc     0x32  data_init.o [5]
  .text               ro code  0x000130fe      0xa  exit.o [3]
  Veneer              ro code  0x00013108      0x4  - Linker created -
  .text               ro code  0x0001310c     0x10  cexit.o [5]
  .text               ro code  0x0001311c     0x30  copy_init3.o [5]
  .rodata             const    0x0001314c     0x28  xml.o [1]
  .iar.init_table     const    0x00013174     0x24  - Linker created -
  .rodata             const    0x00013198      0x8  uip.o [1]
  .text               ro code  0x000131a0      0x4  vectortrap.o [5]
  .text               ro code  0x000131a4      0x4  xreturnswi.o [6]
  .rodata             const    0x000131a8      0x0  zero_init3.o [5]
  .rodata             const    0x000131a8      0x0  copy_init3.o [5]
                             - 0x000131a8  0x12fa8

Absolute sections, part 1 of 64:               0x4
  .noinit             uninit   0x3fffc000      0x4  sys.o [1]
                             - 0x3fffc004      0x4

Absolute sections, part 2 of 64:              0x14
  .noinit             uninit   0x3fffc010      0x4  sys.o [1]
  .noinit             uninit   0x3fffc014      0x4  drv_touch_scr.o [1]
  .noinit             uninit   0x3fffc018      0x4  drv_touch_scr.o [1]
  .noinit             uninit   0x3fffc01c      0x4  drv_touch_scr.o [1]
  .noinit             uninit   0x3fffc020      0x4  sys.o [1]
                             - 0x3fffc024     0x14

Absolute sections, part 3 of 64:               0x4
  .noinit             uninit   0x3fffc030      0x4  sys.o [1]
                             - 0x3fffc034      0x4

Absolute sections, part 4 of 64:               0x4
  .noinit             uninit   0x3fffc038      0x4  main.o [1]
                             - 0x3fffc03c      0x4

Absolute sections, part 5 of 64:               0x4
  .noinit             uninit   0x3fffc040      0x4  sys.o [1]
                             - 0x3fffc044      0x4

Absolute sections, part 6 of 64:               0x4
  .noinit             uninit   0x3fffc050      0x4  sys.o [1]
                             - 0x3fffc054      0x4

Absolute sections, part 7 of 64:               0x4
  .noinit             uninit   0x3fffc060      0x4  sys.o [1]
                             - 0x3fffc064      0x4

Absolute sections, part 8 of 64:               0x4
  .noinit             uninit   0x3fffc070      0x4  sys.o [1]
                             - 0x3fffc074      0x4

Absolute sections, part 9 of 64:               0x4
  .noinit             uninit   0x3fffc080      0x4  sys.o [1]
                             - 0x3fffc084      0x4

Absolute sections, part 10 of 64:              0x4
  .noinit             uninit   0x3fffc090      0x4  sys.o [1]
                             - 0x3fffc094      0x4

"P2", part 1 of 3:                           0x11c
  P2 s0                        0x40000120    0x11c  <Init block>
    .data             inited   0x40000120     0x40  drv_glcd.o [1]
    .data             inited   0x40000160     0x30  deviceslayout.o [1]
    .data             inited   0x40000190     0x24  httpd-cgi.o [1]
    .data             inited   0x400001b4     0x1c  next.o [1]
    .data             inited   0x400001d0     0x1c  previous.o [1]
    .data             inited   0x400001ec     0x18  Terminal_9_12x6.o [1]
    .data             inited   0x40000204     0x10  httpd-cgi.o [1]
    .data             inited   0x40000214     0x10  learninglayout.o [1]
    .data             inited   0x40000224      0xc  xml.o [1]
    .data             inited   0x40000230      0x8  XShttio.o [3]
    __DLIB_PERTHREAD  inited   0x40000238      0x4  errno.o [3]
                             - 0x4000023c    0x11c

"P2", part 2 of 3:                          0x3934
  .bss                zero     0x4000023c   0x1fe0  uip.o [1]
  .bss                zero     0x4000221c    0xe44  xml.o [1]
  .bss                zero     0x40003060    0x5f4  uip.o [1]
  .bss                zero     0x40003654    0x1d4  dlmalloc.o [3]
  .bss                zero     0x40003828    0x12c  xml.o [1]
  .bss                zero     0x40003958     0x70  main.o [1]
  .bss                zero     0x400039c8     0x64  uip.o [1]
  .bss                zero     0x40003a2c     0x60  uip_arp.o [1]
  .bss                zero     0x40003a8c     0x40  uip.o [1]
  .bss                zero     0x40003acc     0x34  uart.o [1]
  .bss                zero     0x40003b00     0x18  drv_touch_scr.o [1]
  .bss                zero     0x40003b18     0x18  dlmalloc.o [3]
  .bss                zero     0x40003b30     0x14  graphlayout.o [1]
  .bss                zero     0x40003b44      0x8  animation.o [1]
  .bss                zero     0x40003b4c      0x8  uip_arp.o [1]
  .bss                zero     0x40003b54      0x4  clock-arch.o [1]
  .bss                zero     0x40003b58      0x4  httpd-fs.o [1]
  .bss                zero     0x40003b5c      0x4  mainlayout.o [1]
  .bss                zero     0x40003b60      0x4  navigationbarlayout.o [1]
  .bss                zero     0x40003b64      0x4  uip.o [1]
  .bss                zero     0x40003b68      0x4  uip.o [1]
  .bss                zero     0x40003b6c      0x4  xgetmemchunk.o [3]
                             - 0x40003b70   0x3934

"P2", part 3 of 3:                          0x2840
  CSTACK                       0x40003b70    0x400  <Block>
    CSTACK            uninit   0x40003b70    0x400  <Block tail>
  IRQ_STACK                    0x40003f70    0x400  <Block>
    IRQ_STACK         uninit   0x40003f70    0x400  <Block tail>
  FIQ_STACK                    0x40004370     0x40  <Block>
    FIQ_STACK         uninit   0x40004370     0x40  <Block tail>
  HEAP                         0x400043b0   0x2000  <Block>
    HEAP              uninit   0x400043b0   0x2000  <Block tail>
                             - 0x400063b0   0x2840

"P4":                                       0x1838
  EMAC_DMA_RAM        uninit   0x7fe00000   0x1838  LPC24xx_enet.o [1]
                             - 0x7fe01838   0x1838

Absolute sections, part 11 of 64:              0x8
  .noinit             uninit   0xe0004000      0x4  clock-arch.o [1]
  .noinit             uninit   0xe0004004      0x4  clock-arch.o [1]
                             - 0xe0004008      0x8

Absolute sections, part 12 of 64:              0x4
  .noinit             uninit   0xe000400c      0x4  clock-arch.o [1]
                             - 0xe0004010      0x4

Absolute sections, part 13 of 64:              0x8
  .noinit             uninit   0xe0004014      0x4  clock-arch.o [1]
  .noinit             uninit   0xe0004018      0x4  clock-arch.o [1]
                             - 0xe000401c      0x8

Absolute sections, part 14 of 64:              0x4
  .noinit             uninit   0xe0004070      0x4  clock-arch.o [1]
                             - 0xe0004074      0x4

Absolute sections, part 15 of 64:              0x8
  .noinit             uninit   0xe0008000      0x4  drv_touch_scr.o [1]
  .noinit             uninit   0xe0008004      0x4  drv_touch_scr.o [1]
                             - 0xe0008008      0x8

Absolute sections, part 16 of 64:              0x4
  .noinit             uninit   0xe000800c      0x4  drv_touch_scr.o [1]
                             - 0xe0008010      0x4

Absolute sections, part 17 of 64:              0x8
  .noinit             uninit   0xe0008014      0x4  drv_touch_scr.o [1]
  .noinit             uninit   0xe0008018      0x4  drv_touch_scr.o [1]
                             - 0xe000801c      0x8

Absolute sections, part 18 of 64:              0x4
  .noinit             uninit   0xe0008070      0x4  drv_touch_scr.o [1]
                             - 0xe0008074      0x4

Absolute sections, part 19 of 64:              0x1
  .noinit             uninit   0xe000c000      0x1  uart.o [1]
                             - 0xe000c001      0x1

Absolute sections, part 20 of 64:              0x9
  .noinit             uninit   0xe000c004      0x4  uart.o [1]
  .noinit             uninit   0xe000c008      0x4  uart.o [1]
  .noinit             uninit   0xe000c00c      0x1  uart.o [1]
                             - 0xe000c00d      0x9

Absolute sections, part 21 of 64:              0x4
  .noinit             uninit   0xe000c028      0x4  uart.o [1]
                             - 0xe000c02c      0x4

Absolute sections, part 22 of 64:              0x1
  .noinit             uninit   0xe000c030      0x1  uart.o [1]
                             - 0xe000c031      0x1

Absolute sections, part 23 of 64:              0x8
  .noinit             uninit   0xe0024008      0x4  rtc.o [1]
  .noinit             uninit   0xe002400c      0x4  rtc.o [1]
                             - 0xe0024010      0x8

Absolute sections, part 24 of 64:              0xc
  .noinit             uninit   0xe0024020      0x4  rtc.o [1]
  .noinit             uninit   0xe0024024      0x4  rtc.o [1]
  .noinit             uninit   0xe0024028      0x4  rtc.o [1]
                             - 0xe002402c      0xc

Absolute sections, part 25 of 64:              0x4
  .noinit             uninit   0xe0024040      0x4  rtc.o [1]
                             - 0xe0024044      0x4

Absolute sections, part 26 of 64:              0x4
  .noinit             uninit   0xe0028008      0x4  sys.o [1]
                             - 0xe002800c      0x4

Absolute sections, part 27 of 64:              0x4
  .noinit             uninit   0xe0028018      0x4  sys.o [1]
                             - 0xe002801c      0x4

Absolute sections, part 28 of 64:              0x8
  .noinit             uninit   0xe002808c      0x4  drv_touch_scr.o [1]
  .noinit             uninit   0xe0028090      0x4  drv_touch_scr.o [1]
                             - 0xe0028094      0x8

Absolute sections, part 29 of 64:             0x28
  .noinit             uninit   0xe002c000      0x4  uart.o [1]
  .noinit             uninit   0xe002c004      0x4  sys.o [1]
  .noinit             uninit   0xe002c008      0x4  sys.o [1]
  .noinit             uninit   0xe002c00c      0x4  sys.o [1]
  .noinit             uninit   0xe002c010      0x4  sys.o [1]
  .noinit             uninit   0xe002c014      0x4  sys.o [1]
  .noinit             uninit   0xe002c018      0x4  sys.o [1]
  .noinit             uninit   0xe002c01c      0x4  sys.o [1]
  .noinit             uninit   0xe002c020      0x4  sys.o [1]
  .noinit             uninit   0xe002c024      0x4  sys.o [1]
                             - 0xe002c028     0x28

Absolute sections, part 30 of 64:              0x4
  .noinit             uninit   0xe002c02c      0x4  drv_glcd.o [1]
                             - 0xe002c030      0x4

Absolute sections, part 31 of 64:              0x8
  .noinit             uninit   0xe002c040      0x4  drv_glcd.o [1]
  .noinit             uninit   0xe002c044      0x4  drv_touch_scr.o [1]
                             - 0xe002c048      0x8

Absolute sections, part 32 of 64:             0x1c
  .noinit             uninit   0xe002c04c      0x4  drv_glcd.o [1]
  .noinit             uninit   0xe002c050      0x4  drv_glcd.o [1]
  .noinit             uninit   0xe002c054      0x4  sdram_64M_32bit_drv.o [1]
  .noinit             uninit   0xe002c058      0x4  sdram_64M_32bit_drv.o [1]
  .noinit             uninit   0xe002c05c      0x4  sdram_64M_32bit_drv.o [1]
  .noinit             uninit   0xe002c060      0x4  sdram_64M_32bit_drv.o [1]
  .noinit             uninit   0xe002c064      0x4  sdram_64M_32bit_drv.o [1]
                             - 0xe002c068     0x1c

Absolute sections, part 33 of 64:              0x8
  .noinit             uninit   0xe0034000      0x4  drv_touch_scr.o [1]
  .noinit             uninit   0xe0034004      0x4  drv_touch_scr.o [1]
                             - 0xe0034008      0x8

Absolute sections, part 34 of 64:              0x4
  .noinit             uninit   0xe003400c      0x4  drv_touch_scr.o [1]
                             - 0xe0034010      0x4

Absolute sections, part 35 of 64:              0x4
  .noinit             uninit   0xe0034030      0x4  drv_touch_scr.o [1]
                             - 0xe0034034      0x4

Absolute sections, part 36 of 64:              0x8
  .noinit             uninit   0xe0070000      0x4  animation.o [1]
  .noinit             uninit   0xe0070004      0x4  animation.o [1]
                             - 0xe0070008      0x8

Absolute sections, part 37 of 64:              0x8
  .noinit             uninit   0xe0070014      0x4  animation.o [1]
  .noinit             uninit   0xe0070018      0x4  animation.o [1]
                             - 0xe007001c      0x8

Absolute sections, part 38 of 64:              0x8
  .noinit             uninit   0xe01fc000      0x4  main.o [1]
  .noinit             uninit   0xe01fc004      0x4  main.o [1]
                             - 0xe01fc008      0x8

Absolute sections, part 39 of 64:             0x10
  .noinit             uninit   0xe01fc080      0x4  sys.o [1]
  .noinit             uninit   0xe01fc084      0x4  sys.o [1]
  .noinit             uninit   0xe01fc088      0x4  sys.o [1]
  .noinit             uninit   0xe01fc08c      0x4  sys.o [1]
                             - 0xe01fc090     0x10

Absolute sections, part 40 of 64:              0x4
  .noinit             uninit   0xe01fc0c4      0x4  uart.o [1]
                             - 0xe01fc0c8      0x4

Absolute sections, part 41 of 64:              0xc
  .noinit             uninit   0xe01fc104      0x4  sys.o [1]
  .noinit             uninit   0xe01fc108      0x4  sys.o [1]
  .noinit             uninit   0xe01fc10c      0x4  sys.o [1]
                             - 0xe01fc110      0xc

Absolute sections, part 42 of 64:              0x4
  .noinit             uninit   0xe01fc140      0x4  drv_touch_scr.o [1]
                             - 0xe01fc144      0x4

Absolute sections, part 43 of 64:              0x4
  .noinit             uninit   0xe01fc188      0x4  sys.o [1]
                             - 0xe01fc18c      0x4

Absolute sections, part 44 of 64:              0x4
  .noinit             uninit   0xe01fc1a0      0x4  sys.o [1]
                             - 0xe01fc1a4      0x4

Absolute sections, part 45 of 64:              0x8
  .noinit             uninit   0xe01fc1a8      0x4  sys.o [1]
  .noinit             uninit   0xe01fc1ac      0x4  sys.o [1]
                             - 0xe01fc1b0      0x8

Absolute sections, part 46 of 64:              0x4
  .noinit             uninit   0xe01fc1b8      0x4  drv_glcd.o [1]
                             - 0xe01fc1bc      0x4

Absolute sections, part 47 of 64:             0x38
  .noinit             uninit   0xffe00000      0x4  LPC24xx_enet.o [1]
  .noinit             uninit   0xffe00004      0x4  LPC24xx_enet.o [1]
  .noinit             uninit   0xffe00008      0x4  LPC24xx_enet.o [1]
  .noinit             uninit   0xffe0000c      0x4  LPC24xx_enet.o [1]
  .noinit             uninit   0xffe00010      0x4  LPC24xx_enet.o [1]
  .noinit             uninit   0xffe00014      0x4  LPC24xx_enet.o [1]
  .noinit             uninit   0xffe00018      0x4  LPC24xx_enet.o [1]
  .noinit             uninit   0xffe0001c      0x4  LPC24xx_enet.o [1]
  .noinit             uninit   0xffe00020      0x4  LPC24xx_enet.o [1]
  .noinit             uninit   0xffe00024      0x4  LPC24xx_enet.o [1]
  .noinit             uninit   0xffe00028      0x4  LPC24xx_enet.o [1]
  .noinit             uninit   0xffe0002c      0x4  LPC24xx_enet.o [1]
  .noinit             uninit   0xffe00030      0x4  LPC24xx_enet.o [1]
  .noinit             uninit   0xffe00034      0x4  LPC24xx_enet.o [1]
                             - 0xffe00038     0x38

Absolute sections, part 48 of 64:              0xc
  .noinit             uninit   0xffe00040      0x4  LPC24xx_enet.o [1]
  .noinit             uninit   0xffe00044      0x4  LPC24xx_enet.o [1]
  .noinit             uninit   0xffe00048      0x4  LPC24xx_enet.o [1]
                             - 0xffe0004c      0xc

Absolute sections, part 49 of 64:              0x4
  .noinit             uninit   0xffe00100      0x4  LPC24xx_enet.o [1]
                             - 0xffe00104      0x4

Absolute sections, part 50 of 64:             0x28
  .noinit             uninit   0xffe00108      0x4  LPC24xx_enet.o [1]
  .noinit             uninit   0xffe0010c      0x4  LPC24xx_enet.o [1]
  .noinit             uninit   0xffe00110      0x4  LPC24xx_enet.o [1]
  .noinit             uninit   0xffe00114      0x4  LPC24xx_enet.o [1]
  .noinit             uninit   0xffe00118      0x4  LPC24xx_enet.o [1]
  .noinit             uninit   0xffe0011c      0x4  LPC24xx_enet.o [1]
  .noinit             uninit   0xffe00120      0x4  LPC24xx_enet.o [1]
  .noinit             uninit   0xffe00124      0x4  LPC24xx_enet.o [1]
  .noinit             uninit   0xffe00128      0x4  LPC24xx_enet.o [1]
  .noinit             uninit   0xffe0012c      0x4  LPC24xx_enet.o [1]
                             - 0xffe00130     0x28

Absolute sections, part 51 of 64:              0x4
  .noinit             uninit   0xffe00ff4      0x4  LPC24xx_enet.o [1]
                             - 0xffe00ff8      0x4

Absolute sections, part 52 of 64:              0x4
  .noinit             uninit   0xffe08000      0x4  sdram_64M_32bit_drv.o [1]
                             - 0xffe08004      0x4

Absolute sections, part 53 of 64:              0xc
  .noinit             uninit   0xffe08020      0x4  sdram_64M_32bit_drv.o [1]
  .noinit             uninit   0xffe08024      0x4  sdram_64M_32bit_drv.o [1]
  .noinit             uninit   0xffe08028      0x4  sdram_64M_32bit_drv.o [1]
                             - 0xffe0802c      0xc

Absolute sections, part 54 of 64:             0x2c
  .noinit             uninit   0xffe08030      0x4  sdram_64M_32bit_drv.o [1]
  .noinit             uninit   0xffe08034      0x4  sdram_64M_32bit_drv.o [1]
  .noinit             uninit   0xffe08038      0x4  sdram_64M_32bit_drv.o [1]
  .noinit             uninit   0xffe0803c      0x4  sdram_64M_32bit_drv.o [1]
  .noinit             uninit   0xffe08040      0x4  sdram_64M_32bit_drv.o [1]
  .noinit             uninit   0xffe08044      0x4  sdram_64M_32bit_drv.o [1]
  .noinit             uninit   0xffe08048      0x4  sdram_64M_32bit_drv.o [1]
  .noinit             uninit   0xffe0804c      0x4  sdram_64M_32bit_drv.o [1]
  .noinit             uninit   0xffe08050      0x4  sdram_64M_32bit_drv.o [1]
  .noinit             uninit   0xffe08054      0x4  sdram_64M_32bit_drv.o [1]
  .noinit             uninit   0xffe08058      0x4  sdram_64M_32bit_drv.o [1]
                             - 0xffe0805c     0x2c

Absolute sections, part 55 of 64:              0x8
  .noinit             uninit   0xffe08100      0x4  sdram_64M_32bit_drv.o [1]
  .noinit             uninit   0xffe08104      0x4  sdram_64M_32bit_drv.o [1]
                             - 0xffe08108      0x8

Absolute sections, part 56 of 64:              0xc
  .noinit             uninit   0xffe10000      0x4  drv_glcd.o [1]
  .noinit             uninit   0xffe10004      0x4  drv_glcd.o [1]
  .noinit             uninit   0xffe10008      0x4  drv_glcd.o [1]
                             - 0xffe1000c      0xc

Absolute sections, part 57 of 64:              0xc
  .noinit             uninit   0xffe10010      0x4  drv_glcd.o [1]
  .noinit             uninit   0xffe10014      0x4  drv_glcd.o [1]
  .noinit             uninit   0xffe10018      0x4  drv_glcd.o [1]
                             - 0xffe1001c      0xc

Absolute sections, part 58 of 64:              0x4
  .noinit             uninit   0xffe10200      0x4  drv_glcd.o [1]
                             - 0xffe10204      0x4

Absolute sections, part 59 of 64:              0x4
  .noinit             uninit   0xffe10c00      0x4  drv_glcd.o [1]
                             - 0xffe10c04      0x4

Absolute sections, part 60 of 64:              0xc
  .noinit             uninit   0xfffff00c      0x4  sys.o [1]
  .noinit             uninit   0xfffff010      0x4  uart.o [1]
  .noinit             uninit   0xfffff014      0x4  sys.o [1]
                             - 0xfffff018      0xc

Absolute sections, part 61 of 64:              0x8
  .noinit             uninit   0xfffff01c      0x4  sys.o [1]
  .noinit             uninit   0xfffff020      0x4  sys.o [1]
                             - 0xfffff024      0x8

Absolute sections, part 62 of 64:              0x4
  .noinit             uninit   0xfffff100      0x4  sys.o [1]
                             - 0xfffff104      0x4

Absolute sections, part 63 of 64:              0x4
  .noinit             uninit   0xfffff200      0x4  sys.o [1]
                             - 0xfffff204      0x4

Absolute sections, part 64 of 64:              0x4
  .noinit             uninit   0xffffff00      0x4  uart.o [1]
                             - 0xffffff04      0x4


*******************************************************************************
*** INIT TABLE
***

          Address     Size
          -------     ----
Zero (__iar_zero_init3)
    1 destination range, total size 0x3934:
          0x4000023c  0x3934

Copy (__iar_copy_init3)
    1 source range, total size 0x11c:
          0x0000003c   0x11c
    1 destination range, total size 0x11c:
          0x40000120   0x11c



*******************************************************************************
*** MODULE SUMMARY
***

    Module                 ro code  ro data  rw data  rw data
                                                       (abs)
    ------                 -------  -------  -------  -------
C:\Users\gedemis\Desktop\31370\31370\Flash Debug\Obj: [1]
    LPC24xx_enet.o           1 384             6 200      116
    ProgressBar.o              314
    ProgressSpinner.o          336
    Terminal_9_12x6.o                 3 116       24
    animation.o                254                 8       16
    clock-arch.o               200                 4       24
    deviceslayout.o          1 644       48       48
    draw.o                     610
    drv_glcd.o               2 812       64       64       52
    drv_touch_scr.o          1 620                24       68
    graph.o                  1 336
    graphlayout.o              664                20
    gui.o                      492
    http-strings.o                      524
    httpd-cgi.o                744      216       52
    httpd-fs.o                 296                 4
    httpd-fsdata.o                    7 864
    httpd.o                  1 492
    layout.o                   148
    learninglayout.o           784       16       16
    main.o                     968        4      112       12
    mainlayout.o                92                 4
    navigationbarlayout.o      444                 4
    next.o                           10 856       28
    parsing.o                  552
    previous.o                       10 860       28
    psock.o                    756
    rtc.o                      136                         24
    sdram_64M_32bit_drv.o      480                         88
    sys.o                      808                        152
    timer.o                     56
    uart.o                     484                52       31
    uip.o                    3 796        8    9 856
    uip_arp.o                1 056               104
    xml.o                    1 164       52    3 964
    ---------------------------------------------------------
    Total:                  25 922   33 628   20 616      583

command line: [2]
    ---------------------------------------------------------
    Total:

dl4t_tln.a: [3]
    XShttio.o                    8        8        8
    abort.o                     12
    div.o                       36
    dlmalloc.o               4 264               492
    errno.o                     16        4        4
    exit.o                      10
    low_level_init.o             4
    putchar.o                   42
    snprintf.o                  72
    strncmp.o                   44
    strrchr.o                   26
    vsprintf.o                  48
    xassert.o                  118
    xgetmemchunk.o              44                 4
    xprintffull.o            3 740
    xreportassert.o            176
    xsnprout.o                  28
    xsprout.o                   10
    xstol.o                    160
    xstoul.o                   380
    xtls.o                       2
    ---------------------------------------------------------
    Total:                   9 240       12      508

m4t_tl.a: [4]
    DblAdd.o                   320
    DblCmpEq.o                  44
    DblCmpGe.o                  56
    DblCmpLe.o                  56
    DblDiv.o                   824
    DblMul.o                   504
    DblSub.o                   496
    DblToS32.o                  96
    DblToU32.o                  60
    S32ToDbl.o                  96
    U32ToDbl.o                  16
    pow.o                    2 216
    sqrt.o                     364
    xdint.o                    140
    xdnorm.o                    72
    xdscale.o                  288
    xdtest.o                    52
    xexp.o                     708
    xlog.o                     168
    ---------------------------------------------------------
    Total:                   6 576

rt4t_al.a: [5]
    ABImemclr.o                  8
    ABImemclr4.o                 8
    ABImemcpy.o                212
    ABImemset.o                124
    ABImemset48.o               72
    I32DivMod.o                468
    I64DivMod.o                212
    I64DivZer.o                  4
    IntDivZer.o                  4
    cexit.o                     16
    cmain.o                     36
    copy_init3.o                48
    cstartup.o                 148
    data_init.o                 50
    iarEdom.o                   24
    memchr.o                   148
    strchr.o                    32
    strcpy.o                   108
    strlen.o                    84
    strncpy.o                  156
    vectortrap.o                 4
    zero_init3.o                42
    ---------------------------------------------------------
    Total:                   2 008

shs_l.a: [6]
    dwrite.o                    36
    exit.o                      32
    iarttio.o                  184
    iarwrite.o                  68
    iarwstd.o                   64
    write.o                     16
    xreturnswi.o                 4
    ---------------------------------------------------------
    Total:                     404

    Gaps                         6                 4
    Linker created             252       36   10 304
-------------------------------------------------------------
    Grand Total:            44 408   33 676   31 432      583


*******************************************************************************
*** ENTRY LIST
***

Entry                      Address    Size  Type      Object
-----                      -------    ----  ----      ------
?main                   0x000130a4          Code  Gb  cmain.o [5]
ADC_Intr_Handler        0x00010a2d   0x1ac  Code  Gb  drv_touch_scr.o [1]
Abort_Handler           0x000131a0          Code  Wk  vectortrap.o [5]
Animation_init          0x0000fd4d    0x5e  Code  Gb  animation.o [1]
Animation_isRunning     0x0000fe1d     0x6  Code  Gb  animation.o [1]
Animation_post          0x0000fdab    0x28  Code  Gb  animation.o [1]
Buffer                  0x40003958    0x2c  Data  Gb  main.o [1]
CLEAR_SCREEN            0x0000da41    0x44  Code  Gb  drv_glcd.o [1]
CSTACK$$Base            0x40003b70           --   Gb  - Linker created -
CSTACK$$Limit           0x40003f70           --   Gb  - Linker created -
CurrX_Size              0x40000154     0x4  Data  Lc  drv_glcd.o [1]
CurrY_Size              0x40000150     0x4  Data  Lc  drv_glcd.o [1]
DRAW_PIXEL              0x0000da19    0x22  Code  Gb  drv_glcd.o [1]
Draw_Circle             0x0000fecf    0x48  Code  Gb  draw.o [1]
Draw_FilledCircle       0x0000ff67    0x74  Code  Gb  draw.o [1]
Draw_FilledRectangle    0x0001005f    0x4e  Code  Gb  draw.o [1]
Draw_Line               0x0000fe4b    0x84  Code  Gb  draw.o [1]
Draw_Rectangle          0x0000ffdb    0x84  Code  Gb  draw.o [1]
EnetDmaRx               0x7fe00000    0x10  Data  Gb  LPC24xx_enet.o [1]
EnetDmaRxSta            0x7fe00020    0x10  Data  Gb  LPC24xx_enet.o [1]
EnetDmaTx               0x7fe00010    0x10  Data  Gb  LPC24xx_enet.o [1]
EnetDmaTxSta            0x7fe00030     0x8  Data  Gb  LPC24xx_enet.o [1]
FIQ_Handler             0x0000e070     0x4  Code  Gb  sys.o [1]
FIQ_STACK$$Base         0x40004370           --   Gb  - Linker created -
FIQ_STACK$$Limit        0x400043b0           --   Gb  - Linker created -
GLCD_Ctrl               0x0000d821    0xa0  Code  Gb  drv_glcd.o [1]
GLCD_Cursor_Dis         0x0000d58d     0xc  Code  Gb  drv_glcd.o [1]
GLCD_Init               0x0000d599   0x24c  Code  Gb  drv_glcd.o [1]
GLCD_LoadPic            0x0000dffb    0x70  Code  Gb  drv_glcd.o [1]
GLCD_SetFont            0x0000d8c5     0xa  Code  Gb  drv_glcd.o [1]
GLCD_SetWindow          0x0000d8e5    0x80  Code  Gb  drv_glcd.o [1]
GLCD_TextSetPos         0x0000da0d     0x8  Code  Gb  drv_glcd.o [1]
GLCD_print              0x0000dfcb    0x30  Code  Gb  drv_glcd.o [1]
GLCD_putchar            0x0000da91   0x53a  Code  Gb  drv_glcd.o [1]
GUI_drawWindow          0x0000fa9f    0xe8  Code  Gb  gui.o [1]
GUI_initPictureWindow   0x0000fa31    0x2a  Code  Gb  gui.o [1]
GUI_initRectangleWindow
                        0x0000fa5b    0x38  Code  Gb  gui.o [1]
GUI_onTouch             0x0000fbdb    0x40  Code  Gb  gui.o [1]
GUI_setHidden           0x0000fb99    0x42  Code  Gb  gui.o [1]
GUI_setOnClick          0x0000fa97     0x8  Code  Gb  gui.o [1]
GUI_setText             0x0000fa93     0x4  Code  Gb  gui.o [1]
GpioInit                0x0000e2f9    0x46  Code  Gb  sys.o [1]
Graph_addPoint          0x00010661    0x2c  Code  Gb  graph.o [1]
Graph_draw              0x00010371   0x240  Code  Gb  graph.o [1]
Graph_getPixelYCoord    0x000105c5    0x9c  Code  Gb  graph.o [1]
Graph_init              0x000101d1   0x19a  Code  Gb  graph.o [1]
Graph_plotPoints        0x0001068d    0x6e  Code  Gb  graph.o [1]
HEAP$$Base              0x400043b0           --   Gb  - Linker created -
HEAP$$Limit             0x400063b0           --   Gb  - Linker created -
IRQ_Handler             0x0000e074    0x2c  Code  Gb  sys.o [1]
IRQ_STACK$$Base         0x40003f70           --   Gb  - Linker created -
IRQ_STACK$$Limit        0x40004370           --   Gb  - Linker created -
InitClock               0x0000e0f3   0x11a  Code  Gb  sys.o [1]
LCD_LPBASE              0xffe10014     0x4  Data  Gb  drv_glcd.o [1]
LCD_PAL_BASE            0xffe10200     0x4  Data  Gb  drv_glcd.o [1]
LCD_UPBASE              0xffe10010     0x4  Data  Gb  drv_glcd.o [1]
Layout_addWindow        0x0000f9b1    0x10  Code  Gb  layout.o [1]
Layout_dispatchTouch    0x0000f9ff    0x32  Code  Gb  layout.o [1]
Layout_drawWindows      0x0000f9db    0x24  Code  Gb  layout.o [1]
Layout_getWindow        0x0000f9d3     0x8  Code  Gb  layout.o [1]
Layout_initLayout       0x0000f99d    0x14  Code  Gb  layout.o [1]
Layout_removeWindow     0x0000f9c1    0x12  Code  Gb  layout.o [1]
OnTouchIntr_Handler     0x000109a5    0x70  Code  Gb  drv_touch_scr.o [1]
Parsing_parse           0x0001271d   0x228  Code  Gb  parsing.o [1]
Prefetch_Handler        0x000131a0          Code  Wk  vectortrap.o [5]
ProgressBar_DrawFull    0x000100e1    0x5e  Code  Gb  ProgressBar.o [1]
ProgressBar_Init        0x000100ad    0x34  Code  Gb  ProgressBar.o [1]
ProgressBar_Update      0x00010145    0x8a  Code  Gb  ProgressBar.o [1]
ProgressSpinner_Init    0x0000fc1d    0x3c  Code  Gb  ProgressSpinner.o [1]
ProgressSpinner_Update  0x0000fc59    0xee  Code  Gb  ProgressSpinner.o [1]
RTC_getHours            0x0000ab93     0xa  Code  Gb  rtc.o [1]
RTC_getMinutes          0x0000ab89     0xa  Code  Gb  rtc.o [1]
RTC_getSeconds          0x0000ab7f     0xa  Code  Gb  rtc.o [1]
RTC_init                0x0000ab49    0x36  Code  Gb  rtc.o [1]
RTC_setTime             0x0000ab9d    0x1e  Code  Gb  rtc.o [1]
RXDESCRIPTOR            0xffe00108     0x4  Data  Gb  LPC24xx_enet.o [1]
RXSTATUS                0xffe0010c     0x4  Data  Gb  LPC24xx_enet.o [1]
Region$$Table$$Base     0x00013174           --   Gb  - Linker created -
Region$$Table$$Limit    0x00013198           --   Gb  - Linker created -
RxBuff0                 0x7fe00038   0x600  Data  Gb  LPC24xx_enet.o [1]
RxBuff1                 0x7fe00638   0x600  Data  Gb  LPC24xx_enet.o [1]
RxFlag                  0x40003acc     0x1  Data  Gb  uart.o [1]
SDRAM_BASE_ADDR {Abs}   0xa0000000           --   Gb  command line/config [2]
SDRAM_Init              0x00012945   0x19e  Code  Gb  sdram_64M_32bit_drv.o [1]
SWI_Handler             0x000131a0          Code  Wk  vectortrap.o [5]
SYS_GetFpclk            0x0000e26d    0x88  Code  Gb  sys.o [1]
SYS_GetFsclk            0x0000e20d    0x60  Code  Gb  sys.o [1]
Samples                 0x40003b14     0x4  Data  Lc  drv_touch_scr.o [1]
State                   0x40003b00     0x1  Data  Lc  drv_touch_scr.o [1]
T0MR0                   0xe0004018     0x4  Data  Gb  clock-arch.o [1]
T0PR                    0xe000400c     0x4  Data  Gb  clock-arch.o [1]
T1MR0                   0xe0008018     0x4  Data  Gb  drv_touch_scr.o [1]
T1PR                    0xe000800c     0x4  Data  Gb  drv_touch_scr.o [1]
T2MR0                   0xe0070018     0x4  Data  Gb  animation.o [1]
TXDESCRIPTOR            0xffe0011c     0x4  Data  Gb  LPC24xx_enet.o [1]
TXSTATUS                0xffe00120     0x4  Data  Gb  LPC24xx_enet.o [1]
TabSize                 0x40000144     0x4  Data  Lc  drv_glcd.o [1]
Terminal_9_12_6         0x400001ec    0x18  Data  Gb  Terminal_9_12x6.o [1]
TextBackgndColour       0x40000128     0x4  Data  Lc  drv_glcd.o [1]
TextColour              0x40000124     0x4  Data  Lc  drv_glcd.o [1]
TextStream              0x0000c98c   0xc00  Data  Lc  Terminal_9_12x6.o [1]
TextX_Pos               0x4000012c     0x4  Data  Lc  drv_glcd.o [1]
TextY_Pos               0x40000130     0x4  Data  Lc  drv_glcd.o [1]
Ticks                   0x40003b54     0x4  Data  Gb  clock-arch.o [1]
Timer0IntrHandler       0x00011c8d    0x1c  Code  Lc  clock-arch.o [1]
Timer2IntrHandler       0x0000fdd3    0x4a  Code  Gb  animation.o [1]
TimerIntr_Handler       0x000108dd    0xc8  Code  Gb  drv_touch_scr.o [1]
Touch                   0x40003b0c     0x4  Data  Lc  drv_touch_scr.o [1]
TouchGet                0x00010e19    0x60  Code  Gb  drv_touch_scr.o [1]
TouchScrInit            0x00010c5d   0x1b4  Code  Gb  drv_touch_scr.o [1]
Touch_temp              0x40003b10     0x4  Data  Lc  drv_touch_scr.o [1]
TxBuff0                 0x7fe00c38   0x600  Data  Gb  LPC24xx_enet.o [1]
TxBuff1                 0x7fe01238   0x600  Data  Gb  LPC24xx_enet.o [1]
U0RBRTHR                0xe000c000     0x1  Data  Gb  uart.o [1]
UART_Buffer             0x40003ad0    0x2c  Data  Lc  uart.o [1]
UART_Check              0x00011d79    0x3a  Code  Gb  uart.o [1]
UART_init               0x00011dfb   0x13e  Code  Gb  uart.o [1]
Uart0Isr                0x00011db3    0x48  Code  Lc  uart.o [1]
Undefined_Handler       0x000131a0          Code  Wk  vectortrap.o [5]
VICADDRESS              0xffffff00     0x4  Data  Gb  uart.o [1]
VICVECTADDR0            0xfffff100     0x4  Data  Gb  sys.o [1]
VIC_Init                0x0000e0a1    0x36  Code  Gb  sys.o [1]
VIC_SetVectoredIRQ      0x0000e0d7    0x1c  Code  Gb  sys.o [1]
WindX_Size              0x4000014c     0x4  Data  Lc  drv_glcd.o [1]
WindY_Size              0x40000148     0x4  Data  Lc  drv_glcd.o [1]
X                       0x40003b02     0x2  Data  Lc  drv_touch_scr.o [1]
XL_Win                  0x40000134     0x4  Data  Lc  drv_glcd.o [1]
XML_Data                0x4000221c   0xe44  Data  Lc  xml.o [1]
XML_Data_Length         0x40000224     0x4  Data  Lc  xml.o [1]
XML_Devices             0x40003828   0x12c  Data  Lc  xml.o [1]
XML_Devices_Length      0x40000228     0x4  Data  Lc  xml.o [1]
XML_addDevice           0x0000a929   0x104  Code  Gb  xml.o [1]
XML_addMeasurement      0x0000a735   0x1e8  Code  Gb  xml.o [1]
XML_addNode             0x0000a645    0xe4  Code  Lc  xml.o [1]
XML_clearDevices        0x0000aa2d     0x8  Code  Gb  xml.o [1]
XML_endTag              0x0000a625    0x20  Code  Lc  xml.o [1]
XML_getContent          0x0000aa35    0x14  Code  Gb  xml.o [1]
XML_getLength           0x0000aa49    0x18  Code  Gb  xml.o [1]
XML_resetData           0x0000a60d    0x18  Code  Gb  xml.o [1]
XR_Win                  0x4000013c     0x4  Data  Lc  drv_glcd.o [1]
X_temp                  0x40003b06     0x2  Data  Lc  drv_touch_scr.o [1]
Y                       0x40003b04     0x2  Data  Lc  drv_touch_scr.o [1]
YD_Win                  0x40000140     0x4  Data  Lc  drv_glcd.o [1]
YU_Win                  0x40000138     0x4  Data  Lc  drv_glcd.o [1]
Y_temp                  0x40003b08     0x2  Data  Lc  drv_touch_scr.o [1]
_A_AD0CR                0xe0034000     0x4  Data  Gb  drv_touch_scr.o [1]
_A_AD0GDR               0xe0034004     0x4  Data  Gb  drv_touch_scr.o [1]
_A_ADINTEN              0xe003400c     0x4  Data  Gb  drv_touch_scr.o [1]
_A_ADSTAT               0xe0034030     0x4  Data  Gb  drv_touch_scr.o [1]
_A_AHBCFG1              0xe01fc188     0x4  Data  Gb  sys.o [1]
_A_CCLKCFG              0xe01fc104     0x4  Data  Gb  sys.o [1]
_A_CCR                  0xe0024008     0x4  Data  Gb  rtc.o [1]
_A_CIIR                 0xe002400c     0x4  Data  Gb  rtc.o [1]
_A_CISS                 0xe0024040     0x4  Data  Gb  rtc.o [1]
_A_CLKSRCSEL            0xe01fc10c     0x4  Data  Gb  sys.o [1]
_A_CLRT                 0xffe00010     0x4  Data  Gb  LPC24xx_enet.o [1]
_A_COMMAND              0xffe00100     0x4  Data  Gb  LPC24xx_enet.o [1]
_A_CRSR_CTRL            0xffe10c00     0x4  Data  Gb  drv_glcd.o [1]
_A_EMCCONTROL           0xffe08000     0x4  Data  Gb  sdram_64M_32bit_drv.o [1]
_A_EMCDINAMICCTRL       0xffe08020     0x4  Data  Gb  sdram_64M_32bit_drv.o [1]
_A_EMCDINAMICRDCFG      0xffe08028     0x4  Data  Gb  sdram_64M_32bit_drv.o [1]
_A_EMCDINAMICRFR        0xffe08024     0x4  Data  Gb  sdram_64M_32bit_drv.o [1]
_A_EMCDYNAMICAPR        0xffe0803c     0x4  Data  Gb  sdram_64M_32bit_drv.o [1]
_A_EMCDYNAMICCFG0       0xffe08100     0x4  Data  Gb  sdram_64M_32bit_drv.o [1]
_A_EMCDYNAMICDAL        0xffe08040     0x4  Data  Gb  sdram_64M_32bit_drv.o [1]
_A_EMCDYNAMICMRD        0xffe08058     0x4  Data  Gb  sdram_64M_32bit_drv.o [1]
_A_EMCDYNAMICRAS        0xffe08034     0x4  Data  Gb  sdram_64M_32bit_drv.o [1]
_A_EMCDYNAMICRASCAS0    0xffe08104     0x4  Data  Gb  sdram_64M_32bit_drv.o [1]
_A_EMCDYNAMICRC         0xffe08048     0x4  Data  Gb  sdram_64M_32bit_drv.o [1]
_A_EMCDYNAMICRFC        0xffe0804c     0x4  Data  Gb  sdram_64M_32bit_drv.o [1]
_A_EMCDYNAMICRP         0xffe08030     0x4  Data  Gb  sdram_64M_32bit_drv.o [1]
_A_EMCDYNAMICRRD        0xffe08054     0x4  Data  Gb  sdram_64M_32bit_drv.o [1]
_A_EMCDYNAMICSREX       0xffe08038     0x4  Data  Gb  sdram_64M_32bit_drv.o [1]
_A_EMCDYNAMICWR         0xffe08044     0x4  Data  Gb  sdram_64M_32bit_drv.o [1]
_A_EMCDYNAMICXSR        0xffe08050     0x4  Data  Gb  sdram_64M_32bit_drv.o [1]
_A_EXTINT               0xe01fc140     0x4  Data  Gb  drv_touch_scr.o [1]
_A_FIO0CLR              0x3fffc01c     0x4  Data  Gb  drv_touch_scr.o [1]
_A_FIO0DIR              0x3fffc000     0x4  Data  Gb  sys.o [1]
_A_FIO0MASK             0x3fffc010     0x4  Data  Gb  sys.o [1]
_A_FIO0PIN              0x3fffc014     0x4  Data  Gb  drv_touch_scr.o [1]
_A_FIO0SET              0x3fffc018     0x4  Data  Gb  drv_touch_scr.o [1]
_A_FIO1DIR              0x3fffc020     0x4  Data  Gb  sys.o [1]
_A_FIO1MASK             0x3fffc030     0x4  Data  Gb  sys.o [1]
_A_FIO1SET              0x3fffc038     0x4  Data  Gb  main.o [1]
_A_FIO2DIR              0x3fffc040     0x4  Data  Gb  sys.o [1]
_A_FIO2MASK             0x3fffc050     0x4  Data  Gb  sys.o [1]
_A_FIO3DIR              0x3fffc060     0x4  Data  Gb  sys.o [1]
_A_FIO3MASK             0x3fffc070     0x4  Data  Gb  sys.o [1]
_A_FIO4DIR              0x3fffc080     0x4  Data  Gb  sys.o [1]
_A_FIO4MASK             0x3fffc090     0x4  Data  Gb  sys.o [1]
_A_HOUR                 0xe0024028     0x4  Data  Gb  rtc.o [1]
_A_IO0DIR               0xe0028008     0x4  Data  Gb  sys.o [1]
_A_IO0INTCLR            0xe002808c     0x4  Data  Gb  drv_touch_scr.o [1]
_A_IO0INTENR            0xe0028090     0x4  Data  Gb  drv_touch_scr.o [1]
_A_IO1DIR               0xe0028018     0x4  Data  Gb  sys.o [1]
_A_IPGR                 0xffe0000c     0x4  Data  Gb  LPC24xx_enet.o [1]
_A_IPGT                 0xffe00008     0x4  Data  Gb  LPC24xx_enet.o [1]
_A_LCD_CFG              0xe01fc1b8     0x4  Data  Gb  drv_glcd.o [1]
_A_LCD_CTRL             0xffe10018     0x4  Data  Gb  drv_glcd.o [1]
_A_LCD_POL              0xffe10008     0x4  Data  Gb  drv_glcd.o [1]
_A_LCD_TIMH             0xffe10000     0x4  Data  Gb  drv_glcd.o [1]
_A_LCD_TIMV             0xffe10004     0x4  Data  Gb  drv_glcd.o [1]
_A_MAC1                 0xffe00000     0x4  Data  Gb  LPC24xx_enet.o [1]
_A_MAC2                 0xffe00004     0x4  Data  Gb  LPC24xx_enet.o [1]
_A_MADR                 0xffe00028     0x4  Data  Gb  LPC24xx_enet.o [1]
_A_MAMCR                0xe01fc000     0x4  Data  Gb  main.o [1]
_A_MAMTIM               0xe01fc004     0x4  Data  Gb  main.o [1]
_A_MAXF                 0xffe00014     0x4  Data  Gb  LPC24xx_enet.o [1]
_A_MCFG                 0xffe00020     0x4  Data  Gb  LPC24xx_enet.o [1]
_A_MCMD                 0xffe00024     0x4  Data  Gb  LPC24xx_enet.o [1]
_A_MIN                  0xe0024024     0x4  Data  Gb  rtc.o [1]
_A_MIND                 0xffe00034     0x4  Data  Gb  LPC24xx_enet.o [1]
_A_MRDD                 0xffe00030     0x4  Data  Gb  LPC24xx_enet.o [1]
_A_MWTD                 0xffe0002c     0x4  Data  Gb  LPC24xx_enet.o [1]
_A_PCLKSEL0             0xe01fc1a8     0x4  Data  Gb  sys.o [1]
_A_PCLKSEL1             0xe01fc1ac     0x4  Data  Gb  sys.o [1]
_A_PCONP                0xe01fc0c4     0x4  Data  Gb  uart.o [1]
_A_PINMODE0             0xe002c040     0x4  Data  Gb  drv_glcd.o [1]
_A_PINMODE1             0xe002c044     0x4  Data  Gb  drv_touch_scr.o [1]
_A_PINMODE3             0xe002c04c     0x4  Data  Gb  drv_glcd.o [1]
_A_PINMODE4             0xe002c050     0x4  Data  Gb  drv_glcd.o [1]
_A_PINMODE5             0xe002c054     0x4  Data  Gb  sdram_64M_32bit_drv.o [1]
_A_PINMODE6             0xe002c058     0x4  Data  Gb  sdram_64M_32bit_drv.o [1]
_A_PINMODE7             0xe002c05c     0x4  Data  Gb  sdram_64M_32bit_drv.o [1]
_A_PINMODE8             0xe002c060     0x4  Data  Gb  sdram_64M_32bit_drv.o [1]
_A_PINMODE9             0xe002c064     0x4  Data  Gb  sdram_64M_32bit_drv.o [1]
_A_PINSEL0              0xe002c000     0x4  Data  Gb  uart.o [1]
_A_PINSEL1              0xe002c004     0x4  Data  Gb  sys.o [1]
_A_PINSEL11             0xe002c02c     0x4  Data  Gb  drv_glcd.o [1]
_A_PINSEL2              0xe002c008     0x4  Data  Gb  sys.o [1]
_A_PINSEL3              0xe002c00c     0x4  Data  Gb  sys.o [1]
_A_PINSEL4              0xe002c010     0x4  Data  Gb  sys.o [1]
_A_PINSEL5              0xe002c014     0x4  Data  Gb  sys.o [1]
_A_PINSEL6              0xe002c018     0x4  Data  Gb  sys.o [1]
_A_PINSEL7              0xe002c01c     0x4  Data  Gb  sys.o [1]
_A_PINSEL8              0xe002c020     0x4  Data  Gb  sys.o [1]
_A_PINSEL9              0xe002c024     0x4  Data  Gb  sys.o [1]
_A_PLLCFG               0xe01fc084     0x4  Data  Gb  sys.o [1]
_A_PLLCON               0xe01fc080     0x4  Data  Gb  sys.o [1]
_A_PLLFEED              0xe01fc08c     0x4  Data  Gb  sys.o [1]
_A_PLLSTAT              0xe01fc088     0x4  Data  Gb  sys.o [1]
_A_POWERDOWN            0xffe00ff4     0x4  Data  Gb  LPC24xx_enet.o [1]
_A_RXCONSUMEINDEX       0xffe00118     0x4  Data  Gb  LPC24xx_enet.o [1]
_A_RXDESCRIPTORNUMBER   0xffe00110     0x4  Data  Gb  LPC24xx_enet.o [1]
_A_RXPRODUCEINDEX       0xffe00114     0x4  Data  Gb  LPC24xx_enet.o [1]
_A_SA0                  0xffe00040     0x4  Data  Gb  LPC24xx_enet.o [1]
_A_SA1                  0xffe00044     0x4  Data  Gb  LPC24xx_enet.o [1]
_A_SA2                  0xffe00048     0x4  Data  Gb  LPC24xx_enet.o [1]
_A_SCS                  0xe01fc1a0     0x4  Data  Gb  sys.o [1]
_A_SEC                  0xe0024020     0x4  Data  Gb  rtc.o [1]
_A_SUPP                 0xffe00018     0x4  Data  Gb  LPC24xx_enet.o [1]
_A_T0CTCR               0xe0004070     0x4  Data  Gb  clock-arch.o [1]
_A_T0IR                 0xe0004000     0x4  Data  Gb  clock-arch.o [1]
_A_T0MCR                0xe0004014     0x4  Data  Gb  clock-arch.o [1]
_A_T0TCR                0xe0004004     0x4  Data  Gb  clock-arch.o [1]
_A_T1CTCR               0xe0008070     0x4  Data  Gb  drv_touch_scr.o [1]
_A_T1IR                 0xe0008000     0x4  Data  Gb  drv_touch_scr.o [1]
_A_T1MCR                0xe0008014     0x4  Data  Gb  drv_touch_scr.o [1]
_A_T1TCR                0xe0008004     0x4  Data  Gb  drv_touch_scr.o [1]
_A_T2IR                 0xe0070000     0x4  Data  Gb  animation.o [1]
_A_T2MCR                0xe0070014     0x4  Data  Gb  animation.o [1]
_A_T2TCR                0xe0070004     0x4  Data  Gb  animation.o [1]
_A_TEST                 0xffe0001c     0x4  Data  Gb  LPC24xx_enet.o [1]
_A_TXCONSUMEINDEX       0xffe0012c     0x4  Data  Gb  LPC24xx_enet.o [1]
_A_TXDESCRIPTORNUMBER   0xffe00124     0x4  Data  Gb  LPC24xx_enet.o [1]
_A_TXPRODUCEINDEX       0xffe00128     0x4  Data  Gb  LPC24xx_enet.o [1]
_A_U0FCR                0xe000c008     0x4  Data  Gb  uart.o [1]
_A_U0FDR                0xe000c028     0x4  Data  Gb  uart.o [1]
_A_U0IER                0xe000c004     0x4  Data  Gb  uart.o [1]
_A_U0LCR                0xe000c00c     0x1  Data  Gb  uart.o [1]
_A_U0TER                0xe000c030     0x1  Data  Gb  uart.o [1]
_A_USBCLKCFG            0xe01fc108     0x4  Data  Gb  sys.o [1]
_A_VICINTENABLE         0xfffff010     0x4  Data  Gb  uart.o [1]
_A_VICINTENCLEAR        0xfffff014     0x4  Data  Gb  sys.o [1]
_A_VICINTSELECT         0xfffff00c     0x4  Data  Gb  sys.o [1]
_A_VICPROTECTION        0xfffff020     0x4  Data  Gb  sys.o [1]
_A_VICSOFTINTCLEAR      0xfffff01c     0x4  Data  Gb  sys.o [1]
_A_VICVECTPRIORITY0     0xfffff200     0x4  Data  Gb  sys.o [1]
_GenldFull              0x0000bc79   0x2c0  Code  Lc  xprintffull.o [3]
_LdtobFull              0x0000b7c5   0x49e  Code  Lc  xprintffull.o [3]
_LitobFull              0x0000b6a3   0x11e  Code  Lc  xprintffull.o [3]
_PrintfFull             0x0000b0f1   0x5b2  Code  Gb  xprintffull.o [3]
_PutcharsFull           0x0000bf39    0x36  Code  Lc  xprintffull.o [3]
_SNProut                0x0000e5fd    0x1c  Code  Gb  xsnprout.o [3]
_SProut                 0x0000e42b     0xa  Code  Gb  xsprout.o [3]
__aeabi_assert          0x0000e3b7    0x74  Code  Gb  xassert.o [3]
__aeabi_cdcmpeq         0x0000ef50          Code  Gb  DblCmpEq.o [4]
__aeabi_cdcmple         0x0000abd4          Code  Gb  DblCmpLe.o [4]
__aeabi_cdrcmple        0x0000c28c          Code  Gb  DblCmpGe.o [4]
__aeabi_d2iz            0x0000ae0c          Code  Gb  DblToS32.o [4]
__aeabi_d2uiz           0x0000c8fc          Code  Gb  DblToU32.o [4]
__aeabi_dadd            0x0000bf90          Code  Gb  DblAdd.o [4]
__aeabi_ddiv            0x0000c5c0          Code  Gb  DblDiv.o [4]
__aeabi_dmul            0x0000ac10          Code  Gb  DblMul.o [4]
__aeabi_dsub            0x0000aed4          Code  Gb  DblSub.o [4]
__aeabi_errno_addr      0x0000ef7d     0xc  Code  Gb  errno.o [3]
__aeabi_i2d             0x0000ae70          Code  Gb  S32ToDbl.o [4]
__aeabi_idiv            0x0000c3e8          Code  Gb  I32DivMod.o [5]
__aeabi_idiv0           0x0000c974          Code  Gb  IntDivZer.o [5]
__aeabi_idivmod         0x0000c3e8          Code  Gb  I32DivMod.o [5]
__aeabi_ldiv0           0x0000c970          Code  Gb  I64DivZer.o [5]
__aeabi_memclr          0x000118cc          Code  Gb  ABImemclr.o [5]
__aeabi_memclr4         0x000096e4          Code  Gb  ABImemclr4.o [5]
__aeabi_memcpy          0x00008648          Code  Gb  ABImemcpy.o [5]
__aeabi_memcpy4         0x0000866c          Code  Gb  ABImemcpy.o [5]
__aeabi_memcpy8         0x0000866c          Code  Gb  ABImemcpy.o [5]
__aeabi_memset          0x0000aacc          Code  Gb  ABImemset.o [5]
__aeabi_memset4         0x00009cc4          Code  Gb  ABImemset48.o [5]
__aeabi_memset8         0x00009cc4          Code  Gb  ABImemset48.o [5]
__aeabi_ui2d            0x0000c93c          Code  Gb  U32ToDbl.o [4]
__aeabi_uidiv           0x0000c418          Code  Gb  I32DivMod.o [5]
__aeabi_uidivmod        0x0000c418          Code  Gb  I32DivMod.o [5]
__aeabi_uldivmod        0x0000c16c          Code  Gb  I64DivMod.o [5]
__cmain                 0x000130a4          Code  Gb  cmain.o [5]
__data_GetMemChunk      0x00008619    0x2c  Code  Gb  xgetmemchunk.o [3]
__dwrite                0x0000e554    0x24  Code  Gb  dwrite.o [6]
__exit                  0x00008720    0x20  Code  Gb  exit.o [6]
__iar_Dint              0x0000eec1    0x8c  Code  Gb  xdint.o [4]
__iar_Dnorm             0x0000c241    0x48  Code  Gb  xdnorm.o [4]
__iar_Dscale            0x0000c2c5   0x120  Code  Gb  xdscale.o [4]
__iar_Dtest             0x0000f2fd    0x34  Code  Gb  xdtest.o [4]
__iar_EmptyStepPoint    0x0000e3b5     0x2  Code  Gb  xassert.o [3]
__iar_Errno             0x40000238     0x4  Data  Gb  errno.o [3]
__iar_Exp               0x0000f035   0x2c4  Code  Gb  xexp.o [4]
__iar_Logpoly           0x0000ef8d    0x70  Code  Gb  xlog.o [4]
__iar_Memchr            0x0000c0d4          Code  Gb  memchr.o [5]
__iar_Memset            0x0000aacc          Code  Gb  ABImemset.o [5]
__iar_Memset4_word      0x00009cd0          Code  Gb  ABImemset48.o [5]
__iar_Memset8_word      0x00009cd0          Code  Gb  ABImemset48.o [5]
__iar_Memset_word       0x0000aad8          Code  Gb  ABImemset.o [5]
__iar_ReportAssert      0x0000e47d    0x5e  Code  Gb  xreportassert.o [3]
__iar_Stolx             0x00012b51    0xa0  Code  Gb  xstol.o [3]
__iar_Stoulx            0x00012bf1   0x12c  Code  Gb  xstoul.o [3]
__iar_Strchr            0x0000a414          Code  Gb  strchr.o [5]
__iar_Strrchr           0x0000a48d    0x1a  Code  Gb  strrchr.o [3]
__iar_close_ttio        0x0000874c    0x58  Code  Gb  iarttio.o [6]
__iar_copy_init3        0x0001311d    0x30  Code  Gb  copy_init3.o [5]
__iar_dadd              0x0000bfa0          Code  Gb  DblAdd.o [4]
__iar_data_init3        0x000130cd    0x30  Code  Gb  data_init.o [5]
__iar_div_hw_5          0x0001070c          Code  Gb  ProgressSpinner.o [1]
__iar_div_w_10          0x0000b0c8          Code  Gb  xml.o [1]
__iar_div_w_1000        0x000108a0          Code  Gb  ProgressBar.o [1]
__iar_divu_w_100        0x00012b3c          Code  Gb  clock-arch.o [1]
__iar_divu_w_1000000    0x00010ef8          Code  Gb  drv_touch_scr.o [1]
__iar_divu_w_49600      0x00010f28          Code  Gb  drv_touch_scr.o [1]
__iar_divu_w_500000     0x00010ee0          Code  Gb  drv_touch_scr.o [1]
__iar_divu_w_52160      0x00010f10          Code  Gb  drv_touch_scr.o [1]
__iar_divu_w_6400000    0x0000e39c          Code  Gb  drv_glcd.o [1]
__iar_dlib_perthread_access
                        0x0000f2f9     0x2  Code  Gb  xtls.o [3]
__iar_dlmalloc          0x0000831f   0x2e8  Code  Gb  dlmalloc.o [3]
__iar_dsub              0x0000aee4          Code  Gb  DblSub.o [4]
__iar_dsubStart         0x0000af04          Code  Gb  DblSub.o [4]
__iar_edom              0x000108c4          Code  Gb  iarEdom.o [5]
__iar_enable_interrupt  0x00012b28          Code  Gb  main.o [1]
__iar_get_ttio          0x000087a4    0x5c  Code  Gb  iarttio.o [6]
__iar_i2d               0x0000ae84          Code  Gb  S32ToDbl.o [4]
__iar_lookup_ttioh      0x00008805     0x8  Code  Gb  XShttio.o [3]
__iar_program_start     0x0001301c          Code  Gb  cstartup.o [5]
__iar_return_from_swi   0x000131a4     0x4  Code  Gb  xreturnswi.o [6]
__iar_sh_stdout         0x0000e578    0x40  Code  Gb  iarwstd.o [6]
__iar_sh_write          0x0000e5b8    0x44  Code  Gb  iarwrite.o [6]
__iar_sqrt              0x00010730          Code  Gb  sqrt.o [4]
__iar_ttio_handles      0x40000230     0x8  Data  Lc  XShttio.o [3]
__iar_zero_init3        0x0000a4d3    0x2a  Code  Gb  zero_init3.o [5]
__low_level_init        0x000130c9     0x4  Code  Gb  low_level_init.o [3]
__vector                0x00000000          Data  Gb  cstartup.o [5]
__write                 0x0000e544    0x10  Code  Gb  write.o [6]
_call_main              0x000130b4          Code  Gb  cmain.o [5]
_exit                   0x0001310c          Code  Gb  cexit.o [5]
_gm_                    0x40003654   0x1d4  Data  Lc  dlmalloc.o [3]
_main                   0x000130bc          Code  Gb  cmain.o [5]
abort                   0x0000860d     0xc  Code  Gb  abort.o [3]
activeGraph             0x40003b3c     0x4  Data  Gb  graphlayout.o [1]
addDevice               0x0000f411   0x122  Code  Gb  deviceslayout.o [1]
addToWord               0x000123f7    0x3e  Code  Lc  learninglayout.o [1]
animationHolder         0x40003b48     0x4  Data  Lc  animation.o [1]
arp_table               0x40003a2c    0x60  Data  Lc  uip_arp.o [1]
arptime                 0x40003b4d     0x1  Data  Lc  uip_arp.o [1]
broadcast_ethaddr       0x000118c0     0x8  Data  Lc  uip_arp.o [1]
c                       0x400039d0     0x1  Data  Lc  uip.o [1]
calls                   0x40000204    0x10  Data  Lc  httpd-cgi.o [1]
changeToCurrent         0x0001263d    0x54  Code  Gb  graphlayout.o [1]
changeToPower           0x00012691    0x56  Code  Gb  graphlayout.o [1]
changeToVoltage         0x000125e7    0x56  Code  Gb  graphlayout.o [1]
checkDevices            0x0000f581   0x3ee  Code  Gb  deviceslayout.o [1]
chksum                  0x00008867    0x48  Code  Lc  uip.o [1]
clearDevices            0x0000f533    0x3e  Code  Gb  deviceslayout.o [1]
clock_init              0x00011ca9    0x7c  Code  Gb  clock-arch.o [1]
clock_time              0x00011d25     0x6  Code  Gb  clock-arch.o [1]
closed                  0x00012fb8     0x8  Data  Lc  httpd-cgi.o [1]
closing                 0x00012ffc     0x8  Data  Lc  httpd-cgi.o [1]
count                   0x40003b58     0x4  Data  Lc  httpd-fs.o [1]
crp                     0x000001fc     0x4  Data  Gb  main.o [1]
currentGraph            0x40003b34     0x4  Data  Gb  graphlayout.o [1]
currentLayout           0x400039b0     0x4  Data  Gb  main.o [1]
data_404_html           0x00007480    0xac  Data  Lc  httpd-fsdata.o [1]
data_acked              0x00009e6f    0x46  Code  Lc  psock.o [1]
data_index_html         0x0000569c  0x1de4  Data  Lc  httpd-fsdata.o [1]
deviceStates            0x40000163     0x1  Data  Lc  deviceslayout.o [1]
devices                 0x4000016c    0x18  Data  Lc  deviceslayout.o [1]
devicesLayout           0x400039c0     0x4  Data  Gb  main.o [1]
digits                  0x00012d1c    0x28  Data  Lc  xstoul.o [3]
div                     0x0000c94d    0x24  Code  Gb  div.o [3]
doLearn                 0x00012253   0x118  Code  Gb  learninglayout.o [1]
edgeDetected            0x40000161     0x1  Data  Lc  deviceslayout.o [1]
established             0x00012fd8     0xc  Data  Lc  httpd-cgi.o [1]
exit                    0x000130ff     0xa  Code  Gb  exit.o [3]
file                    0x00012fa0     0x8  Data  Lc  httpd-cgi.o [1]
file_404_html           0x00007540    0x14  Data  Gb  httpd-fsdata.o [1]
file_index_html         0x0000752c    0x14  Data  Gb  httpd-fsdata.o [1]
file_stats              0x0000a191    0x46  Code  Lc  httpd-cgi.o [1]
fin_wait_1              0x00012fe4     0xc  Data  Lc  httpd-cgi.o [1]
fin_wait_2              0x00012ff0     0xc  Data  Lc  httpd-cgi.o [1]
generate_file_stats     0x0000a171    0x20  Code  Lc  httpd-cgi.o [1]
generate_net_stats      0x0000a301    0x26  Code  Lc  httpd-cgi.o [1]
generate_part_of_file   0x000096ed    0x30  Code  Lc  httpd.o [1]
generate_tcp_stats      0x0000a1d9    0xc0  Code  Lc  httpd-cgi.o [1]
graphLayout             0x400039bc     0x4  Data  Gb  main.o [1]
handle_input            0x00009aed    0xda  Code  Lc  httpd.o [1]
handle_output           0x000099e9    0xfc  Code  Lc  httpd.o [1]
handle_script           0x0000971d   0x162  Code  Lc  httpd.o [1]
htons                   0x0000969d     0xc  Code  Gb  uip.o [1]
http_404_html           0x00012d80     0xc  Data  Gb  http-strings.o [1]
http_content_type_binary
                        0x00012f14    0x2c  Data  Gb  http-strings.o [1]
http_content_type_css   0x00012e84    0x1c  Data  Gb  http-strings.o [1]
http_content_type_gif   0x00012ebc    0x1c  Data  Gb  http-strings.o [1]
http_content_type_html  0x00012e68    0x1c  Data  Gb  http-strings.o [1]
http_content_type_jpg   0x00012ed8    0x20  Data  Gb  http-strings.o [1]
http_content_type_plain
                        0x00012e48    0x20  Data  Gb  http-strings.o [1]
http_content_type_png   0x00012ea0    0x1c  Data  Gb  http-strings.o [1]
http_content_type_xml   0x00012ef8    0x1c  Data  Gb  http-strings.o [1]
http_css                0x00012f50     0x8  Data  Gb  http-strings.o [1]
http_get                0x00012d6c     0x8  Data  Gb  http-strings.o [1]
http_gif                0x00012f60     0x8  Data  Gb  http-strings.o [1]
http_header_200         0x00012d98    0x54  Data  Gb  http-strings.o [1]
http_header_404         0x00012dec    0x5c  Data  Gb  http-strings.o [1]
http_html               0x00012f40     0x8  Data  Gb  http-strings.o [1]
http_index_html         0x00012d74     0xc  Data  Gb  http-strings.o [1]
http_jpg                0x00012f68     0x8  Data  Gb  http-strings.o [1]
http_png                0x00012f58     0x8  Data  Gb  http-strings.o [1]
http_referer            0x00012d8c     0xc  Data  Gb  http-strings.o [1]
http_shtml              0x00012f48     0x8  Data  Gb  http-strings.o [1]
http_xml                0x00012f70     0x8  Data  Gb  http-strings.o [1]
httpd_appcall           0x00009bf5    0x8c  Code  Gb  httpd.o [1]
httpd_cgi               0x0000a13f    0x32  Code  Gb  httpd-cgi.o [1]
httpd_fs_count          0x00009dcb    0x44  Code  Gb  httpd-fs.o [1]
httpd_fs_open           0x00009d0d    0xbe  Code  Gb  httpd-fs.o [1]
httpd_init              0x00009cad    0x12  Code  Gb  httpd.o [1]
i                       0x40003b4c     0x1  Data  Lc  uip_arp.o [1]
index                   0x40000214     0x1  Data  Lc  learninglayout.o [1]
init                    0x00011b9d    0x72  Code  Gb  main.o [1]
initDevicesLayout       0x0000f331    0xc2  Code  Gb  deviceslayout.o [1]
initGraphLayout         0x00012485   0x10e  Code  Gb  graphlayout.o [1]
initLearningLayout      0x00012175    0xde  Code  Gb  learninglayout.o [1]
initMainLayout          0x00012119    0x44  Code  Gb  mainlayout.o [1]
initNavigationBar       0x00011f5d    0xe0  Code  Gb  navigationbarlayout.o [1]
init_mparams            0x00007581    0x2a  Code  Lc  dlmalloc.o [3]
init_top                0x000075ab    0x38  Code  Lc  dlmalloc.o [3]
internal_Pow            0x0000e619   0x444  Code  Lc  pow.o [4]
ipaddr                  0x40003b50     0x4  Data  Lc  uip_arp.o [1]
ipid                    0x400039d4     0x2  Data  Lc  uip.o [1]
iss                     0x400039c8     0x4  Data  Lc  uip.o [1]
iterator                0x40003afc     0x4  Data  Lc  uart.o [1]
lastReading             0x40000184     0x4  Data  Lc  deviceslayout.o [1]
lastStationary          0x40000188     0x4  Data  Lc  deviceslayout.o [1]
last_ack                0x00013010     0xc  Data  Lc  httpd-cgi.o [1]
lastport                0x400039d6     0x2  Data  Lc  uip.o [1]
learningLayout          0x400039b8     0x4  Data  Gb  main.o [1]
letterHolder            0x40000216     0x2  Data  Lc  learninglayout.o [1]
lnbias                  0x0000eaa0   0x420  Data  Lc  pow.o [4]
mAnimating              0x40003b44     0x1  Data  Lc  animation.o [1]
mX                      0x40000164     0x2  Data  Lc  deviceslayout.o [1]
mY                      0x40000166     0x2  Data  Lc  deviceslayout.o [1]
main                    0x000118d5   0x268  Code  Gb  main.o [1]
mainLayout              0x400039b4     0x4  Data  Gb  main.o [1]
measurement             0x40003988    0x28  Data  Gb  main.o [1]
memchr                  0x0000c0d4          Code  Gb  memchr.o [5]
mparams                 0x40003b18    0x18  Data  Lc  dlmalloc.o [3]
navigationBar           0x400039c4     0x4  Data  Gb  main.o [1]
ndigs                   0x00012d44    0x28  Data  Lc  xstoul.o [3]
net                     0x00012fb0     0x8  Data  Lc  httpd-cgi.o [1]
net_stats               0x0000a327    0x56  Code  Lc  httpd-cgi.o [1]
nextLetter              0x0001236b    0x46  Code  Lc  learninglayout.o [1]
nextPic                 0x400001b4    0x1c  Data  Gb  next.o [1]
nextStream              0x00002c5c  0x2a40  Data  Gb  next.o [1]
nullfunction            0x0000a129    0x16  Code  Lc  httpd-cgi.o [1]
out                     0x0000e465    0x18  Code  Lc  xreportassert.o [3]
pCurrFont               0x40000120     0x4  Data  Lc  drv_glcd.o [1]
pPix                    0x4000015c     0x4  Data  Lc  drv_glcd.o [1]
pSpinner                0x4000018c     0x4  Data  Lc  deviceslayout.o [1]
pWind                   0x40000158     0x4  Data  Lc  drv_glcd.o [1]
plot4points             0x0000ff17    0x50  Code  Gb  draw.o [1]
pow                     0x0000ea8d    0x12  Code  Gb  pow.o [4]
powerGraph              0x40003b38     0x4  Data  Gb  graphlayout.o [1]
prepend_alloc           0x000075f1   0x39e  Code  Lc  dlmalloc.o [3]
previousLetter          0x000123b1    0x46  Code  Lc  learninglayout.o [1]
previousPic             0x400001d0    0x1c  Data  Gb  previous.o [1]
previousStream          0x00000210  0x2a40  Data  Gb  previous.o [1]
psock_datalen           0x00009fef     0xc  Code  Gb  psock.o [1]
psock_generator_send    0x00009f71    0x7e  Code  Gb  psock.o [1]
psock_init              0x0000a105    0x22  Code  Gb  psock.o [1]
psock_readto            0x00009ffb    0xf4  Code  Gb  psock.o [1]
psock_send              0x00009eb5    0xbc  Code  Gb  psock.o [1]
putchar                 0x0000e515    0x2a  Code  Gb  putchar.o [3]
resetTimeout            0x00012435    0x12  Code  Lc  learninglayout.o [1]
segment_holding         0x00007565    0x1c  Code  Lc  dlmalloc.o [3]
send_data               0x00009e35    0x3a  Code  Lc  psock.o [1]
send_headers            0x00009885   0x15c  Code  Lc  httpd.o [1]
size                    0x40000160     0x1  Data  Lc  deviceslayout.o [1]
snprintf                0x0000aa81    0x48  Code  Gb  snprintf.o [3]
sqrt                    0x00010730          Code  Gb  sqrt.o [4]
sqrtl                   0x00010730          Code  Gb  sqrt.o [4]
states                  0x40000190    0x24  Data  Lc  httpd-cgi.o [1]
steadyDetected          0x40000162     0x1  Data  Lc  deviceslayout.o [1]
strchr                  0x0000a414          Code  Gb  strchr.o [5]
strcpy                  0x0000a500          Code  Gb  strcpy.o [5]
strlen                  0x0000a438          Code  Gb  strlen.o [5]
strncmp                 0x0000a4a7    0x2c  Code  Gb  strncmp.o [3]
strncpy                 0x0000a570          Code  Gb  strncpy.o [5]
swapToDevices           0x000120b5    0x28  Code  Gb  navigationbarlayout.o [1]
swapToGraph             0x0001208d    0x28  Code  Gb  navigationbarlayout.o [1]
swapToLayout            0x00011b3d    0x52  Code  Gb  main.o [1]
swapToLearning          0x00012065    0x28  Code  Gb  navigationbarlayout.o [1]
swapToMain              0x0001203d    0x28  Code  Gb  navigationbarlayout.o [1]
syn_rcvd                0x00012fc0     0xc  Data  Lc  httpd-cgi.o [1]
syn_sent                0x00012fcc     0xc  Data  Lc  httpd-cgi.o [1]
sys_alloc               0x00007999   0x37a  Code  Lc  dlmalloc.o [3]
tapdev_init             0x00010f41   0x498  Code  Gb  LPC24xx_enet.o [1]
tapdev_read             0x000113e1    0x46  Code  Gb  LPC24xx_enet.o [1]
tapdev_send             0x0001142d    0x56  Code  Gb  LPC24xx_enet.o [1]
tcp                     0x00012fa8     0x8  Data  Lc  httpd-cgi.o [1]
tcp_stats               0x0000a299    0x68  Code  Lc  httpd-cgi.o [1]
thisLayout              0x40000168     0x4  Data  Lc  deviceslayout.o [1]
thisLayout              0x40003b40     0x4  Data  Lc  graphlayout.o [1]
thisLayout              0x40000220     0x4  Data  Lc  learninglayout.o [1]
thisLayout              0x40003b5c     0x4  Data  Gb  mainlayout.o [1]
thisLayout              0x40003b60     0x4  Data  Lc  navigationbarlayout.o [1]
time_wait               0x00013004     0xc  Data  Lc  httpd-cgi.o [1]
timeout                 0x40000215     0x1  Data  Lc  learninglayout.o [1]
timer_expired           0x00011d5d    0x1c  Code  Gb  timer.o [1]
timer_reset             0x00011d53     0xa  Code  Gb  timer.o [1]
timer_set               0x00011d41    0x12  Code  Gb  timer.o [1]
tmalloc_large           0x00007d1d   0x3c8  Code  Lc  dlmalloc.o [3]
tmalloc_small           0x000080ed   0x232  Code  Lc  dlmalloc.o [3]
uip_acc32               0x400039cc     0x4  Data  Gb  uip.o [1]
uip_add32               0x0000880d    0x5a  Code  Gb  uip.o [1]
uip_appdata             0x40003ac4     0x4  Data  Gb  uip.o [1]
uip_arp_arpin           0x00011645    0xbc  Code  Gb  uip_arp.o [1]
uip_arp_out             0x0001170d   0x18c  Code  Gb  uip_arp.o [1]
uip_arp_timer           0x000114a9    0x46  Code  Gb  uip_arp.o [1]
uip_arp_update          0x000114ef   0x156  Code  Lc  uip_arp.o [1]
uip_buf                 0x40003060   0x5f4  Data  Gb  uip.o [1]
uip_conn                0x40003ac8     0x4  Data  Gb  uip.o [1]
uip_conns               0x4000023c  0x1fe0  Data  Gb  uip.o [1]
uip_draddr              0x40003b64     0x4  Data  Gb  uip.o [1]
uip_ethaddr             0x00013198     0x8  Data  Gb  uip.o [1]
uip_flags               0x40003ab8     0x1  Data  Gb  uip.o [1]
uip_hostaddr            0x40003abc     0x4  Data  Gb  uip.o [1]
uip_init                0x000088af    0x3a  Code  Gb  uip.o [1]
uip_len                 0x40003ac0     0x2  Data  Gb  uip.o [1]
uip_listen              0x000088ed    0x52  Code  Gb  uip.o [1]
uip_listenports         0x400039d8    0x50  Data  Gb  uip.o [1]
uip_netmask             0x40003b68     0x4  Data  Gb  uip.o [1]
uip_process             0x00008949   0xd4e  Code  Gb  uip.o [1]
uip_sappdata            0x40003a28     0x4  Data  Gb  uip.o [1]
uip_send                0x000096a9    0x20  Code  Gb  uip.o [1]
uip_slen                0x400039d2     0x2  Data  Gb  uip.o [1]
uip_stat                0x40003a8c    0x2c  Data  Gb  uip.o [1]
updateGraphLayout       0x00012593    0x54  Code  Gb  graphlayout.o [1]
voltageGraph            0x40003b30     0x4  Data  Gb  graphlayout.o [1]
vsprintf                0x0000e435    0x30  Code  Gb  vsprintf.o [3]
wordHolder              0x40000218     0x8  Data  Lc  learninglayout.o [1]
xml_header              0x4000022c     0x4  Data  Gb  xml.o [1]


[1] = C:\Users\gedemis\Desktop\31370\31370\Flash Debug\Obj
[2] = command line
[3] = dl4t_tln.a
[4] = m4t_tl.a
[5] = rt4t_al.a
[6] = shs_l.a

  44 408 bytes of readonly  code memory
  33 676 bytes of readonly  data memory
  31 432 bytes of readwrite data memory (+ 583 absolute)

Errors: none
Warnings: none
