###############################################################################
#                                                                             #
# IAR ELF Linker V6.50.2.4510/W32 for ARM               17/Jan/2013  12:54:25 #
# Copyright 2007-2012 IAR Systems AB.                                         #
#                                                                             #
#    Output file  =  C:\Users\gedemis\Desktop\31370\31370\Flash               #
#                    Debug\Exe\virtual_com.out.tmp                            #
#    Map file     =  C:\Users\gedemis\Desktop\31370\31370\Flash               #
#                    Debug\List\virtual_com.map                               #
#    Command line =  "C:\Users\gedemis\Desktop\31370\31370\Flash              #
#                    Debug\Obj\ProgressBar.o" "C:\Users\gedemis\Desktop\31370 #
#                    \31370\Flash Debug\Obj\Terminal_18_24x12.o"              #
#                    "C:\Users\gedemis\Desktop\31370\31370\Flash              #
#                    Debug\Obj\Terminal_6_8x6.o"                              #
#                    "C:\Users\gedemis\Desktop\31370\31370\Flash              #
#                    Debug\Obj\Terminal_9_12x6.o"                             #
#                    "C:\Users\gedemis\Desktop\31370\31370\Flash              #
#                    Debug\Obj\animation.o" "C:\Users\gedemis\Desktop\31370\3 #
#                    1370\Flash Debug\Obj\devicespage.o"                      #
#                    "C:\Users\gedemis\Desktop\31370\31370\Flash              #
#                    Debug\Obj\draw.o" "C:\Users\gedemis\Desktop\31370\31370\ #
#                    Flash Debug\Obj\drv_glcd.o"                              #
#                    "C:\Users\gedemis\Desktop\31370\31370\Flash              #
#                    Debug\Obj\drv_touch_scr.o" "C:\Users\gedemis\Desktop\313 #
#                    70\31370\Flash Debug\Obj\graph.o"                        #
#                    "C:\Users\gedemis\Desktop\31370\31370\Flash              #
#                    Debug\Obj\graphpage.o" "C:\Users\gedemis\Desktop\31370\3 #
#                    1370\Flash Debug\Obj\gui.o"                              #
#                    "C:\Users\gedemis\Desktop\31370\31370\Flash              #
#                    Debug\Obj\layout.o" "C:\Users\gedemis\Desktop\31370\3137 #
#                    0\Flash Debug\Obj\learningpage.o"                        #
#                    "C:\Users\gedemis\Desktop\31370\31370\Flash              #
#                    Debug\Obj\main.o" "C:\Users\gedemis\Desktop\31370\31370\ #
#                    Flash Debug\Obj\mainpage.o"                              #
#                    "C:\Users\gedemis\Desktop\31370\31370\Flash              #
#                    Debug\Obj\navigationbar.o" "C:\Users\gedemis\Desktop\313 #
#                    70\31370\Flash Debug\Obj\parsing.o"                      #
#                    "C:\Users\gedemis\Desktop\31370\31370\Flash              #
#                    Debug\Obj\sdram_64M_32bit_drv.o"                         #
#                    "C:\Users\gedemis\Desktop\31370\31370\Flash              #
#                    Debug\Obj\sys.o" "C:\Users\gedemis\Desktop\31370\31370\F #
#                    lash Debug\Obj\uart.o" --redirect _Printf=_PrintfFull    #
#                    --redirect _Scanf=_ScanfFull -o                          #
#                    "C:\Users\gedemis\Desktop\31370\31370\Flash              #
#                    Debug\Exe\virtual_com.out.tmp" --map                     #
#                    "C:\Users\gedemis\Desktop\31370\31370\Flash              #
#                    Debug\List\virtual_com.map" --config                     #
#                    C:\Users\gedemis\Desktop\31370\31370\config\LPC2478_Flas #
#                    h.icf --semihosting --entry __iar_program_start --vfe    #
#                                                                             #
#                                                                             #
###############################################################################

*******************************************************************************
*** RUNTIME MODEL ATTRIBUTES
***

CppFlavor       = *
__Heap_Handler  = Basic
__SystemLibrary = DLib


*******************************************************************************
*** PLACEMENT SUMMARY
***

"A1":  place at 0x00000000 { ro section .intvec };
"P1":  place in [from 0x00000000 to 0x000001fb] |
                [from 0x00000200 to 0x0007dfff] { ro };
"P2":  place in [from 0x40000000 to 0x4000003f] |
                [from 0x40000120 to 0x4000ffdf] {
          rw, block CSTACK, block SVC_STACK, block IRQ_STACK, block FIQ_STACK,
          block UND_STACK, block ABT_STACK, block HEAP };
"P6":  place in [from 0x000001fc to 0x000001ff] { section .crp };

  Section             Kind        Address    Size  Object
  -------             ----        -------    ----  ------
"A1":                                        0x3c
  .intvec             ro code  0x00000000    0x3c  cstartup.o [5]
                             - 0x0000003c    0x3c

"P1", part 1 of 2:                           0x34
  Initializer bytes   ro data  0x0000003c    0x34  <for P2 s0>
                             - 0x00000070    0x34

"P6":                                         0x4
  .crp                const    0x000001fc     0x4  main.o [1]
                             - 0x00000200     0x4

"P1", part 2 of 2:                         0x7eb0
  Veneer              ro code  0x00000200    0x10  - Linker created -
  .text               ro code  0x00000210   0xe9c  xprintffull.o [3]
  Veneer              ro code  0x000010ac     0x4  - Linker created -
  .text               ro code  0x000010b0    0x20  strchr.o [5]
  Veneer              ro code  0x000010d0     0x4  - Linker created -
  .text               ro code  0x000010d4    0x54  strlen.o [5]
  Veneer              ro code  0x00001128     0x4  - Linker created -
  .text               ro code  0x0000112c    0x94  memchr.o [5]
  Veneer              ro code  0x000011c0     0x4  - Linker created -
  .text               ro code  0x000011c4    0xd4  I64DivMod.o [5]
  Veneer              ro code  0x00001298     0x4  - Linker created -
  .text               ro code  0x0000129c    0xd4  ABImemcpy.o [5]
  .text               ro code  0x00001370    0x48  xdnorm.o [4]
  Veneer              ro code  0x000013b8     0x4  - Linker created -
  .text               ro code  0x000013bc    0x38  DblCmpLe.o [4]
  Veneer              ro code  0x000013f4     0x4  - Linker created -
  .text               ro code  0x000013f8    0x38  DblCmpGe.o [4]
  .text               ro code  0x00001430   0x120  xdscale.o [4]
  Veneer              ro code  0x00001550     0x4  - Linker created -
  .text               ro code  0x00001554    0x60  DblToS32.o [4]
  Veneer              ro code  0x000015b4     0x4  - Linker created -
  .text               ro code  0x000015b8    0x60  S32ToDbl.o [4]
  Veneer              ro code  0x00001618     0x4  - Linker created -
  .text               ro code  0x0000161c   0x1f0  DblSub.o [4]
  Veneer              ro code  0x0000180c     0x4  - Linker created -
  .text               ro code  0x00001810   0x1d4  I32DivMod.o [5]
  Veneer              ro code  0x000019e4     0x4  - Linker created -
  .text               ro code  0x000019e8   0x1f8  DblMul.o [4]
  Veneer              ro code  0x00001be0     0x4  - Linker created -
  .text               ro code  0x00001be4   0x338  DblDiv.o [4]
  Veneer              ro code  0x00001f1c     0x4  - Linker created -
  .text               ro code  0x00001f20    0x3c  DblToU32.o [4]
  Veneer              ro code  0x00001f5c     0x4  - Linker created -
  .text               ro code  0x00001f60    0x10  U32ToDbl.o [4]
  .text               ro code  0x00001f70    0x24  div.o [3]
  .text               ro code  0x00001f94     0x4  I64DivZer.o [5]
  Veneer              ro code  0x00001f98     0x4  - Linker created -
  .text               ro code  0x00001f9c   0x140  DblAdd.o [4]
  .text               ro code  0x000020dc     0x4  IntDivZer.o [5]
  .rodata             const    0x000020e0   0xc00  Terminal_9_12x6.o [1]
  .text               ro code  0x00002ce0   0xa3c  drv_glcd.o [1]
  .text               ro code  0x0000371c   0x43c  sys.o [1]
  .text               ro code  0x00003b58    0x76  xassert.o [3]
  .text               ro code  0x00003bce    0x2a  zero_init3.o [5]
  .text               ro code  0x00003bf8    0x30  vsprintf.o [3]
  .text               ro code  0x00003c28    0xb0  xreportassert.o [3]
  .text               ro code  0x00003cd8     0xc  abort.o [3]
  .text               ro code  0x00003ce4    0x2a  putchar.o [3]
  .text               ro code  0x00003d0e     0xa  xsprout.o [3]
  Veneer              ro code  0x00003d18     0x4  - Linker created -
  .text               ro code  0x00003d1c    0x20  exit.o [6]
  Veneer              ro code  0x00003d3c     0x4  - Linker created -
  .text               ro code  0x00003d40    0x10  write.o [6]
  Veneer              ro code  0x00003d50     0xc  - Linker created -
  .text               ro code  0x00003d5c    0xb8  iarttio.o [6]
  .text               ro code  0x00003e14    0x24  dwrite.o [6]
  .text               ro code  0x00003e38     0x8  XShttio.o [3]
  .text               ro code  0x00003e40    0x40  iarwstd.o [6]
  .text               ro code  0x00003e80    0x44  iarwrite.o [6]
  .text               ro code  0x00003ec8   0x8a8  pow.o [4]
  .text               ro code  0x00004770    0x8c  xdint.o [4]
  Veneer              ro code  0x000047fc     0x4  - Linker created -
  .text               ro code  0x00004800    0x2c  DblCmpEq.o [4]
  .text               ro code  0x0000482c    0x10  errno.o [3]
  .text               ro code  0x0000483c    0xa8  xlog.o [4]
  .text               ro code  0x000048e4   0x2c4  xexp.o [4]
  .text               ro code  0x00004ba8     0x2  xtls.o [3]
  .text               ro code  0x00004bac    0x34  xdtest.o [4]
  .text               ro code  0x00004be0   0x84c  drv_touch_scr.o [1]
  Veneer              ro code  0x0000542c    0x10  - Linker created -
  .text               ro code  0x0000543c   0x6b4  devicespage.o [1]
  .text               ro code  0x00005af0    0xbc  xxmemxmalloc.o [3]
  .text               ro code  0x00005bac    0x8c  layout.o [1]
  .text               ro code  0x00005c38   0x1dc  gui.o [1]
  .text               ro code  0x00005e14    0x8c  xxmemxfree.o [3]
  .text               ro code  0x00005ea0    0x2c  xgetmemchunk.o [3]
  .text               ro code  0x00005ecc   0x27c  draw.o [1]
  .text               ro code  0x00006148   0x14c  ProgressBar.o [1]
  .text               ro code  0x00006294   0x50a  graph.o [1]
  .text               ro code  0x0000679e     0x8  abs.o [3]
  Veneer              ro code  0x000067a8     0x4  - Linker created -
  .text               ro code  0x000067ac   0x16c  sqrt.o [4]
  Veneer              ro code  0x00006918     0xc  - Linker created -
  .text               ro code  0x00006924    0x18  iarEdom.o [5]
  .text               ro code  0x0000693c   0x320  graphpage.o [1]
  .text               ro code  0x00006c5c   0x2dc  main.o [1]
  .text               ro code  0x00006f38   0x2d8  uart.o [1]
  .text               ro code  0x00007210   0x152  animation.o [1]
  .text               ro code  0x00007364   0x1a4  navigationbar.o [1]
  .text               ro code  0x00007508    0x54  mainpage.o [1]
  .text               ro code  0x0000755c   0x1a8  learningpage.o [1]
  .text               ro code  0x00007704   0x23c  parsing.o [1]
  .text               ro code  0x00007940   0x258  sdram_64M_32bit_drv.o [1]
  Veneer              ro code  0x00007b98     0x4  - Linker created -
  .text               ro code  0x00007b9c    0x10  main.o [1]
  .text               ro code  0x00007bac     0xc  strtol.o [3]
  .text               ro code  0x00007bb8    0xa0  xstol.o [3]
  .text               ro code  0x00007c58   0x17c  xstoul.o [3]
  .text               ro code  0x00007dd4    0x58  cstartup.o [5]
  Veneer              ro code  0x00007e2c     0xc  - Linker created -
  Veneer              ro code  0x00007e38     0xc  - Linker created -
  Veneer              ro code  0x00007e44     0xc  - Linker created -
  Veneer              ro code  0x00007e50     0xc  - Linker created -
  .text               ro code  0x00007e5c    0x24  cmain.o [5]
  .text               ro code  0x00007e80     0x4  low_level_init.o [3]
  .text               ro code  0x00007e84    0x32  data_init.o [5]
  .text               ro code  0x00007eb6     0xa  exit.o [3]
  Veneer              ro code  0x00007ec0     0x4  - Linker created -
  .text               ro code  0x00007ec4    0x10  cexit.o [5]
  .rodata             const    0x00007ed4    0x40  drv_touch_scr.o [1]
  .rodata             const    0x00007f14    0x40  main.o [1]
  .rodata             const    0x00007f54    0x38  drv_glcd.o [1]
  .text               ro code  0x00007f8c    0x30  copy_init3.o [5]
  .iar.init_table     const    0x00007fbc    0x24  - Linker created -
  .rodata             const    0x00007fe0    0x18  drv_glcd.o [1]
  .rodata             const    0x00007ff8    0x18  drv_glcd.o [1]
  .rodata             const    0x00008010    0x14  Terminal_9_12x6.o [1]
  .rodata             const    0x00008024    0x14  drv_glcd.o [1]
  .rodata             const    0x00008038    0x10  devicespage.o [1]
  .rodata             const    0x00008048    0x10  drv_glcd.o [1]
  .rodata             const    0x00008058    0x10  learningpage.o [1]
  .rodata             const    0x00008068     0xc  drv_glcd.o [1]
  .rodata             const    0x00008074     0xc  mainpage.o [1]
  .rodata             const    0x00008080     0x8  graph.o [1]
  .rodata             const    0x00008088     0x8  navigationbar.o [1]
  .rodata             const    0x00008090     0x8  navigationbar.o [1]
  .rodata             const    0x00008098     0x8  navigationbar.o [1]
  .rodata             const    0x000080a0     0x8  navigationbar.o [1]
  .text               ro code  0x000080a8     0x4  vectortrap.o [5]
  .text               ro code  0x000080ac     0x4  xreturnswi.o [6]
  .rodata             const    0x000080b0     0x0  zero_init3.o [5]
  .rodata             const    0x000080b0     0x0  copy_init3.o [5]
                             - 0x000080b0  0x7eb0

Absolute sections, part 1 of 52:              0x4
  .noinit             uninit   0x3fffc000     0x4  sys.o [1]
                             - 0x3fffc004     0x4

Absolute sections, part 2 of 52:             0x14
  .noinit             uninit   0x3fffc010     0x4  sys.o [1]
  .noinit             uninit   0x3fffc014     0x4  drv_touch_scr.o [1]
  .noinit             uninit   0x3fffc018     0x4  drv_touch_scr.o [1]
  .noinit             uninit   0x3fffc01c     0x4  drv_touch_scr.o [1]
  .noinit             uninit   0x3fffc020     0x4  sys.o [1]
                             - 0x3fffc024    0x14

Absolute sections, part 3 of 52:              0x4
  .noinit             uninit   0x3fffc030     0x4  sys.o [1]
                             - 0x3fffc034     0x4

Absolute sections, part 4 of 52:              0x4
  .noinit             uninit   0x3fffc038     0x4  main.o [1]
                             - 0x3fffc03c     0x4

Absolute sections, part 5 of 52:              0x4
  .noinit             uninit   0x3fffc040     0x4  sys.o [1]
                             - 0x3fffc044     0x4

Absolute sections, part 6 of 52:              0x4
  .noinit             uninit   0x3fffc050     0x4  sys.o [1]
                             - 0x3fffc054     0x4

Absolute sections, part 7 of 52:              0x4
  .noinit             uninit   0x3fffc060     0x4  sys.o [1]
                             - 0x3fffc064     0x4

Absolute sections, part 8 of 52:              0x4
  .noinit             uninit   0x3fffc070     0x4  sys.o [1]
                             - 0x3fffc074     0x4

Absolute sections, part 9 of 52:              0x4
  .noinit             uninit   0x3fffc080     0x4  sys.o [1]
                             - 0x3fffc084     0x4

Absolute sections, part 10 of 52:             0x4
  .noinit             uninit   0x3fffc090     0x4  sys.o [1]
                             - 0x3fffc094     0x4

"P2", part 1 of 3:                           0x34
  P2 s0                        0x40000120    0x34  <Init block>
    .data             inited   0x40000120    0x18  Terminal_9_12x6.o [1]
    .data             inited   0x40000138     0x8  XShttio.o [3]
    .data             inited   0x40000140     0x4  drv_glcd.o [1]
    .data             inited   0x40000144     0x4  drv_glcd.o [1]
    .data             inited   0x40000148     0x4  drv_glcd.o [1]
    __DLIB_PERTHREAD  inited   0x4000014c     0x4  errno.o [3]
    .data             inited   0x40000150     0x2  devicespage.o [1]
    .data             inited   0x40000152     0x2  devicespage.o [1]
                             - 0x40000154    0x34

"P2", part 2 of 3:                          0x144
  .bss                zero     0x40000154    0x2c  main.o [1]
  .bss                zero     0x40000180    0x2c  uart.o [1]
  .bss                zero     0x400001b0    0x28  main.o [1]
  .bss                zero     0x400001d8    0x18  devicespage.o [1]
  .bss                zero     0x400001f0     0x8  xxmemxmalloc.o [3]
  .bss                zero     0x400001f8     0x4  animation.o [1]
  .bss                zero     0x400001fc     0x4  devicespage.o [1]
  .bss                zero     0x40000200     0x4  devicespage.o [1]
  .bss                zero     0x40000204     0x4  devicespage.o [1]
  .bss                zero     0x40000208     0x4  drv_glcd.o [1]
  .bss                zero     0x4000020c     0x4  drv_glcd.o [1]
  .bss                zero     0x40000210     0x4  drv_glcd.o [1]
  .bss                zero     0x40000214     0x4  drv_glcd.o [1]
  .bss                zero     0x40000218     0x4  drv_glcd.o [1]
  .bss                zero     0x4000021c     0x4  drv_glcd.o [1]
  .bss                zero     0x40000220     0x4  drv_glcd.o [1]
  .bss                zero     0x40000224     0x4  drv_glcd.o [1]
  .bss                zero     0x40000228     0x4  drv_glcd.o [1]
  .bss                zero     0x4000022c     0x4  drv_glcd.o [1]
  .bss                zero     0x40000230     0x4  drv_glcd.o [1]
  .bss                zero     0x40000234     0x4  drv_glcd.o [1]
  .bss                zero     0x40000238     0x4  drv_glcd.o [1]
  .bss                zero     0x4000023c     0x4  drv_touch_scr.o [1]
  .bss                zero     0x40000240     0x4  drv_touch_scr.o [1]
  .bss                zero     0x40000244     0x4  drv_touch_scr.o [1]
  .bss                zero     0x40000248     0x4  graphpage.o [1]
  .bss                zero     0x4000024c     0x4  graphpage.o [1]
  .bss                zero     0x40000250     0x4  graphpage.o [1]
  .bss                zero     0x40000254     0x4  graphpage.o [1]
  .bss                zero     0x40000258     0x4  graphpage.o [1]
  .bss                zero     0x4000025c     0x4  learningpage.o [1]
  .bss                zero     0x40000260     0x4  main.o [1]
  .bss                zero     0x40000264     0x4  main.o [1]
  .bss                zero     0x40000268     0x4  main.o [1]
  .bss                zero     0x4000026c     0x4  main.o [1]
  .bss                zero     0x40000270     0x4  main.o [1]
  .bss                zero     0x40000274     0x4  main.o [1]
  .bss                zero     0x40000278     0x4  navigationbar.o [1]
  .bss                zero     0x4000027c     0x4  uart.o [1]
  .bss                zero     0x40000280     0x4  xgetmemchunk.o [3]
  .bss                zero     0x40000284     0x2  drv_touch_scr.o [1]
  .bss                zero     0x40000286     0x2  drv_touch_scr.o [1]
  .bss                zero     0x40000288     0x2  drv_touch_scr.o [1]
  .bss                zero     0x4000028a     0x2  drv_touch_scr.o [1]
  .bss                zero     0x4000028c     0x1  animation.o [1]
  .bss                zero     0x4000028d     0x1  devicespage.o [1]
  .bss                zero     0x4000028e     0x1  devicespage.o [1]
  .bss                zero     0x4000028f     0x1  devicespage.o [1]
  .bss                zero     0x40000290     0x1  drv_touch_scr.o [1]
  .bss                zero     0x40000291     0x1  uart.o [1]
                             - 0x40000292   0x13e

"P2", part 3 of 3:                         0x2840
  CSTACK                       0x40000298   0x400  <Block>
    CSTACK            uninit   0x40000298   0x400  <Block tail>
  IRQ_STACK                    0x40000698   0x400  <Block>
    IRQ_STACK         uninit   0x40000698   0x400  <Block tail>
  FIQ_STACK                    0x40000a98    0x40  <Block>
    FIQ_STACK         uninit   0x40000a98    0x40  <Block tail>
  HEAP                         0x40000ad8  0x2000  <Block>
    HEAP              uninit   0x40000ad8  0x2000  <Block tail>
                             - 0x40002ad8  0x2840

Absolute sections, part 11 of 52:             0x8
  .noinit             uninit   0xe0004000     0x4  drv_touch_scr.o [1]
  .noinit             uninit   0xe0004004     0x4  drv_touch_scr.o [1]
                             - 0xe0004008     0x8

Absolute sections, part 12 of 52:             0x4
  .noinit             uninit   0xe000400c     0x4  drv_touch_scr.o [1]
                             - 0xe0004010     0x4

Absolute sections, part 13 of 52:             0x8
  .noinit             uninit   0xe0004014     0x4  drv_touch_scr.o [1]
  .noinit             uninit   0xe0004018     0x4  drv_touch_scr.o [1]
                             - 0xe000401c     0x8

Absolute sections, part 14 of 52:             0x4
  .noinit             uninit   0xe0004070     0x4  drv_touch_scr.o [1]
                             - 0xe0004074     0x4

Absolute sections, part 15 of 52:             0x1
  .noinit             uninit   0xe000c000     0x1  uart.o [1]
                             - 0xe000c001     0x1

Absolute sections, part 16 of 52:             0x9
  .noinit             uninit   0xe000c004     0x4  uart.o [1]
  .noinit             uninit   0xe000c008     0x4  uart.o [1]
  .noinit             uninit   0xe000c00c     0x1  uart.o [1]
                             - 0xe000c00d     0x9

Absolute sections, part 17 of 52:             0x4
  .noinit             uninit   0xe000c028     0x4  uart.o [1]
                             - 0xe000c02c     0x4

Absolute sections, part 18 of 52:             0x1
  .noinit             uninit   0xe000c030     0x1  uart.o [1]
                             - 0xe000c031     0x1

Absolute sections, part 19 of 52:             0x4
  .noinit             uninit   0xe0028008     0x4  sys.o [1]
                             - 0xe002800c     0x4

Absolute sections, part 20 of 52:             0x4
  .noinit             uninit   0xe0028018     0x4  sys.o [1]
                             - 0xe002801c     0x4

Absolute sections, part 21 of 52:             0x8
  .noinit             uninit   0xe002808c     0x4  drv_touch_scr.o [1]
  .noinit             uninit   0xe0028090     0x4  drv_touch_scr.o [1]
                             - 0xe0028094     0x8

Absolute sections, part 22 of 52:            0x28
  .noinit             uninit   0xe002c000     0x4  uart.o [1]
  .noinit             uninit   0xe002c004     0x4  sys.o [1]
  .noinit             uninit   0xe002c008     0x4  sys.o [1]
  .noinit             uninit   0xe002c00c     0x4  sys.o [1]
  .noinit             uninit   0xe002c010     0x4  sys.o [1]
  .noinit             uninit   0xe002c014     0x4  sys.o [1]
  .noinit             uninit   0xe002c018     0x4  sys.o [1]
  .noinit             uninit   0xe002c01c     0x4  sys.o [1]
  .noinit             uninit   0xe002c020     0x4  sys.o [1]
  .noinit             uninit   0xe002c024     0x4  sys.o [1]
                             - 0xe002c028    0x28

Absolute sections, part 23 of 52:             0x4
  .noinit             uninit   0xe002c02c     0x4  drv_glcd.o [1]
                             - 0xe002c030     0x4

Absolute sections, part 24 of 52:             0x8
  .noinit             uninit   0xe002c040     0x4  drv_glcd.o [1]
  .noinit             uninit   0xe002c044     0x4  drv_touch_scr.o [1]
                             - 0xe002c048     0x8

Absolute sections, part 25 of 52:            0x1c
  .noinit             uninit   0xe002c04c     0x4  drv_glcd.o [1]
  .noinit             uninit   0xe002c050     0x4  drv_glcd.o [1]
  .noinit             uninit   0xe002c054     0x4  sdram_64M_32bit_drv.o [1]
  .noinit             uninit   0xe002c058     0x4  sdram_64M_32bit_drv.o [1]
  .noinit             uninit   0xe002c05c     0x4  sdram_64M_32bit_drv.o [1]
  .noinit             uninit   0xe002c060     0x4  sdram_64M_32bit_drv.o [1]
  .noinit             uninit   0xe002c064     0x4  sdram_64M_32bit_drv.o [1]
                             - 0xe002c068    0x1c

Absolute sections, part 26 of 52:             0x8
  .noinit             uninit   0xe0034000     0x4  drv_touch_scr.o [1]
  .noinit             uninit   0xe0034004     0x4  drv_touch_scr.o [1]
                             - 0xe0034008     0x8

Absolute sections, part 27 of 52:             0x4
  .noinit             uninit   0xe003400c     0x4  drv_touch_scr.o [1]
                             - 0xe0034010     0x4

Absolute sections, part 28 of 52:             0x4
  .noinit             uninit   0xe0034030     0x4  drv_touch_scr.o [1]
                             - 0xe0034034     0x4

Absolute sections, part 29 of 52:             0x8
  .noinit             uninit   0xe0070000     0x4  animation.o [1]
  .noinit             uninit   0xe0070004     0x4  animation.o [1]
                             - 0xe0070008     0x8

Absolute sections, part 30 of 52:             0x8
  .noinit             uninit   0xe0070014     0x4  animation.o [1]
  .noinit             uninit   0xe0070018     0x4  animation.o [1]
                             - 0xe007001c     0x8

Absolute sections, part 31 of 52:             0x8
  .noinit             uninit   0xe01fc000     0x4  main.o [1]
  .noinit             uninit   0xe01fc004     0x4  main.o [1]
                             - 0xe01fc008     0x8

Absolute sections, part 32 of 52:            0x10
  .noinit             uninit   0xe01fc080     0x4  sys.o [1]
  .noinit             uninit   0xe01fc084     0x4  sys.o [1]
  .noinit             uninit   0xe01fc088     0x4  sys.o [1]
  .noinit             uninit   0xe01fc08c     0x4  sys.o [1]
                             - 0xe01fc090    0x10

Absolute sections, part 33 of 52:             0x4
  .noinit             uninit   0xe01fc0c4     0x4  uart.o [1]
                             - 0xe01fc0c8     0x4

Absolute sections, part 34 of 52:             0xc
  .noinit             uninit   0xe01fc104     0x4  sys.o [1]
  .noinit             uninit   0xe01fc108     0x4  sys.o [1]
  .noinit             uninit   0xe01fc10c     0x4  sys.o [1]
                             - 0xe01fc110     0xc

Absolute sections, part 35 of 52:             0x4
  .noinit             uninit   0xe01fc140     0x4  drv_touch_scr.o [1]
                             - 0xe01fc144     0x4

Absolute sections, part 36 of 52:             0x4
  .noinit             uninit   0xe01fc188     0x4  sys.o [1]
                             - 0xe01fc18c     0x4

Absolute sections, part 37 of 52:             0x4
  .noinit             uninit   0xe01fc1a0     0x4  sys.o [1]
                             - 0xe01fc1a4     0x4

Absolute sections, part 38 of 52:             0x8
  .noinit             uninit   0xe01fc1a8     0x4  sys.o [1]
  .noinit             uninit   0xe01fc1ac     0x4  sys.o [1]
                             - 0xe01fc1b0     0x8

Absolute sections, part 39 of 52:             0x4
  .noinit             uninit   0xe01fc1b8     0x4  drv_glcd.o [1]
                             - 0xe01fc1bc     0x4

Absolute sections, part 40 of 52:             0x4
  .noinit             uninit   0xffe08000     0x4  sdram_64M_32bit_drv.o [1]
                             - 0xffe08004     0x4

Absolute sections, part 41 of 52:             0xc
  .noinit             uninit   0xffe08020     0x4  sdram_64M_32bit_drv.o [1]
  .noinit             uninit   0xffe08024     0x4  sdram_64M_32bit_drv.o [1]
  .noinit             uninit   0xffe08028     0x4  sdram_64M_32bit_drv.o [1]
                             - 0xffe0802c     0xc

Absolute sections, part 42 of 52:            0x2c
  .noinit             uninit   0xffe08030     0x4  sdram_64M_32bit_drv.o [1]
  .noinit             uninit   0xffe08034     0x4  sdram_64M_32bit_drv.o [1]
  .noinit             uninit   0xffe08038     0x4  sdram_64M_32bit_drv.o [1]
  .noinit             uninit   0xffe0803c     0x4  sdram_64M_32bit_drv.o [1]
  .noinit             uninit   0xffe08040     0x4  sdram_64M_32bit_drv.o [1]
  .noinit             uninit   0xffe08044     0x4  sdram_64M_32bit_drv.o [1]
  .noinit             uninit   0xffe08048     0x4  sdram_64M_32bit_drv.o [1]
  .noinit             uninit   0xffe0804c     0x4  sdram_64M_32bit_drv.o [1]
  .noinit             uninit   0xffe08050     0x4  sdram_64M_32bit_drv.o [1]
  .noinit             uninit   0xffe08054     0x4  sdram_64M_32bit_drv.o [1]
  .noinit             uninit   0xffe08058     0x4  sdram_64M_32bit_drv.o [1]
                             - 0xffe0805c    0x2c

Absolute sections, part 43 of 52:             0x8
  .noinit             uninit   0xffe08100     0x4  sdram_64M_32bit_drv.o [1]
  .noinit             uninit   0xffe08104     0x4  sdram_64M_32bit_drv.o [1]
                             - 0xffe08108     0x8

Absolute sections, part 44 of 52:             0xc
  .noinit             uninit   0xffe10000     0x4  drv_glcd.o [1]
  .noinit             uninit   0xffe10004     0x4  drv_glcd.o [1]
  .noinit             uninit   0xffe10008     0x4  drv_glcd.o [1]
                             - 0xffe1000c     0xc

Absolute sections, part 45 of 52:             0xc
  .noinit             uninit   0xffe10010     0x4  drv_glcd.o [1]
  .noinit             uninit   0xffe10014     0x4  drv_glcd.o [1]
  .noinit             uninit   0xffe10018     0x4  drv_glcd.o [1]
                             - 0xffe1001c     0xc

Absolute sections, part 46 of 52:             0x4
  .noinit             uninit   0xffe10200     0x4  drv_glcd.o [1]
                             - 0xffe10204     0x4

Absolute sections, part 47 of 52:             0x4
  .noinit             uninit   0xffe10c00     0x4  drv_glcd.o [1]
                             - 0xffe10c04     0x4

Absolute sections, part 48 of 52:             0xc
  .noinit             uninit   0xfffff00c     0x4  sys.o [1]
  .noinit             uninit   0xfffff010     0x4  uart.o [1]
  .noinit             uninit   0xfffff014     0x4  sys.o [1]
                             - 0xfffff018     0xc

Absolute sections, part 49 of 52:             0x8
  .noinit             uninit   0xfffff01c     0x4  sys.o [1]
  .noinit             uninit   0xfffff020     0x4  sys.o [1]
                             - 0xfffff024     0x8

Absolute sections, part 50 of 52:             0x4
  .noinit             uninit   0xfffff100     0x4  sys.o [1]
                             - 0xfffff104     0x4

Absolute sections, part 51 of 52:             0x4
  .noinit             uninit   0xfffff200     0x4  sys.o [1]
                             - 0xfffff204     0x4

Absolute sections, part 52 of 52:             0x4
  .noinit             uninit   0xffffff00     0x4  uart.o [1]
                             - 0xffffff04     0x4


*******************************************************************************
*** INIT TABLE
***

          Address     Size
          -------     ----
Zero (__iar_zero_init3)
    1 destination range, total size 0x13e:
          0x40000154  0x13e

Copy (__iar_copy_init3)
    1 source range, total size 0x34:
          0x0000003c   0x34
    1 destination range, total size 0x34:
          0x40000120   0x34



*******************************************************************************
*** MODULE SUMMARY
***

    Module                 ro code  ro data  rw data  rw data
                                                       (abs)
    ------                 -------  -------  -------  -------
C:\Users\gedemis\Desktop\31370\31370\Flash Debug\Obj: [1]
    ProgressBar.o              332
    Terminal_9_12x6.o                 3 116       24
    animation.o                338                 5       16
    devicespage.o            1 716       20       43
    draw.o                     636
    drv_glcd.o               2 620      164       64       52
    drv_touch_scr.o          2 124       64       21       68
    graph.o                  1 290        8
    graphpage.o                800                20
    gui.o                      476
    layout.o                   140
    learningpage.o             424       16        4
    main.o                     748       68      108       12
    mainpage.o                  84       12
    navigationbar.o            420       32        4
    parsing.o                  572
    sdram_64M_32bit_drv.o      600                         88
    sys.o                    1 084                        152
    uart.o                     728                49       31
    ---------------------------------------------------------
    Total:                  15 132    3 500      342      419

command line: [2]
    ---------------------------------------------------------
    Total:

dl4t_tln.a: [3]
    XShttio.o                    8        8        8
    abort.o                     12
    abs.o                        8
    div.o                       36
    errno.o                     16        4        4
    exit.o                      10
    low_level_init.o             4
    putchar.o                   42
    strtol.o                    12
    vsprintf.o                  48
    xassert.o                  118
    xgetmemchunk.o              44                 4
    xprintffull.o            3 740
    xreportassert.o            176
    xsprout.o                   10
    xstol.o                    160
    xstoul.o                   380
    xtls.o                       2
    xxmemxfree.o               140
    xxmemxmalloc.o             188                 8
    ---------------------------------------------------------
    Total:                   5 154       12       24

m4t_tl.a: [4]
    DblAdd.o                   320
    DblCmpEq.o                  44
    DblCmpGe.o                  56
    DblCmpLe.o                  56
    DblDiv.o                   824
    DblMul.o                   504
    DblSub.o                   496
    DblToS32.o                  96
    DblToU32.o                  60
    S32ToDbl.o                  96
    U32ToDbl.o                  16
    pow.o                    2 216
    sqrt.o                     364
    xdint.o                    140
    xdnorm.o                    72
    xdscale.o                  288
    xdtest.o                    52
    xexp.o                     708
    xlog.o                     168
    ---------------------------------------------------------
    Total:                   6 576

rt4t_al.a: [5]
    ABImemcpy.o                212
    I32DivMod.o                468
    I64DivMod.o                212
    I64DivZer.o                  4
    IntDivZer.o                  4
    cexit.o                     16
    cmain.o                     36
    copy_init3.o                48
    cstartup.o                 148
    data_init.o                 50
    iarEdom.o                   24
    memchr.o                   148
    strchr.o                    32
    strlen.o                    84
    vectortrap.o                 4
    zero_init3.o                42
    ---------------------------------------------------------
    Total:                   1 532

shs_l.a: [6]
    dwrite.o                    36
    exit.o                      32
    iarttio.o                  184
    iarwrite.o                  68
    iarwstd.o                   64
    write.o                     16
    xreturnswi.o                 4
    ---------------------------------------------------------
    Total:                     404

    Gaps                        10                 4
    Linker created             192       36   10 304
-------------------------------------------------------------
    Grand Total:            29 000    3 548   10 674      419


*******************************************************************************
*** ENTRY LIST
***

Entry                      Address   Size  Type      Object
-----                      -------   ----  ----      ------
?main                   0x00007e5c         Code  Gb  cmain.o [5]
ADC_Intr_Handler        0x00004dd1  0x280  Code  Gb  drv_touch_scr.o [1]
Abort_Handler           0x000080a8         Code  Wk  vectortrap.o [5]
Buffer                  0x40000154   0x2c  Data  Gb  main.o [1]
CLEAR_SCREEN            0x000031bd   0x2a  Code  Gb  drv_glcd.o [1]
CSTACK$$Base            0x40000298          --   Gb  - Linker created -
CSTACK$$Limit           0x40000698          --   Gb  - Linker created -
CurrX_Size              0x40000230    0x4  Data  Lc  drv_glcd.o [1]
CurrY_Size              0x4000022c    0x4  Data  Lc  drv_glcd.o [1]
DRAW_PIXEL              0x00003181   0x2c  Code  Gb  drv_glcd.o [1]
FIQ_Handler             0x0000371c    0x4  Code  Gb  sys.o [1]
FIQ_STACK$$Base         0x40000a98          --   Gb  - Linker created -
FIQ_STACK$$Limit        0x40000ad8          --   Gb  - Linker created -
GLCD_Ctrl               0x00003051   0x62  Code  Gb  drv_glcd.o [1]
GLCD_Cursor_Dis         0x00002ce1    0xe  Code  Gb  drv_glcd.o [1]
GLCD_Init               0x00002cf5  0x2ce  Code  Gb  drv_glcd.o [1]
GLCD_LoadPic            0x00003679   0x78  Code  Gb  drv_glcd.o [1]
GLCD_SetFont            0x000030bd    0xe  Code  Gb  drv_glcd.o [1]
GLCD_SetPallet          0x00002fdd   0x32  Code  Gb  drv_glcd.o [1]
GLCD_SetWindow          0x000030f1   0x74  Code  Gb  drv_glcd.o [1]
GLCD_TextCalcWindow     0x00003291   0xd2  Code  Lc  drv_glcd.o [1]
GLCD_TextSetPos         0x00003169    0xa  Code  Gb  drv_glcd.o [1]
GLCD_print              0x00003647   0x32  Code  Gb  drv_glcd.o [1]
GLCD_putchar            0x000033ad  0x29a  Code  Gb  drv_glcd.o [1]
GpioInit                0x00003a41   0x92  Code  Gb  sys.o [1]
Graph_addPoint          0x000066eb   0x3a  Code  Gb  graph.o [1]
Graph_clear             0x00006505   0x2a  Code  Gb  graph.o [1]
Graph_draw              0x0000652f   0x6e  Code  Gb  graph.o [1]
Graph_drawAxisNumber    0x0000633b  0x1ca  Code  Gb  graph.o [1]
Graph_getPixelXCoord    0x000065bd   0x94  Code  Gb  graph.o [1]
Graph_getPixelYCoord    0x00006651   0x9a  Code  Gb  graph.o [1]
Graph_init              0x00006295   0xa6  Code  Gb  graph.o [1]
Graph_plotPoints        0x00006725   0x7a  Code  Gb  graph.o [1]
HEAP$$Base              0x40000ad8          --   Gb  - Linker created -
HEAP$$Limit             0x40002ad8          --   Gb  - Linker created -
IRQ_Handler             0x00003720   0x34  Code  Gb  sys.o [1]
IRQ_STACK$$Base         0x40000698          --   Gb  - Linker created -
IRQ_STACK$$Limit        0x40000a98          --   Gb  - Linker created -
InitClock               0x000037bb  0x194  Code  Gb  sys.o [1]
LCD_LPBASE              0xffe10014    0x4  Data  Gb  drv_glcd.o [1]
LCD_PAL_BASE            0xffe10200    0x4  Data  Gb  drv_glcd.o [1]
LCD_SET_WINDOW          0x000031e7   0x34  Code  Gb  drv_glcd.o [1]
LCD_UPBASE              0xffe10010    0x4  Data  Gb  drv_glcd.o [1]
LCD_WRITE_PIXEL         0x00003225   0x5a  Code  Gb  drv_glcd.o [1]
OnTouchIntr_Handler     0x00004ced   0x86  Code  Gb  drv_touch_scr.o [1]
Prefetch_Handler        0x000080a8         Code  Wk  vectortrap.o [5]
ProgressBarDrawFull     0x0000618b   0x5c  Code  Gb  ProgressBar.o [1]
ProgressBarInit         0x00006149   0x32  Code  Gb  ProgressBar.o [1]
ProgressBarUpdate       0x000061e7   0xa6  Code  Gb  ProgressBar.o [1]
Region$$Table$$Base     0x00007fbc          --   Gb  - Linker created -
Region$$Table$$Limit    0x00007fe0          --   Gb  - Linker created -
RxFlag                  0x40000291    0x1  Data  Gb  uart.o [1]
SDRAM_BASE_ADDR {Abs}   0xa0000000          --   Gb  command line/config [2]
SDRAM_Init              0x00007941  0x1b6  Code  Gb  sdram_64M_32bit_drv.o [1]
SWI_Handler             0x000080a8         Code  Wk  vectortrap.o [5]
SYS_GetFpclk            0x000039d5   0x3c  Code  Gb  sys.o [1]
SYS_GetFsclk            0x0000394f   0x72  Code  Gb  sys.o [1]
Samples                 0x40000244    0x4  Data  Lc  drv_touch_scr.o [1]
State                   0x40000290    0x1  Data  Lc  drv_touch_scr.o [1]
T0MR0                   0xe0004018    0x4  Data  Gb  drv_touch_scr.o [1]
T0PR                    0xe000400c    0x4  Data  Gb  drv_touch_scr.o [1]
T2MR0                   0xe0070018    0x4  Data  Gb  animation.o [1]
TabSize                 0x40000148    0x4  Data  Lc  drv_glcd.o [1]
Terminal_9_12_6         0x40000120   0x18  Data  Gb  Terminal_9_12x6.o [1]
TextBackgndColour       0x40000210    0x4  Data  Lc  drv_glcd.o [1]
TextColour              0x4000020c    0x4  Data  Lc  drv_glcd.o [1]
TextStream              0x000020e0  0xc00  Data  Lc  Terminal_9_12x6.o [1]
TextX_Pos               0x40000214    0x4  Data  Lc  drv_glcd.o [1]
TextY_Pos               0x40000218    0x4  Data  Lc  drv_glcd.o [1]
Timer2IntrHandler       0x000072c7   0x62  Code  Gb  animation.o [1]
TimerIntr_Handler       0x00004be1  0x10c  Code  Gb  drv_touch_scr.o [1]
Touch                   0x4000023c    0x4  Data  Lc  drv_touch_scr.o [1]
TouchGet                0x00005325   0x6e  Code  Gb  drv_touch_scr.o [1]
TouchScrInit            0x000050b1  0x244  Code  Gb  drv_touch_scr.o [1]
Touch_temp              0x40000240    0x4  Data  Lc  drv_touch_scr.o [1]
U0RBRTHR                0xe000c000    0x1  Data  Gb  uart.o [1]
UART_Buffer             0x40000180   0x2c  Data  Lc  uart.o [1]
Uart0Isr                0x00006f69   0x7c  Code  Lc  uart.o [1]
UartCalcDivider         0x00007195   0x7c  Code  Lc  uart.o [1]
UartCheck               0x00006f39   0x30  Code  Gb  uart.o [1]
UartInit                0x00006fe5   0xac  Code  Gb  uart.o [1]
UartSetLineCoding       0x00007091   0xcc  Code  Gb  uart.o [1]
Undefined_Handler       0x000080a8         Code  Wk  vectortrap.o [5]
VICADDRESS              0xffffff00    0x4  Data  Gb  uart.o [1]
VICVECTADDR0            0xfffff100    0x4  Data  Gb  sys.o [1]
VIC_Init                0x00003755   0x42  Code  Gb  sys.o [1]
VIC_SetVectoredIRQ      0x00003797   0x24  Code  Gb  sys.o [1]
WindX_Size              0x40000228    0x4  Data  Lc  drv_glcd.o [1]
WindY_Size              0x40000224    0x4  Data  Lc  drv_glcd.o [1]
X                       0x40000284    0x2  Data  Lc  drv_touch_scr.o [1]
XL_Win                  0x4000021c    0x4  Data  Lc  drv_glcd.o [1]
XR_Win                  0x40000140    0x4  Data  Lc  drv_glcd.o [1]
X_temp                  0x40000288    0x2  Data  Lc  drv_touch_scr.o [1]
Y                       0x40000286    0x2  Data  Lc  drv_touch_scr.o [1]
YD_Win                  0x40000144    0x4  Data  Lc  drv_glcd.o [1]
YU_Win                  0x40000220    0x4  Data  Lc  drv_glcd.o [1]
Y_temp                  0x4000028a    0x2  Data  Lc  drv_touch_scr.o [1]
_A_AD0CR                0xe0034000    0x4  Data  Gb  drv_touch_scr.o [1]
_A_AD0GDR               0xe0034004    0x4  Data  Gb  drv_touch_scr.o [1]
_A_ADINTEN              0xe003400c    0x4  Data  Gb  drv_touch_scr.o [1]
_A_ADSTAT               0xe0034030    0x4  Data  Gb  drv_touch_scr.o [1]
_A_AHBCFG1              0xe01fc188    0x4  Data  Gb  sys.o [1]
_A_CCLKCFG              0xe01fc104    0x4  Data  Gb  sys.o [1]
_A_CLKSRCSEL            0xe01fc10c    0x4  Data  Gb  sys.o [1]
_A_CRSR_CTRL            0xffe10c00    0x4  Data  Gb  drv_glcd.o [1]
_A_EMCCONTROL           0xffe08000    0x4  Data  Gb  sdram_64M_32bit_drv.o [1]
_A_EMCDINAMICCTRL       0xffe08020    0x4  Data  Gb  sdram_64M_32bit_drv.o [1]
_A_EMCDINAMICRDCFG      0xffe08028    0x4  Data  Gb  sdram_64M_32bit_drv.o [1]
_A_EMCDINAMICRFR        0xffe08024    0x4  Data  Gb  sdram_64M_32bit_drv.o [1]
_A_EMCDYNAMICAPR        0xffe0803c    0x4  Data  Gb  sdram_64M_32bit_drv.o [1]
_A_EMCDYNAMICCFG0       0xffe08100    0x4  Data  Gb  sdram_64M_32bit_drv.o [1]
_A_EMCDYNAMICDAL        0xffe08040    0x4  Data  Gb  sdram_64M_32bit_drv.o [1]
_A_EMCDYNAMICMRD        0xffe08058    0x4  Data  Gb  sdram_64M_32bit_drv.o [1]
_A_EMCDYNAMICRAS        0xffe08034    0x4  Data  Gb  sdram_64M_32bit_drv.o [1]
_A_EMCDYNAMICRASCAS0    0xffe08104    0x4  Data  Gb  sdram_64M_32bit_drv.o [1]
_A_EMCDYNAMICRC         0xffe08048    0x4  Data  Gb  sdram_64M_32bit_drv.o [1]
_A_EMCDYNAMICRFC        0xffe0804c    0x4  Data  Gb  sdram_64M_32bit_drv.o [1]
_A_EMCDYNAMICRP         0xffe08030    0x4  Data  Gb  sdram_64M_32bit_drv.o [1]
_A_EMCDYNAMICRRD        0xffe08054    0x4  Data  Gb  sdram_64M_32bit_drv.o [1]
_A_EMCDYNAMICSREX       0xffe08038    0x4  Data  Gb  sdram_64M_32bit_drv.o [1]
_A_EMCDYNAMICWR         0xffe08044    0x4  Data  Gb  sdram_64M_32bit_drv.o [1]
_A_EMCDYNAMICXSR        0xffe08050    0x4  Data  Gb  sdram_64M_32bit_drv.o [1]
_A_EXTINT               0xe01fc140    0x4  Data  Gb  drv_touch_scr.o [1]
_A_FIO0CLR              0x3fffc01c    0x4  Data  Gb  drv_touch_scr.o [1]
_A_FIO0DIR              0x3fffc000    0x4  Data  Gb  sys.o [1]
_A_FIO0MASK             0x3fffc010    0x4  Data  Gb  sys.o [1]
_A_FIO0PIN              0x3fffc014    0x4  Data  Gb  drv_touch_scr.o [1]
_A_FIO0SET              0x3fffc018    0x4  Data  Gb  drv_touch_scr.o [1]
_A_FIO1DIR              0x3fffc020    0x4  Data  Gb  sys.o [1]
_A_FIO1MASK             0x3fffc030    0x4  Data  Gb  sys.o [1]
_A_FIO1SET              0x3fffc038    0x4  Data  Gb  main.o [1]
_A_FIO2DIR              0x3fffc040    0x4  Data  Gb  sys.o [1]
_A_FIO2MASK             0x3fffc050    0x4  Data  Gb  sys.o [1]
_A_FIO3DIR              0x3fffc060    0x4  Data  Gb  sys.o [1]
_A_FIO3MASK             0x3fffc070    0x4  Data  Gb  sys.o [1]
_A_FIO4DIR              0x3fffc080    0x4  Data  Gb  sys.o [1]
_A_FIO4MASK             0x3fffc090    0x4  Data  Gb  sys.o [1]
_A_IO0DIR               0xe0028008    0x4  Data  Gb  sys.o [1]
_A_IO0INTCLR            0xe002808c    0x4  Data  Gb  drv_touch_scr.o [1]
_A_IO0INTENR            0xe0028090    0x4  Data  Gb  drv_touch_scr.o [1]
_A_IO1DIR               0xe0028018    0x4  Data  Gb  sys.o [1]
_A_LCD_CFG              0xe01fc1b8    0x4  Data  Gb  drv_glcd.o [1]
_A_LCD_CTRL             0xffe10018    0x4  Data  Gb  drv_glcd.o [1]
_A_LCD_POL              0xffe10008    0x4  Data  Gb  drv_glcd.o [1]
_A_LCD_TIMH             0xffe10000    0x4  Data  Gb  drv_glcd.o [1]
_A_LCD_TIMV             0xffe10004    0x4  Data  Gb  drv_glcd.o [1]
_A_MAMCR                0xe01fc000    0x4  Data  Gb  main.o [1]
_A_MAMTIM               0xe01fc004    0x4  Data  Gb  main.o [1]
_A_PCLKSEL0             0xe01fc1a8    0x4  Data  Gb  sys.o [1]
_A_PCLKSEL1             0xe01fc1ac    0x4  Data  Gb  sys.o [1]
_A_PCONP                0xe01fc0c4    0x4  Data  Gb  uart.o [1]
_A_PINMODE0             0xe002c040    0x4  Data  Gb  drv_glcd.o [1]
_A_PINMODE1             0xe002c044    0x4  Data  Gb  drv_touch_scr.o [1]
_A_PINMODE3             0xe002c04c    0x4  Data  Gb  drv_glcd.o [1]
_A_PINMODE4             0xe002c050    0x4  Data  Gb  drv_glcd.o [1]
_A_PINMODE5             0xe002c054    0x4  Data  Gb  sdram_64M_32bit_drv.o [1]
_A_PINMODE6             0xe002c058    0x4  Data  Gb  sdram_64M_32bit_drv.o [1]
_A_PINMODE7             0xe002c05c    0x4  Data  Gb  sdram_64M_32bit_drv.o [1]
_A_PINMODE8             0xe002c060    0x4  Data  Gb  sdram_64M_32bit_drv.o [1]
_A_PINMODE9             0xe002c064    0x4  Data  Gb  sdram_64M_32bit_drv.o [1]
_A_PINSEL0              0xe002c000    0x4  Data  Gb  uart.o [1]
_A_PINSEL1              0xe002c004    0x4  Data  Gb  sys.o [1]
_A_PINSEL11             0xe002c02c    0x4  Data  Gb  drv_glcd.o [1]
_A_PINSEL2              0xe002c008    0x4  Data  Gb  sys.o [1]
_A_PINSEL3              0xe002c00c    0x4  Data  Gb  sys.o [1]
_A_PINSEL4              0xe002c010    0x4  Data  Gb  sys.o [1]
_A_PINSEL5              0xe002c014    0x4  Data  Gb  sys.o [1]
_A_PINSEL6              0xe002c018    0x4  Data  Gb  sys.o [1]
_A_PINSEL7              0xe002c01c    0x4  Data  Gb  sys.o [1]
_A_PINSEL8              0xe002c020    0x4  Data  Gb  sys.o [1]
_A_PINSEL9              0xe002c024    0x4  Data  Gb  sys.o [1]
_A_PLLCFG               0xe01fc084    0x4  Data  Gb  sys.o [1]
_A_PLLCON               0xe01fc080    0x4  Data  Gb  sys.o [1]
_A_PLLFEED              0xe01fc08c    0x4  Data  Gb  sys.o [1]
_A_PLLSTAT              0xe01fc088    0x4  Data  Gb  sys.o [1]
_A_SCS                  0xe01fc1a0    0x4  Data  Gb  sys.o [1]
_A_T0CTCR               0xe0004070    0x4  Data  Gb  drv_touch_scr.o [1]
_A_T0IR                 0xe0004000    0x4  Data  Gb  drv_touch_scr.o [1]
_A_T0MCR                0xe0004014    0x4  Data  Gb  drv_touch_scr.o [1]
_A_T0TCR                0xe0004004    0x4  Data  Gb  drv_touch_scr.o [1]
_A_T2IR                 0xe0070000    0x4  Data  Gb  animation.o [1]
_A_T2MCR                0xe0070014    0x4  Data  Gb  animation.o [1]
_A_T2TCR                0xe0070004    0x4  Data  Gb  animation.o [1]
_A_U0FCR                0xe000c008    0x4  Data  Gb  uart.o [1]
_A_U0FDR                0xe000c028    0x4  Data  Gb  uart.o [1]
_A_U0IER                0xe000c004    0x4  Data  Gb  uart.o [1]
_A_U0LCR                0xe000c00c    0x1  Data  Gb  uart.o [1]
_A_U0TER                0xe000c030    0x1  Data  Gb  uart.o [1]
_A_USBCLKCFG            0xe01fc108    0x4  Data  Gb  sys.o [1]
_A_VICINTENABLE         0xfffff010    0x4  Data  Gb  uart.o [1]
_A_VICINTENCLEAR        0xfffff014    0x4  Data  Gb  sys.o [1]
_A_VICINTSELECT         0xfffff00c    0x4  Data  Gb  sys.o [1]
_A_VICPROTECTION        0xfffff020    0x4  Data  Gb  sys.o [1]
_A_VICSOFTINTCLEAR      0xfffff01c    0x4  Data  Gb  sys.o [1]
_A_VICVECTPRIORITY0     0xfffff200    0x4  Data  Gb  sys.o [1]
_GenldFull              0x00000d99  0x2c0  Code  Lc  xprintffull.o [3]
_LdtobFull              0x000008e5  0x49e  Code  Lc  xprintffull.o [3]
_LitobFull              0x000007c3  0x11e  Code  Lc  xprintffull.o [3]
_PrintfFull             0x00000211  0x5b2  Code  Gb  xprintffull.o [3]
_PutcharsFull           0x00001059   0x36  Code  Lc  xprintffull.o [3]
_SProut                 0x00003d0f    0xa  Code  Gb  xsprout.o [3]
__aeabi_assert          0x00003b5b   0x74  Code  Gb  xassert.o [3]
__aeabi_cdcmpeq         0x00004800         Code  Gb  DblCmpEq.o [4]
__aeabi_cdcmple         0x000013bc         Code  Gb  DblCmpLe.o [4]
__aeabi_cdrcmple        0x000013f8         Code  Gb  DblCmpGe.o [4]
__aeabi_d2iz            0x00001554         Code  Gb  DblToS32.o [4]
__aeabi_d2uiz           0x00001f20         Code  Gb  DblToU32.o [4]
__aeabi_dadd            0x00001f9c         Code  Gb  DblAdd.o [4]
__aeabi_ddiv            0x00001be4         Code  Gb  DblDiv.o [4]
__aeabi_dmul            0x000019e8         Code  Gb  DblMul.o [4]
__aeabi_dsub            0x0000161c         Code  Gb  DblSub.o [4]
__aeabi_errno_addr      0x0000482d    0xc  Code  Gb  errno.o [3]
__aeabi_i2d             0x000015b8         Code  Gb  S32ToDbl.o [4]
__aeabi_idiv            0x00001810         Code  Gb  I32DivMod.o [5]
__aeabi_idiv0           0x000020dc         Code  Gb  IntDivZer.o [5]
__aeabi_idivmod         0x00001810         Code  Gb  I32DivMod.o [5]
__aeabi_ldiv0           0x00001f94         Code  Gb  I64DivZer.o [5]
__aeabi_memcpy          0x0000129c         Code  Gb  ABImemcpy.o [5]
__aeabi_memcpy4         0x000012c0         Code  Gb  ABImemcpy.o [5]
__aeabi_memcpy8         0x000012c0         Code  Gb  ABImemcpy.o [5]
__aeabi_ui2d            0x00001f60         Code  Gb  U32ToDbl.o [4]
__aeabi_uidiv           0x00001840         Code  Gb  I32DivMod.o [5]
__aeabi_uidivmod        0x00001840         Code  Gb  I32DivMod.o [5]
__aeabi_uldivmod        0x000011c4         Code  Gb  I64DivMod.o [5]
__cmain                 0x00007e5c         Code  Gb  cmain.o [5]
__data_Aldata           0x400001f0    0x8  Data  Gb  xxmemxmalloc.o [3]
__data_GetMemChunk      0x00005ea1   0x2c  Code  Gb  xgetmemchunk.o [3]
__dwrite                0x00003e14   0x24  Code  Gb  dwrite.o [6]
__exit                  0x00003d1c   0x20  Code  Gb  exit.o [6]
__iar_Dint              0x00004771   0x8c  Code  Gb  xdint.o [4]
__iar_Dnorm             0x00001371   0x48  Code  Gb  xdnorm.o [4]
__iar_Dscale            0x00001431  0x120  Code  Gb  xdscale.o [4]
__iar_Dtest             0x00004bad   0x34  Code  Gb  xdtest.o [4]
__iar_EmptyStepPoint    0x00003b59    0x2  Code  Gb  xassert.o [3]
__iar_Errno             0x4000014c    0x4  Data  Gb  errno.o [3]
__iar_Exp               0x000048e5  0x2c4  Code  Gb  xexp.o [4]
__iar_Logpoly           0x0000483d   0x70  Code  Gb  xlog.o [4]
__iar_Memchr            0x0000112c         Code  Gb  memchr.o [5]
__iar_ReportAssert      0x00003c41   0x5e  Code  Gb  xreportassert.o [3]
__iar_Stolx             0x00007bb9   0xa0  Code  Gb  xstol.o [3]
__iar_Stoulx            0x00007c59  0x12c  Code  Gb  xstoul.o [3]
__iar_Strchr            0x000010b0         Code  Gb  strchr.o [5]
__iar_close_ttio        0x00003d5c   0x58  Code  Gb  iarttio.o [6]
__iar_copy_init3        0x00007f8d   0x30  Code  Gb  copy_init3.o [5]
__iar_dadd              0x00001fac         Code  Gb  DblAdd.o [4]
__iar_data_init3        0x00007e85   0x30  Code  Gb  data_init.o [5]
__iar_dlib_perthread_access
                        0x00004ba9    0x2  Code  Gb  xtls.o [3]
__iar_dsub              0x0000162c         Code  Gb  DblSub.o [4]
__iar_dsubStart         0x0000164c         Code  Gb  DblSub.o [4]
__iar_edom              0x00006924         Code  Gb  iarEdom.o [5]
__iar_enable_interrupt  0x00007b9c         Code  Gb  main.o [1]
__iar_get_ttio          0x00003db4   0x5c  Code  Gb  iarttio.o [6]
__iar_i2d               0x000015cc         Code  Gb  S32ToDbl.o [4]
__iar_lookup_ttioh      0x00003e39    0x8  Code  Gb  XShttio.o [3]
__iar_program_start     0x00007dd4         Code  Gb  cstartup.o [5]
__iar_return_from_swi   0x000080ac    0x4  Code  Gb  xreturnswi.o [6]
__iar_sh_stdout         0x00003e40   0x40  Code  Gb  iarwstd.o [6]
__iar_sh_write          0x00003e80   0x44  Code  Gb  iarwrite.o [6]
__iar_sqrt              0x000067ac         Code  Gb  sqrt.o [4]
__iar_ttio_handles      0x40000138    0x8  Data  Lc  XShttio.o [3]
__iar_zero_init3        0x00003bcf   0x2a  Code  Gb  zero_init3.o [5]
__low_level_init        0x00007e81    0x4  Code  Gb  low_level_init.o [3]
__vector                0x00000000         Data  Gb  cstartup.o [5]
__write                 0x00003d40   0x10  Code  Gb  write.o [6]
_call_main              0x00007e6c         Code  Gb  cmain.o [5]
_exit                   0x00007ec4         Code  Gb  cexit.o [5]
_main                   0x00007e74         Code  Gb  cmain.o [5]
abort                   0x00003cd9    0xc  Code  Gb  abort.o [3]
abs                     0x0000679f    0x8  Code  Gb  abs.o [3]
activeGraph             0x40000254    0x4  Data  Gb  graphpage.o [1]
addDevice               0x0000553b  0x104  Code  Gb  devicespage.o [1]
addWindow               0x00005bbd   0x12  Code  Gb  layout.o [1]
animationHolder         0x400001f8    0x4  Data  Gb  animation.o [1]
changeToCurrent         0x00006b3b   0x3c  Code  Gb  graphpage.o [1]
changeToPower           0x00006b77   0x3c  Code  Gb  graphpage.o [1]
changeToVoltage         0x00006aff   0x3c  Code  Gb  graphpage.o [1]
checkDevices            0x000056d5  0x3ea  Code  Gb  devicespage.o [1]
clearDevices            0x0000563f   0x38  Code  Gb  devicespage.o [1]
convertCurrent          0x00007855   0x2e  Code  Lc  parsing.o [1]
convertH_power          0x000078cd   0x3c  Code  Lc  parsing.o [1]
convertP_power          0x00007883   0x28  Code  Lc  parsing.o [1]
convertQ_power          0x000078ab   0x22  Code  Lc  parsing.o [1]
convertVoltage          0x00007827   0x2e  Code  Lc  parsing.o [1]
crp                     0x000001fc    0x4  Data  Gb  main.o [1]
currentGraph            0x4000024c    0x4  Data  Gb  graphpage.o [1]
currentPage             0x40000260    0x4  Data  Gb  main.o [1]
deviceInit              0x00005501   0x3a  Code  Gb  devicespage.o [1]
devices                 0x400001d8   0x18  Data  Lc  devicespage.o [1]
devicesPage             0x40000270    0x4  Data  Gb  main.o [1]
digits                  0x00007d84   0x28  Data  Lc  xstoul.o [3]
dispatchTouch           0x00005c05   0x34  Code  Gb  layout.o [1]
div                     0x00001f71   0x24  Code  Gb  div.o [3]
doLearn                 0x000075cf  0x116  Code  Gb  learningpage.o [1]
drawCircle              0x00005fa5   0x36  Code  Gb  draw.o [1]
drawFilledCircle        0x00006061   0x56  Code  Gb  draw.o [1]
drawFilledRectangle     0x000060fd   0x4c  Code  Gb  draw.o [1]
drawHorizontalLine      0x00005ecd   0x22  Code  Gb  draw.o [1]
drawLine                0x00005f11   0x94  Code  Gb  draw.o [1]
drawRectangle           0x000060b7   0x46  Code  Gb  draw.o [1]
drawVerticalLine        0x00005eef   0x22  Code  Gb  draw.o [1]
drawWindow              0x00005c7b   0xf8  Code  Gb  gui.o [1]
drawWindows             0x00005be3   0x22  Code  Gb  layout.o [1]
edgeDetected            0x4000028e    0x1  Data  Lc  devicespage.o [1]
edgeDetection           0x000056a1   0x32  Code  Gb  devicespage.o [1]
exit                    0x00007eb7    0xa  Code  Gb  exit.o [3]
free                    0x00005e15   0x86  Code  Gb  xxmemxfree.o [3]
getPixelWidth           0x0000617b   0x10  Code  Gb  ProgressBar.o [1]
graphPage               0x4000026c    0x4  Data  Gb  main.o [1]
init                    0x00006e61   0x82  Code  Gb  main.o [1]
initAnimations          0x00007211   0x86  Code  Gb  animation.o [1]
initDevicesPage         0x0000543d   0xc4  Code  Gb  devicespage.o [1]
initGraphPage           0x0000693d  0x148  Code  Gb  graphpage.o [1]
initLayout              0x00005bad   0x10  Code  Gb  layout.o [1]
initLearningPage        0x0000755d   0x72  Code  Gb  learningpage.o [1]
initMainPage            0x00007509   0x54  Code  Gb  mainpage.o [1]
initNavigationBar       0x00007365   0xf4  Code  Gb  navigationbar.o [1]
initRectangleWindow     0x00005c39   0x36  Code  Gb  gui.o [1]
internal_Pow            0x00003ec9  0x444  Code  Lc  pow.o [4]
isAnimating             0x00007329    0x6  Code  Gb  animation.o [1]
iterator                0x4000027c    0x4  Data  Lc  uart.o [1]
lastReading             0x40000200    0x4  Data  Lc  devicespage.o [1]
lastStationary          0x40000204    0x4  Data  Lc  devicespage.o [1]
learningPage            0x40000268    0x4  Data  Gb  main.o [1]
lnbias                  0x00004350  0x420  Data  Lc  pow.o [4]
mAnimating              0x4000028c    0x1  Data  Gb  animation.o [1]
mX                      0x40000150    0x2  Data  Lc  devicespage.o [1]
mY                      0x40000152    0x2  Data  Lc  devicespage.o [1]
main                    0x00006c5d  0x16c  Code  Gb  main.o [1]
mainPage                0x40000264    0x4  Data  Gb  main.o [1]
malloc                  0x00005af1   0xb6  Code  Gb  xxmemxmalloc.o [3]
measurement             0x400001b0   0x28  Data  Gb  main.o [1]
memchr                  0x0000112c         Code  Gb  memchr.o [5]
navigationBar           0x40000274    0x4  Data  Gb  main.o [1]
ndigs                   0x00007dac   0x28  Data  Lc  xstoul.o [3]
onTouch                 0x00005dd1   0x42  Code  Gb  gui.o [1]
out                     0x00003c29   0x18  Code  Lc  xreportassert.o [3]
pCurrFont               0x40000208    0x4  Data  Lc  drv_glcd.o [1]
pPix                    0x40000238    0x4  Data  Lc  drv_glcd.o [1]
pWind                   0x40000234    0x4  Data  Lc  drv_glcd.o [1]
parse                   0x00007705  0x122  Code  Gb  parsing.o [1]
pb                      0x4000025c    0x4  Data  Gb  learningpage.o [1]
plot4points             0x0000600d   0x54  Code  Gb  draw.o [1]
plot8points             0x00005fdb   0x32  Code  Gb  draw.o [1]
postAnimation           0x00007297   0x30  Code  Gb  animation.o [1]
pow                     0x0000433d   0x12  Code  Gb  pow.o [4]
powerGraph              0x40000250    0x4  Data  Gb  graphpage.o [1]
putchar                 0x00003ce5   0x2a  Code  Gb  putchar.o [3]
refreshGraph            0x00006c0d   0x10  Code  Gb  graphpage.o [1]
removeWindow            0x00005bcf   0x14  Code  Gb  layout.o [1]
setHidden               0x00005d85   0x4c  Code  Gb  gui.o [1]
setOnClick              0x00005c73    0x8  Code  Gb  gui.o [1]
setSelected             0x00006bbd   0x50  Code  Lc  graphpage.o [1]
setSelected             0x000074a1   0x3a  Code  Lc  navigationbar.o [1]
setText                 0x00005c6f    0x4  Code  Gb  gui.o [1]
size                    0x4000028d    0x1  Data  Lc  devicespage.o [1]
sqrt                    0x000067ac         Code  Gb  sqrt.o [4]
sqrtl                   0x000067ac         Code  Gb  sqrt.o [4]
steadyDetected          0x4000028f    0x1  Data  Lc  devicespage.o [1]
strchr                  0x000010b0         Code  Gb  strchr.o [5]
strlen                  0x000010d4         Code  Gb  strlen.o [5]
strtol                  0x00007bad    0xc  Code  Gb  strtol.o [3]
swapToDevices           0x0000748f   0x12  Code  Gb  navigationbar.o [1]
swapToGraph             0x0000747d   0x12  Code  Gb  navigationbar.o [1]
swapToLearning          0x0000746b   0x12  Code  Gb  navigationbar.o [1]
swapToMain              0x00007459   0x12  Code  Gb  navigationbar.o [1]
swapToPage              0x00006dc9   0x98  Code  Gb  main.o [1]
thisPage                0x400001fc    0x4  Data  Lc  devicespage.o [1]
thisPage                0x40000258    0x4  Data  Lc  graphpage.o [1]
thisPage                0x40000278    0x4  Data  Lc  navigationbar.o [1]
updateGraphPage         0x00006a85   0x7a  Code  Gb  graphpage.o [1]
voltageGraph            0x40000248    0x4  Data  Gb  graphpage.o [1]
vsprintf                0x00003bf9   0x30  Code  Gb  vsprintf.o [3]


[1] = C:\Users\gedemis\Desktop\31370\31370\Flash Debug\Obj
[2] = command line
[3] = dl4t_tln.a
[4] = m4t_tl.a
[5] = rt4t_al.a
[6] = shs_l.a

  29 000 bytes of readonly  code memory
   3 548 bytes of readonly  data memory
  10 674 bytes of readwrite data memory (+ 419 absolute)

Errors: none
Warnings: none
