###############################################################################
#                                                                             #
# IAR ELF Linker V6.50.2.4510/W32 for ARM               14/Jan/2013  17:25:33 #
# Copyright 2007-2012 IAR Systems AB.                                         #
#                                                                             #
#    Output file  =  C:\Users\gedemis\Desktop\31370\31370\Flash               #
#                    Debug\Exe\virtual_com.out.tmp                            #
#    Map file     =  C:\Users\gedemis\Desktop\31370\31370\Flash               #
#                    Debug\List\virtual_com.map                               #
#    Command line =  "C:\Users\gedemis\Desktop\31370\31370\Flash              #
#                    Debug\Obj\ProgressBar.o" "C:\Users\gedemis\Desktop\31370 #
#                    \31370\Flash Debug\Obj\Terminal_18_24x12.o"              #
#                    "C:\Users\gedemis\Desktop\31370\31370\Flash              #
#                    Debug\Obj\Terminal_6_8x6.o"                              #
#                    "C:\Users\gedemis\Desktop\31370\31370\Flash              #
#                    Debug\Obj\Terminal_9_12x6.o"                             #
#                    "C:\Users\gedemis\Desktop\31370\31370\Flash              #
#                    Debug\Obj\animation.o" "C:\Users\gedemis\Desktop\31370\3 #
#                    1370\Flash Debug\Obj\button.o"                           #
#                    "C:\Users\gedemis\Desktop\31370\31370\Flash              #
#                    Debug\Obj\draw.o" "C:\Users\gedemis\Desktop\31370\31370\ #
#                    Flash Debug\Obj\drv_glcd.o"                              #
#                    "C:\Users\gedemis\Desktop\31370\31370\Flash              #
#                    Debug\Obj\drv_touch_scr.o" "C:\Users\gedemis\Desktop\313 #
#                    70\31370\Flash Debug\Obj\graph.o"                        #
#                    "C:\Users\gedemis\Desktop\31370\31370\Flash              #
#                    Debug\Obj\graphpage.o" "C:\Users\gedemis\Desktop\31370\3 #
#                    1370\Flash Debug\Obj\gui.o"                              #
#                    "C:\Users\gedemis\Desktop\31370\31370\Flash              #
#                    Debug\Obj\layout.o" "C:\Users\gedemis\Desktop\31370\3137 #
#                    0\Flash Debug\Obj\learningpage.o"                        #
#                    "C:\Users\gedemis\Desktop\31370\31370\Flash              #
#                    Debug\Obj\main.o" "C:\Users\gedemis\Desktop\31370\31370\ #
#                    Flash Debug\Obj\mainpage.o"                              #
#                    "C:\Users\gedemis\Desktop\31370\31370\Flash              #
#                    Debug\Obj\parsing.o" "C:\Users\gedemis\Desktop\31370\313 #
#                    70\Flash Debug\Obj\sdram_64M_32bit_drv.o"                #
#                    "C:\Users\gedemis\Desktop\31370\31370\Flash              #
#                    Debug\Obj\sys.o" "C:\Users\gedemis\Desktop\31370\31370\F #
#                    lash Debug\Obj\uart.o" --redirect _Printf=_PrintfFull    #
#                    --redirect _Scanf=_ScanfFull -o                          #
#                    "C:\Users\gedemis\Desktop\31370\31370\Flash              #
#                    Debug\Exe\virtual_com.out.tmp" --map                     #
#                    "C:\Users\gedemis\Desktop\31370\31370\Flash              #
#                    Debug\List\virtual_com.map" --config                     #
#                    C:\Users\gedemis\Desktop\31370\31370\config\LPC2478_Flas #
#                    h.icf --semihosting --entry __iar_program_start --vfe    #
#                                                                             #
#                                                                             #
###############################################################################

*******************************************************************************
*** RUNTIME MODEL ATTRIBUTES
***

CppFlavor       = *
__Heap_Handler  = Basic
__SystemLibrary = DLib


*******************************************************************************
*** PLACEMENT SUMMARY
***

"A1":  place at 0x00000000 { ro section .intvec };
"P1":  place in [from 0x00000000 to 0x000001fb] |
                [from 0x00000200 to 0x0007dfff] { ro };
"P2":  place in [from 0x40000000 to 0x4000003f] |
                [from 0x40000120 to 0x4000ffdf] {
          rw, block CSTACK, block SVC_STACK, block IRQ_STACK, block FIQ_STACK,
          block UND_STACK, block ABT_STACK, block HEAP };
"P6":  place in [from 0x000001fc to 0x000001ff] { section .crp };

  Section             Kind        Address    Size  Object
  -------             ----        -------    ----  ------
"A1":                                        0x3c
  .intvec             ro code  0x00000000    0x3c  cstartup.o [5]
                             - 0x0000003c    0x3c

"P1", part 1 of 2:                           0x30
  Initializer bytes   ro data  0x0000003c    0x30  <for P2 s0>
                             - 0x0000006c    0x30

"P6":                                         0x4
  .crp                const    0x000001fc     0x4  main.o [1]
                             - 0x00000200     0x4

"P1", part 2 of 2:                         0x75b4
  Veneer              ro code  0x00000200    0x10  - Linker created -
  .text               ro code  0x00000210   0xe9c  xprintffull.o [3]
  Veneer              ro code  0x000010ac     0x4  - Linker created -
  .text               ro code  0x000010b0    0x20  strchr.o [5]
  Veneer              ro code  0x000010d0     0x4  - Linker created -
  .text               ro code  0x000010d4    0x54  strlen.o [5]
  Veneer              ro code  0x00001128     0x4  - Linker created -
  .text               ro code  0x0000112c    0x94  memchr.o [5]
  Veneer              ro code  0x000011c0     0x4  - Linker created -
  .text               ro code  0x000011c4    0xd4  I64DivMod.o [5]
  Veneer              ro code  0x00001298     0x4  - Linker created -
  .text               ro code  0x0000129c    0xd4  ABImemcpy.o [5]
  .text               ro code  0x00001370    0x48  xdnorm.o [4]
  Veneer              ro code  0x000013b8     0x4  - Linker created -
  .text               ro code  0x000013bc    0x38  DblCmpLe.o [4]
  Veneer              ro code  0x000013f4     0x4  - Linker created -
  .text               ro code  0x000013f8    0x38  DblCmpGe.o [4]
  .text               ro code  0x00001430   0x120  xdscale.o [4]
  Veneer              ro code  0x00001550     0x4  - Linker created -
  .text               ro code  0x00001554    0x60  DblToS32.o [4]
  Veneer              ro code  0x000015b4     0x4  - Linker created -
  .text               ro code  0x000015b8    0x60  S32ToDbl.o [4]
  Veneer              ro code  0x00001618     0x4  - Linker created -
  .text               ro code  0x0000161c   0x1f0  DblSub.o [4]
  Veneer              ro code  0x0000180c     0x4  - Linker created -
  .text               ro code  0x00001810   0x1d4  I32DivMod.o [5]
  Veneer              ro code  0x000019e4     0x4  - Linker created -
  .text               ro code  0x000019e8   0x1f8  DblMul.o [4]
  Veneer              ro code  0x00001be0     0x4  - Linker created -
  .text               ro code  0x00001be4   0x338  DblDiv.o [4]
  Veneer              ro code  0x00001f1c     0x4  - Linker created -
  .text               ro code  0x00001f20    0x3c  DblToU32.o [4]
  Veneer              ro code  0x00001f5c     0x4  - Linker created -
  .text               ro code  0x00001f60    0x10  U32ToDbl.o [4]
  .text               ro code  0x00001f70    0x24  div.o [3]
  .text               ro code  0x00001f94     0x4  I64DivZer.o [5]
  Veneer              ro code  0x00001f98     0x4  - Linker created -
  .text               ro code  0x00001f9c   0x140  DblAdd.o [4]
  .text               ro code  0x000020dc     0x4  IntDivZer.o [5]
  .rodata             const    0x000020e0   0xc00  Terminal_9_12x6.o [1]
  .text               ro code  0x00002ce0   0xa3c  drv_glcd.o [1]
  .text               ro code  0x0000371c   0x43c  sys.o [1]
  .text               ro code  0x00003b58    0x76  xassert.o [3]
  .text               ro code  0x00003bce    0x2a  zero_init3.o [5]
  .text               ro code  0x00003bf8    0x30  vsprintf.o [3]
  .text               ro code  0x00003c28    0xb0  xreportassert.o [3]
  .text               ro code  0x00003cd8     0xc  abort.o [3]
  .text               ro code  0x00003ce4    0x2a  putchar.o [3]
  .text               ro code  0x00003d0e     0xa  xsprout.o [3]
  Veneer              ro code  0x00003d18     0x4  - Linker created -
  .text               ro code  0x00003d1c    0x20  exit.o [6]
  Veneer              ro code  0x00003d3c     0x4  - Linker created -
  .text               ro code  0x00003d40    0x10  write.o [6]
  Veneer              ro code  0x00003d50     0xc  - Linker created -
  .text               ro code  0x00003d5c    0xb8  iarttio.o [6]
  .text               ro code  0x00003e14    0x24  dwrite.o [6]
  .text               ro code  0x00003e38     0x8  XShttio.o [3]
  .text               ro code  0x00003e40    0x40  iarwstd.o [6]
  .text               ro code  0x00003e80    0x44  iarwrite.o [6]
  .text               ro code  0x00003ec8   0x8a8  pow.o [4]
  .text               ro code  0x00004770    0x8c  xdint.o [4]
  Veneer              ro code  0x000047fc     0x4  - Linker created -
  .text               ro code  0x00004800    0x2c  DblCmpEq.o [4]
  .text               ro code  0x0000482c    0x10  errno.o [3]
  .text               ro code  0x0000483c    0xa8  xlog.o [4]
  .text               ro code  0x000048e4   0x2c4  xexp.o [4]
  .text               ro code  0x00004ba8     0x2  xtls.o [3]
  .text               ro code  0x00004bac    0x34  xdtest.o [4]
  .text               ro code  0x00004be0   0x84c  drv_touch_scr.o [1]
  .text               ro code  0x0000542c   0x4ec  graph.o [1]
  .text               ro code  0x00005918    0xbc  xxmemxmalloc.o [3]
  .text               ro code  0x000059d4   0x27c  draw.o [1]
  .text               ro code  0x00005c50    0x8c  xxmemxfree.o [3]
  .text               ro code  0x00005cdc    0x2c  xgetmemchunk.o [3]
  .text               ro code  0x00005d08     0x8  abs.o [3]
  Veneer              ro code  0x00005d10     0x4  - Linker created -
  .text               ro code  0x00005d14   0x16c  sqrt.o [4]
  Veneer              ro code  0x00005e80     0xc  - Linker created -
  .text               ro code  0x00005e8c    0x18  iarEdom.o [5]
  .text               ro code  0x00005ea4   0x3bc  graphpage.o [1]
  .text               ro code  0x00006260    0x8c  layout.o [1]
  .text               ro code  0x000062ec   0x158  gui.o [1]
  .text               ro code  0x00006444   0x128  ProgressBar.o [1]
  .text               ro code  0x0000656c   0x2d4  uart.o [1]
  .text               ro code  0x00006840   0x258  sdram_64M_32bit_drv.o [1]
  .text               ro code  0x00006a98   0x250  main.o [1]
  .text               ro code  0x00006ce8   0x166  animation.o [1]
  .text               ro code  0x00006e50   0x118  mainpage.o [1]
  .text               ro code  0x00006f68   0x1b0  learningpage.o [1]
  .text               ro code  0x00007118   0x130  parsing.o [1]
  Veneer              ro code  0x00007248     0x4  - Linker created -
  .text               ro code  0x0000724c    0x10  main.o [1]
  .text               ro code  0x0000725c    0x24  printf.o [3]
  .text               ro code  0x00007280     0xc  strtol.o [3]
  .text               ro code  0x0000728c    0xa0  xstol.o [3]
  .text               ro code  0x0000732c   0x17c  xstoul.o [3]
  .text               ro code  0x000074a8    0x58  cstartup.o [5]
  Veneer              ro code  0x00007500     0xc  - Linker created -
  Veneer              ro code  0x0000750c     0xc  - Linker created -
  Veneer              ro code  0x00007518     0xc  - Linker created -
  Veneer              ro code  0x00007524     0xc  - Linker created -
  .text               ro code  0x00007530    0x24  cmain.o [5]
  .text               ro code  0x00007554     0x4  low_level_init.o [3]
  .text               ro code  0x00007558    0x32  data_init.o [5]
  .text               ro code  0x0000758a     0xa  exit.o [3]
  Veneer              ro code  0x00007594     0x4  - Linker created -
  .text               ro code  0x00007598    0x10  cexit.o [5]
  .rodata             const    0x000075a8    0x40  drv_touch_scr.o [1]
  .rodata             const    0x000075e8    0x38  drv_glcd.o [1]
  .text               ro code  0x00007620    0x30  copy_init3.o [5]
  .rodata             const    0x00007650    0x28  main.o [1]
  .iar.init_table     const    0x00007678    0x24  - Linker created -
  .text               ro code  0x0000769c    0x1a  xprout.o [3]
  .rodata             const    0x000076b8    0x18  drv_glcd.o [1]
  .rodata             const    0x000076d0    0x18  drv_glcd.o [1]
  .rodata             const    0x000076e8    0x14  Terminal_9_12x6.o [1]
  .rodata             const    0x000076fc    0x14  drv_glcd.o [1]
  .rodata             const    0x00007710    0x10  drv_glcd.o [1]
  .rodata             const    0x00007720    0x10  learningpage.o [1]
  .rodata             const    0x00007730     0xc  drv_glcd.o [1]
  .rodata             const    0x0000773c     0x8  graph.o [1]
  .rodata             const    0x00007744     0x8  graphpage.o [1]
  .rodata             const    0x0000774c     0x8  graphpage.o [1]
  .rodata             const    0x00007754     0x8  graphpage.o [1]
  .rodata             const    0x0000775c     0x8  graphpage.o [1]
  .rodata             const    0x00007764     0x8  learningpage.o [1]
  .rodata             const    0x0000776c     0x8  learningpage.o [1]
  .rodata             const    0x00007774     0x8  learningpage.o [1]
  .rodata             const    0x0000777c     0x8  learningpage.o [1]
  .rodata             const    0x00007784     0x8  learningpage.o [1]
  .rodata             const    0x0000778c     0x8  mainpage.o [1]
  .rodata             const    0x00007794     0x8  mainpage.o [1]
  .rodata             const    0x0000779c     0x8  mainpage.o [1]
  .rodata             const    0x000077a4     0x8  mainpage.o [1]
  .text               ro code  0x000077ac     0x4  vectortrap.o [5]
  .text               ro code  0x000077b0     0x4  xreturnswi.o [6]
  .rodata             const    0x000077b4     0x0  zero_init3.o [5]
  .rodata             const    0x000077b4     0x0  copy_init3.o [5]
                             - 0x000077b4  0x75b4

Absolute sections, part 1 of 52:              0x4
  .noinit             uninit   0x3fffc000     0x4  sys.o [1]
                             - 0x3fffc004     0x4

Absolute sections, part 2 of 52:             0x14
  .noinit             uninit   0x3fffc010     0x4  sys.o [1]
  .noinit             uninit   0x3fffc014     0x4  drv_touch_scr.o [1]
  .noinit             uninit   0x3fffc018     0x4  drv_touch_scr.o [1]
  .noinit             uninit   0x3fffc01c     0x4  drv_touch_scr.o [1]
  .noinit             uninit   0x3fffc020     0x4  sys.o [1]
                             - 0x3fffc024    0x14

Absolute sections, part 3 of 52:              0x4
  .noinit             uninit   0x3fffc030     0x4  sys.o [1]
                             - 0x3fffc034     0x4

Absolute sections, part 4 of 52:              0xc
  .noinit             uninit   0x3fffc038     0x4  main.o [1]
  .noinit             uninit   0x3fffc03c     0x4  mainpage.o [1]
  .noinit             uninit   0x3fffc040     0x4  sys.o [1]
                             - 0x3fffc044     0xc

Absolute sections, part 5 of 52:              0x4
  .noinit             uninit   0x3fffc050     0x4  sys.o [1]
                             - 0x3fffc054     0x4

Absolute sections, part 6 of 52:              0x4
  .noinit             uninit   0x3fffc060     0x4  sys.o [1]
                             - 0x3fffc064     0x4

Absolute sections, part 7 of 52:              0x4
  .noinit             uninit   0x3fffc070     0x4  sys.o [1]
                             - 0x3fffc074     0x4

Absolute sections, part 8 of 52:              0x4
  .noinit             uninit   0x3fffc080     0x4  sys.o [1]
                             - 0x3fffc084     0x4

Absolute sections, part 9 of 52:              0x4
  .noinit             uninit   0x3fffc090     0x4  sys.o [1]
                             - 0x3fffc094     0x4

"P2", part 1 of 3:                           0x30
  P2 s0                        0x40000120    0x30  <Init block>
    .data             inited   0x40000120    0x18  Terminal_9_12x6.o [1]
    .data             inited   0x40000138     0x8  XShttio.o [3]
    .data             inited   0x40000140     0x4  drv_glcd.o [1]
    .data             inited   0x40000144     0x4  drv_glcd.o [1]
    .data             inited   0x40000148     0x4  drv_glcd.o [1]
    __DLIB_PERTHREAD  inited   0x4000014c     0x4  errno.o [3]
                             - 0x40000150    0x30

"P2", part 2 of 3:                           0xc0
  .bss                zero     0x40000150    0x1c  uart.o [1]
  .bss                zero     0x4000016c     0x4  animation.o [1]
  .bss                zero     0x40000170    0x18  main.o [1]
  .bss                zero     0x40000188     0x8  xxmemxmalloc.o [3]
  .bss                zero     0x40000190     0x4  drv_glcd.o [1]
  .bss                zero     0x40000194     0x4  drv_glcd.o [1]
  .bss                zero     0x40000198     0x4  drv_glcd.o [1]
  .bss                zero     0x4000019c     0x4  drv_glcd.o [1]
  .bss                zero     0x400001a0     0x4  drv_glcd.o [1]
  .bss                zero     0x400001a4     0x4  drv_glcd.o [1]
  .bss                zero     0x400001a8     0x4  drv_glcd.o [1]
  .bss                zero     0x400001ac     0x4  drv_glcd.o [1]
  .bss                zero     0x400001b0     0x4  drv_glcd.o [1]
  .bss                zero     0x400001b4     0x4  drv_glcd.o [1]
  .bss                zero     0x400001b8     0x4  drv_glcd.o [1]
  .bss                zero     0x400001bc     0x4  drv_glcd.o [1]
  .bss                zero     0x400001c0     0x4  drv_glcd.o [1]
  .bss                zero     0x400001c4     0x4  drv_touch_scr.o [1]
  .bss                zero     0x400001c8     0x4  drv_touch_scr.o [1]
  .bss                zero     0x400001cc     0x4  drv_touch_scr.o [1]
  .bss                zero     0x400001d0     0x4  graphpage.o [1]
  .bss                zero     0x400001d4     0x4  graphpage.o [1]
  .bss                zero     0x400001d8     0x4  graphpage.o [1]
  .bss                zero     0x400001dc     0x4  graphpage.o [1]
  .bss                zero     0x400001e0     0x4  graphpage.o [1]
  .bss                zero     0x400001e4     0x4  learningpage.o [1]
  .bss                zero     0x400001e8     0x4  main.o [1]
  .bss                zero     0x400001ec     0x4  main.o [1]
  .bss                zero     0x400001f0     0x4  main.o [1]
  .bss                zero     0x400001f4     0x4  main.o [1]
  .bss                zero     0x400001f8     0x4  uart.o [1]
  .bss                zero     0x400001fc     0x4  xgetmemchunk.o [3]
  .bss                zero     0x40000200     0x2  drv_touch_scr.o [1]
  .bss                zero     0x40000202     0x2  drv_touch_scr.o [1]
  .bss                zero     0x40000204     0x2  drv_touch_scr.o [1]
  .bss                zero     0x40000206     0x2  drv_touch_scr.o [1]
  .bss                zero     0x40000208     0x1  animation.o [1]
  .bss                zero     0x40000209     0x1  drv_touch_scr.o [1]
  .bss                zero     0x4000020a     0x1  uart.o [1]
                             - 0x4000020b    0xbb

"P2", part 3 of 3:                         0x2840
  CSTACK                       0x40000210   0x400  <Block>
    CSTACK            uninit   0x40000210   0x400  <Block tail>
  IRQ_STACK                    0x40000610   0x400  <Block>
    IRQ_STACK         uninit   0x40000610   0x400  <Block tail>
  FIQ_STACK                    0x40000a10    0x40  <Block>
    FIQ_STACK         uninit   0x40000a10    0x40  <Block tail>
  HEAP                         0x40000a50  0x2000  <Block>
    HEAP              uninit   0x40000a50  0x2000  <Block tail>
                             - 0x40002a50  0x2840

Absolute sections, part 10 of 52:             0x8
  .noinit             uninit   0xe0004000     0x4  drv_touch_scr.o [1]
  .noinit             uninit   0xe0004004     0x4  drv_touch_scr.o [1]
                             - 0xe0004008     0x8

Absolute sections, part 11 of 52:             0x4
  .noinit             uninit   0xe000400c     0x4  drv_touch_scr.o [1]
                             - 0xe0004010     0x4

Absolute sections, part 12 of 52:             0x8
  .noinit             uninit   0xe0004014     0x4  drv_touch_scr.o [1]
  .noinit             uninit   0xe0004018     0x4  drv_touch_scr.o [1]
                             - 0xe000401c     0x8

Absolute sections, part 13 of 52:             0x4
  .noinit             uninit   0xe0004070     0x4  drv_touch_scr.o [1]
                             - 0xe0004074     0x4

Absolute sections, part 14 of 52:             0x1
  .noinit             uninit   0xe000c000     0x1  uart.o [1]
                             - 0xe000c001     0x1

Absolute sections, part 15 of 52:             0x9
  .noinit             uninit   0xe000c004     0x4  uart.o [1]
  .noinit             uninit   0xe000c008     0x4  uart.o [1]
  .noinit             uninit   0xe000c00c     0x1  uart.o [1]
                             - 0xe000c00d     0x9

Absolute sections, part 16 of 52:             0x4
  .noinit             uninit   0xe000c028     0x4  uart.o [1]
                             - 0xe000c02c     0x4

Absolute sections, part 17 of 52:             0x1
  .noinit             uninit   0xe000c030     0x1  uart.o [1]
                             - 0xe000c031     0x1

Absolute sections, part 18 of 52:             0x4
  .noinit             uninit   0xe0028008     0x4  sys.o [1]
                             - 0xe002800c     0x4

Absolute sections, part 19 of 52:             0x4
  .noinit             uninit   0xe0028018     0x4  sys.o [1]
                             - 0xe002801c     0x4

Absolute sections, part 20 of 52:             0x8
  .noinit             uninit   0xe002808c     0x4  drv_touch_scr.o [1]
  .noinit             uninit   0xe0028090     0x4  drv_touch_scr.o [1]
                             - 0xe0028094     0x8

Absolute sections, part 21 of 52:            0x28
  .noinit             uninit   0xe002c000     0x4  uart.o [1]
  .noinit             uninit   0xe002c004     0x4  sys.o [1]
  .noinit             uninit   0xe002c008     0x4  sys.o [1]
  .noinit             uninit   0xe002c00c     0x4  sys.o [1]
  .noinit             uninit   0xe002c010     0x4  sys.o [1]
  .noinit             uninit   0xe002c014     0x4  sys.o [1]
  .noinit             uninit   0xe002c018     0x4  sys.o [1]
  .noinit             uninit   0xe002c01c     0x4  sys.o [1]
  .noinit             uninit   0xe002c020     0x4  sys.o [1]
  .noinit             uninit   0xe002c024     0x4  sys.o [1]
                             - 0xe002c028    0x28

Absolute sections, part 22 of 52:             0x4
  .noinit             uninit   0xe002c02c     0x4  drv_glcd.o [1]
                             - 0xe002c030     0x4

Absolute sections, part 23 of 52:             0x8
  .noinit             uninit   0xe002c040     0x4  drv_glcd.o [1]
  .noinit             uninit   0xe002c044     0x4  drv_touch_scr.o [1]
                             - 0xe002c048     0x8

Absolute sections, part 24 of 52:            0x1c
  .noinit             uninit   0xe002c04c     0x4  drv_glcd.o [1]
  .noinit             uninit   0xe002c050     0x4  drv_glcd.o [1]
  .noinit             uninit   0xe002c054     0x4  sdram_64M_32bit_drv.o [1]
  .noinit             uninit   0xe002c058     0x4  sdram_64M_32bit_drv.o [1]
  .noinit             uninit   0xe002c05c     0x4  sdram_64M_32bit_drv.o [1]
  .noinit             uninit   0xe002c060     0x4  sdram_64M_32bit_drv.o [1]
  .noinit             uninit   0xe002c064     0x4  sdram_64M_32bit_drv.o [1]
                             - 0xe002c068    0x1c

Absolute sections, part 25 of 52:             0x8
  .noinit             uninit   0xe0034000     0x4  drv_touch_scr.o [1]
  .noinit             uninit   0xe0034004     0x4  drv_touch_scr.o [1]
                             - 0xe0034008     0x8

Absolute sections, part 26 of 52:             0x4
  .noinit             uninit   0xe003400c     0x4  drv_touch_scr.o [1]
                             - 0xe0034010     0x4

Absolute sections, part 27 of 52:             0x4
  .noinit             uninit   0xe0034030     0x4  drv_touch_scr.o [1]
                             - 0xe0034034     0x4

Absolute sections, part 28 of 52:             0x8
  .noinit             uninit   0xe0070000     0x4  animation.o [1]
  .noinit             uninit   0xe0070004     0x4  animation.o [1]
                             - 0xe0070008     0x8

Absolute sections, part 29 of 52:             0x4
  .noinit             uninit   0xe007000c     0x4  animation.o [1]
                             - 0xe0070010     0x4

Absolute sections, part 30 of 52:             0x8
  .noinit             uninit   0xe0070014     0x4  animation.o [1]
  .noinit             uninit   0xe0070018     0x4  animation.o [1]
                             - 0xe007001c     0x8

Absolute sections, part 31 of 52:             0x8
  .noinit             uninit   0xe01fc000     0x4  main.o [1]
  .noinit             uninit   0xe01fc004     0x4  main.o [1]
                             - 0xe01fc008     0x8

Absolute sections, part 32 of 52:            0x10
  .noinit             uninit   0xe01fc080     0x4  sys.o [1]
  .noinit             uninit   0xe01fc084     0x4  sys.o [1]
  .noinit             uninit   0xe01fc088     0x4  sys.o [1]
  .noinit             uninit   0xe01fc08c     0x4  sys.o [1]
                             - 0xe01fc090    0x10

Absolute sections, part 33 of 52:             0x4
  .noinit             uninit   0xe01fc0c4     0x4  uart.o [1]
                             - 0xe01fc0c8     0x4

Absolute sections, part 34 of 52:             0xc
  .noinit             uninit   0xe01fc104     0x4  sys.o [1]
  .noinit             uninit   0xe01fc108     0x4  sys.o [1]
  .noinit             uninit   0xe01fc10c     0x4  sys.o [1]
                             - 0xe01fc110     0xc

Absolute sections, part 35 of 52:             0x4
  .noinit             uninit   0xe01fc140     0x4  drv_touch_scr.o [1]
                             - 0xe01fc144     0x4

Absolute sections, part 36 of 52:             0x4
  .noinit             uninit   0xe01fc188     0x4  sys.o [1]
                             - 0xe01fc18c     0x4

Absolute sections, part 37 of 52:             0x4
  .noinit             uninit   0xe01fc1a0     0x4  sys.o [1]
                             - 0xe01fc1a4     0x4

Absolute sections, part 38 of 52:             0x8
  .noinit             uninit   0xe01fc1a8     0x4  sys.o [1]
  .noinit             uninit   0xe01fc1ac     0x4  sys.o [1]
                             - 0xe01fc1b0     0x8

Absolute sections, part 39 of 52:             0x4
  .noinit             uninit   0xe01fc1b8     0x4  drv_glcd.o [1]
                             - 0xe01fc1bc     0x4

Absolute sections, part 40 of 52:             0x4
  .noinit             uninit   0xffe08000     0x4  sdram_64M_32bit_drv.o [1]
                             - 0xffe08004     0x4

Absolute sections, part 41 of 52:             0xc
  .noinit             uninit   0xffe08020     0x4  sdram_64M_32bit_drv.o [1]
  .noinit             uninit   0xffe08024     0x4  sdram_64M_32bit_drv.o [1]
  .noinit             uninit   0xffe08028     0x4  sdram_64M_32bit_drv.o [1]
                             - 0xffe0802c     0xc

Absolute sections, part 42 of 52:            0x2c
  .noinit             uninit   0xffe08030     0x4  sdram_64M_32bit_drv.o [1]
  .noinit             uninit   0xffe08034     0x4  sdram_64M_32bit_drv.o [1]
  .noinit             uninit   0xffe08038     0x4  sdram_64M_32bit_drv.o [1]
  .noinit             uninit   0xffe0803c     0x4  sdram_64M_32bit_drv.o [1]
  .noinit             uninit   0xffe08040     0x4  sdram_64M_32bit_drv.o [1]
  .noinit             uninit   0xffe08044     0x4  sdram_64M_32bit_drv.o [1]
  .noinit             uninit   0xffe08048     0x4  sdram_64M_32bit_drv.o [1]
  .noinit             uninit   0xffe0804c     0x4  sdram_64M_32bit_drv.o [1]
  .noinit             uninit   0xffe08050     0x4  sdram_64M_32bit_drv.o [1]
  .noinit             uninit   0xffe08054     0x4  sdram_64M_32bit_drv.o [1]
  .noinit             uninit   0xffe08058     0x4  sdram_64M_32bit_drv.o [1]
                             - 0xffe0805c    0x2c

Absolute sections, part 43 of 52:             0x8
  .noinit             uninit   0xffe08100     0x4  sdram_64M_32bit_drv.o [1]
  .noinit             uninit   0xffe08104     0x4  sdram_64M_32bit_drv.o [1]
                             - 0xffe08108     0x8

Absolute sections, part 44 of 52:             0xc
  .noinit             uninit   0xffe10000     0x4  drv_glcd.o [1]
  .noinit             uninit   0xffe10004     0x4  drv_glcd.o [1]
  .noinit             uninit   0xffe10008     0x4  drv_glcd.o [1]
                             - 0xffe1000c     0xc

Absolute sections, part 45 of 52:             0xc
  .noinit             uninit   0xffe10010     0x4  drv_glcd.o [1]
  .noinit             uninit   0xffe10014     0x4  drv_glcd.o [1]
  .noinit             uninit   0xffe10018     0x4  drv_glcd.o [1]
                             - 0xffe1001c     0xc

Absolute sections, part 46 of 52:             0x4
  .noinit             uninit   0xffe10200     0x4  drv_glcd.o [1]
                             - 0xffe10204     0x4

Absolute sections, part 47 of 52:             0x4
  .noinit             uninit   0xffe10c00     0x4  drv_glcd.o [1]
                             - 0xffe10c04     0x4

Absolute sections, part 48 of 52:             0xc
  .noinit             uninit   0xfffff00c     0x4  sys.o [1]
  .noinit             uninit   0xfffff010     0x4  uart.o [1]
  .noinit             uninit   0xfffff014     0x4  sys.o [1]
                             - 0xfffff018     0xc

Absolute sections, part 49 of 52:             0x8
  .noinit             uninit   0xfffff01c     0x4  sys.o [1]
  .noinit             uninit   0xfffff020     0x4  sys.o [1]
                             - 0xfffff024     0x8

Absolute sections, part 50 of 52:             0x4
  .noinit             uninit   0xfffff100     0x4  sys.o [1]
                             - 0xfffff104     0x4

Absolute sections, part 51 of 52:             0x4
  .noinit             uninit   0xfffff200     0x4  sys.o [1]
                             - 0xfffff204     0x4

Absolute sections, part 52 of 52:             0x4
  .noinit             uninit   0xffffff00     0x4  uart.o [1]
                             - 0xffffff04     0x4


*******************************************************************************
*** INIT TABLE
***

          Address     Size
          -------     ----
Zero (__iar_zero_init3)
    1 destination range, total size 0xbb:
          0x40000150  0xbb

Copy (__iar_copy_init3)
    1 source range, total size 0x30:
          0x0000003c  0x30
    1 destination range, total size 0x30:
          0x40000120  0x30



*******************************************************************************
*** MODULE SUMMARY
***

    Module                 ro code  ro data  rw data  rw data
                                                       (abs)
    ------                 -------  -------  -------  -------
C:\Users\gedemis\Desktop\31370\31370\Flash Debug\Obj: [1]
    ProgressBar.o              296
    Terminal_9_12x6.o                 3 116       24
    animation.o                358                 5       20
    draw.o                     636
    drv_glcd.o               2 620      164       64       52
    drv_touch_scr.o          2 124       64       21       68
    graph.o                  1 260        8
    graphpage.o                956       32       20
    gui.o                      344
    layout.o                   140
    learningpage.o             432       56        4
    main.o                     608       44       40       12
    mainpage.o                 280       32                 4
    parsing.o                  304
    sdram_64M_32bit_drv.o      600                         88
    sys.o                    1 084                        152
    uart.o                     724                33       31
    ---------------------------------------------------------
    Total:                  12 766    3 516      211      427

command line: [2]
    ---------------------------------------------------------
    Total:

dl4t_tln.a: [3]
    XShttio.o                    8        8        8
    abort.o                     12
    abs.o                        8
    div.o                       36
    errno.o                     16        4        4
    exit.o                      10
    low_level_init.o             4
    printf.o                    36
    putchar.o                   42
    strtol.o                    12
    vsprintf.o                  48
    xassert.o                  118
    xgetmemchunk.o              44                 4
    xprintffull.o            3 740
    xprout.o                    26
    xreportassert.o            176
    xsprout.o                   10
    xstol.o                    160
    xstoul.o                   380
    xtls.o                       2
    xxmemxfree.o               140
    xxmemxmalloc.o             188                 8
    ---------------------------------------------------------
    Total:                   5 216       12       24

m4t_tl.a: [4]
    DblAdd.o                   320
    DblCmpEq.o                  44
    DblCmpGe.o                  56
    DblCmpLe.o                  56
    DblDiv.o                   824
    DblMul.o                   504
    DblSub.o                   496
    DblToS32.o                  96
    DblToU32.o                  60
    S32ToDbl.o                  96
    U32ToDbl.o                  16
    pow.o                    2 216
    sqrt.o                     364
    xdint.o                    140
    xdnorm.o                    72
    xdscale.o                  288
    xdtest.o                    52
    xexp.o                     708
    xlog.o                     168
    ---------------------------------------------------------
    Total:                   6 576

rt4t_al.a: [5]
    ABImemcpy.o                212
    I32DivMod.o                468
    I64DivMod.o                212
    I64DivZer.o                  4
    IntDivZer.o                  4
    cexit.o                     16
    cmain.o                     36
    copy_init3.o                48
    cstartup.o                 148
    data_init.o                 50
    iarEdom.o                   24
    memchr.o                   148
    strchr.o                    32
    strlen.o                    84
    vectortrap.o                 4
    zero_init3.o                42
    ---------------------------------------------------------
    Total:                   1 532

shs_l.a: [6]
    dwrite.o                    36
    exit.o                      32
    iarttio.o                  184
    iarwrite.o                  68
    iarwstd.o                   64
    write.o                     16
    xreturnswi.o                 4
    ---------------------------------------------------------
    Total:                     404

    Gaps                         8        2
    Linker created             176       36   10 304
-------------------------------------------------------------
    Grand Total:            26 678    3 566   10 539      427


*******************************************************************************
*** ENTRY LIST
***

Entry                      Address   Size  Type      Object
-----                      -------   ----  ----      ------
?main                   0x00007530         Code  Gb  cmain.o [5]
ADC_Intr_Handler        0x00004dd1  0x280  Code  Gb  drv_touch_scr.o [1]
Abort_Handler           0x000077ac         Code  Wk  vectortrap.o [5]
Buffer                  0x40000150   0x1c  Data  Lc  uart.o [1]
CLEAR_SCREEN            0x000031bd   0x2a  Code  Gb  drv_glcd.o [1]
CSTACK$$Base            0x40000210          --   Gb  - Linker created -
CSTACK$$Limit           0x40000610          --   Gb  - Linker created -
CurrX_Size              0x400001b8    0x4  Data  Lc  drv_glcd.o [1]
CurrY_Size              0x400001b4    0x4  Data  Lc  drv_glcd.o [1]
DRAW_PIXEL              0x00003181   0x2c  Code  Gb  drv_glcd.o [1]
FIQ_Handler             0x0000371c    0x4  Code  Gb  sys.o [1]
FIQ_STACK$$Base         0x40000a10          --   Gb  - Linker created -
FIQ_STACK$$Limit        0x40000a50          --   Gb  - Linker created -
GLCD_Ctrl               0x00003051   0x62  Code  Gb  drv_glcd.o [1]
GLCD_Cursor_Dis         0x00002ce1    0xe  Code  Gb  drv_glcd.o [1]
GLCD_Init               0x00002cf5  0x2ce  Code  Gb  drv_glcd.o [1]
GLCD_LoadPic            0x00003679   0x78  Code  Gb  drv_glcd.o [1]
GLCD_SetFont            0x000030bd    0xe  Code  Gb  drv_glcd.o [1]
GLCD_SetPallet          0x00002fdd   0x32  Code  Gb  drv_glcd.o [1]
GLCD_SetWindow          0x000030f1   0x74  Code  Gb  drv_glcd.o [1]
GLCD_TextCalcWindow     0x00003291   0xd2  Code  Lc  drv_glcd.o [1]
GLCD_TextSetPos         0x00003169    0xa  Code  Gb  drv_glcd.o [1]
GLCD_print              0x00003647   0x32  Code  Gb  drv_glcd.o [1]
GLCD_putchar            0x000033ad  0x29a  Code  Gb  drv_glcd.o [1]
GpioInit                0x00003a41   0x92  Code  Gb  sys.o [1]
Graph_addPoint          0x00005859   0x3e  Code  Gb  graph.o [1]
Graph_clear             0x00005689   0x1e  Code  Gb  graph.o [1]
Graph_draw              0x000056a7   0x6e  Code  Gb  graph.o [1]
Graph_drawAxisNumber    0x000054cf  0x1ba  Code  Gb  graph.o [1]
Graph_getPixelXCoord    0x00005735   0x90  Code  Gb  graph.o [1]
Graph_getPixelYCoord    0x000057c5   0x94  Code  Gb  graph.o [1]
Graph_init              0x0000542d   0xa2  Code  Gb  graph.o [1]
Graph_plotPoints        0x00005897   0x82  Code  Gb  graph.o [1]
HEAP$$Base              0x40000a50          --   Gb  - Linker created -
HEAP$$Limit             0x40002a50          --   Gb  - Linker created -
IRQ_Handler             0x00003720   0x34  Code  Gb  sys.o [1]
IRQ_STACK$$Base         0x40000610          --   Gb  - Linker created -
IRQ_STACK$$Limit        0x40000a10          --   Gb  - Linker created -
InitClock               0x000037bb  0x194  Code  Gb  sys.o [1]
LCD_LPBASE              0xffe10014    0x4  Data  Gb  drv_glcd.o [1]
LCD_PAL_BASE            0xffe10200    0x4  Data  Gb  drv_glcd.o [1]
LCD_SET_WINDOW          0x000031e7   0x34  Code  Gb  drv_glcd.o [1]
LCD_UPBASE              0xffe10010    0x4  Data  Gb  drv_glcd.o [1]
LCD_WRITE_PIXEL         0x00003225   0x5a  Code  Gb  drv_glcd.o [1]
OnTouchIntr_Handler     0x00004ced   0x86  Code  Gb  drv_touch_scr.o [1]
Prefetch_Handler        0x000077ac         Code  Wk  vectortrap.o [5]
ProgressBarDrawFull     0x00006487   0x50  Code  Gb  ProgressBar.o [1]
ProgressBarInit         0x00006445   0x32  Code  Gb  ProgressBar.o [1]
ProgressBarUpdate       0x000064d7   0x8c  Code  Gb  ProgressBar.o [1]
Region$$Table$$Base     0x00007678          --   Gb  - Linker created -
Region$$Table$$Limit    0x0000769c          --   Gb  - Linker created -
RxFlag                  0x4000020a    0x1  Data  Gb  uart.o [1]
SDRAM_BASE_ADDR {Abs}   0xa0000000          --   Gb  command line/config [2]
SDRAM_Init              0x00006841  0x1b6  Code  Gb  sdram_64M_32bit_drv.o [1]
SWI_Handler             0x000077ac         Code  Wk  vectortrap.o [5]
SYS_GetFpclk            0x000039d5   0x3c  Code  Gb  sys.o [1]
SYS_GetFsclk            0x0000394f   0x72  Code  Gb  sys.o [1]
Samples                 0x400001cc    0x4  Data  Lc  drv_touch_scr.o [1]
State                   0x40000209    0x1  Data  Lc  drv_touch_scr.o [1]
T0MR0                   0xe0004018    0x4  Data  Gb  drv_touch_scr.o [1]
T0PR                    0xe000400c    0x4  Data  Gb  drv_touch_scr.o [1]
T2MR0                   0xe0070018    0x4  Data  Gb  animation.o [1]
T2PR                    0xe007000c    0x4  Data  Gb  animation.o [1]
TabSize                 0x40000148    0x4  Data  Lc  drv_glcd.o [1]
Terminal_9_12_6         0x40000120   0x18  Data  Gb  Terminal_9_12x6.o [1]
TextBackgndColour       0x40000198    0x4  Data  Lc  drv_glcd.o [1]
TextColour              0x40000194    0x4  Data  Lc  drv_glcd.o [1]
TextStream              0x000020e0  0xc00  Data  Lc  Terminal_9_12x6.o [1]
TextX_Pos               0x4000019c    0x4  Data  Lc  drv_glcd.o [1]
TextY_Pos               0x400001a0    0x4  Data  Lc  drv_glcd.o [1]
Timer2IntrHandler       0x00006db1   0x60  Code  Gb  animation.o [1]
TimerIntr_Handler       0x00004be1  0x10c  Code  Gb  drv_touch_scr.o [1]
Touch                   0x400001c4    0x4  Data  Lc  drv_touch_scr.o [1]
TouchGet                0x00005325   0x6e  Code  Gb  drv_touch_scr.o [1]
TouchScrInit            0x000050b1  0x244  Code  Gb  drv_touch_scr.o [1]
Touch_temp              0x400001c8    0x4  Data  Lc  drv_touch_scr.o [1]
U0RBRTHR                0xe000c000    0x1  Data  Gb  uart.o [1]
Uart0Isr                0x0000659d   0x76  Code  Lc  uart.o [1]
UartCalcDivider         0x000067c5   0x7c  Code  Lc  uart.o [1]
UartCheck               0x0000656d   0x30  Code  Gb  uart.o [1]
UartInit                0x00006613   0xac  Code  Gb  uart.o [1]
UartSetLineCoding       0x000066bf   0xcc  Code  Gb  uart.o [1]
Undefined_Handler       0x000077ac         Code  Wk  vectortrap.o [5]
VICADDRESS              0xffffff00    0x4  Data  Gb  uart.o [1]
VICVECTADDR0            0xfffff100    0x4  Data  Gb  sys.o [1]
VIC_Init                0x00003755   0x42  Code  Gb  sys.o [1]
VIC_SetVectoredIRQ      0x00003797   0x24  Code  Gb  sys.o [1]
WindX_Size              0x400001b0    0x4  Data  Lc  drv_glcd.o [1]
WindY_Size              0x400001ac    0x4  Data  Lc  drv_glcd.o [1]
X                       0x40000200    0x2  Data  Lc  drv_touch_scr.o [1]
XL_Win                  0x400001a4    0x4  Data  Lc  drv_glcd.o [1]
XR_Win                  0x40000140    0x4  Data  Lc  drv_glcd.o [1]
X_temp                  0x40000204    0x2  Data  Lc  drv_touch_scr.o [1]
Y                       0x40000202    0x2  Data  Lc  drv_touch_scr.o [1]
YD_Win                  0x40000144    0x4  Data  Lc  drv_glcd.o [1]
YU_Win                  0x400001a8    0x4  Data  Lc  drv_glcd.o [1]
Y_temp                  0x40000206    0x2  Data  Lc  drv_touch_scr.o [1]
_A_AD0CR                0xe0034000    0x4  Data  Gb  drv_touch_scr.o [1]
_A_AD0GDR               0xe0034004    0x4  Data  Gb  drv_touch_scr.o [1]
_A_ADINTEN              0xe003400c    0x4  Data  Gb  drv_touch_scr.o [1]
_A_ADSTAT               0xe0034030    0x4  Data  Gb  drv_touch_scr.o [1]
_A_AHBCFG1              0xe01fc188    0x4  Data  Gb  sys.o [1]
_A_CCLKCFG              0xe01fc104    0x4  Data  Gb  sys.o [1]
_A_CLKSRCSEL            0xe01fc10c    0x4  Data  Gb  sys.o [1]
_A_CRSR_CTRL            0xffe10c00    0x4  Data  Gb  drv_glcd.o [1]
_A_EMCCONTROL           0xffe08000    0x4  Data  Gb  sdram_64M_32bit_drv.o [1]
_A_EMCDINAMICCTRL       0xffe08020    0x4  Data  Gb  sdram_64M_32bit_drv.o [1]
_A_EMCDINAMICRDCFG      0xffe08028    0x4  Data  Gb  sdram_64M_32bit_drv.o [1]
_A_EMCDINAMICRFR        0xffe08024    0x4  Data  Gb  sdram_64M_32bit_drv.o [1]
_A_EMCDYNAMICAPR        0xffe0803c    0x4  Data  Gb  sdram_64M_32bit_drv.o [1]
_A_EMCDYNAMICCFG0       0xffe08100    0x4  Data  Gb  sdram_64M_32bit_drv.o [1]
_A_EMCDYNAMICDAL        0xffe08040    0x4  Data  Gb  sdram_64M_32bit_drv.o [1]
_A_EMCDYNAMICMRD        0xffe08058    0x4  Data  Gb  sdram_64M_32bit_drv.o [1]
_A_EMCDYNAMICRAS        0xffe08034    0x4  Data  Gb  sdram_64M_32bit_drv.o [1]
_A_EMCDYNAMICRASCAS0    0xffe08104    0x4  Data  Gb  sdram_64M_32bit_drv.o [1]
_A_EMCDYNAMICRC         0xffe08048    0x4  Data  Gb  sdram_64M_32bit_drv.o [1]
_A_EMCDYNAMICRFC        0xffe0804c    0x4  Data  Gb  sdram_64M_32bit_drv.o [1]
_A_EMCDYNAMICRP         0xffe08030    0x4  Data  Gb  sdram_64M_32bit_drv.o [1]
_A_EMCDYNAMICRRD        0xffe08054    0x4  Data  Gb  sdram_64M_32bit_drv.o [1]
_A_EMCDYNAMICSREX       0xffe08038    0x4  Data  Gb  sdram_64M_32bit_drv.o [1]
_A_EMCDYNAMICWR         0xffe08044    0x4  Data  Gb  sdram_64M_32bit_drv.o [1]
_A_EMCDYNAMICXSR        0xffe08050    0x4  Data  Gb  sdram_64M_32bit_drv.o [1]
_A_EXTINT               0xe01fc140    0x4  Data  Gb  drv_touch_scr.o [1]
_A_FIO0CLR              0x3fffc01c    0x4  Data  Gb  drv_touch_scr.o [1]
_A_FIO0DIR              0x3fffc000    0x4  Data  Gb  sys.o [1]
_A_FIO0MASK             0x3fffc010    0x4  Data  Gb  sys.o [1]
_A_FIO0PIN              0x3fffc014    0x4  Data  Gb  drv_touch_scr.o [1]
_A_FIO0SET              0x3fffc018    0x4  Data  Gb  drv_touch_scr.o [1]
_A_FIO1CLR              0x3fffc03c    0x4  Data  Gb  mainpage.o [1]
_A_FIO1DIR              0x3fffc020    0x4  Data  Gb  sys.o [1]
_A_FIO1MASK             0x3fffc030    0x4  Data  Gb  sys.o [1]
_A_FIO1SET              0x3fffc038    0x4  Data  Gb  main.o [1]
_A_FIO2DIR              0x3fffc040    0x4  Data  Gb  sys.o [1]
_A_FIO2MASK             0x3fffc050    0x4  Data  Gb  sys.o [1]
_A_FIO3DIR              0x3fffc060    0x4  Data  Gb  sys.o [1]
_A_FIO3MASK             0x3fffc070    0x4  Data  Gb  sys.o [1]
_A_FIO4DIR              0x3fffc080    0x4  Data  Gb  sys.o [1]
_A_FIO4MASK             0x3fffc090    0x4  Data  Gb  sys.o [1]
_A_IO0DIR               0xe0028008    0x4  Data  Gb  sys.o [1]
_A_IO0INTCLR            0xe002808c    0x4  Data  Gb  drv_touch_scr.o [1]
_A_IO0INTENR            0xe0028090    0x4  Data  Gb  drv_touch_scr.o [1]
_A_IO1DIR               0xe0028018    0x4  Data  Gb  sys.o [1]
_A_LCD_CFG              0xe01fc1b8    0x4  Data  Gb  drv_glcd.o [1]
_A_LCD_CTRL             0xffe10018    0x4  Data  Gb  drv_glcd.o [1]
_A_LCD_POL              0xffe10008    0x4  Data  Gb  drv_glcd.o [1]
_A_LCD_TIMH             0xffe10000    0x4  Data  Gb  drv_glcd.o [1]
_A_LCD_TIMV             0xffe10004    0x4  Data  Gb  drv_glcd.o [1]
_A_MAMCR                0xe01fc000    0x4  Data  Gb  main.o [1]
_A_MAMTIM               0xe01fc004    0x4  Data  Gb  main.o [1]
_A_PCLKSEL0             0xe01fc1a8    0x4  Data  Gb  sys.o [1]
_A_PCLKSEL1             0xe01fc1ac    0x4  Data  Gb  sys.o [1]
_A_PCONP                0xe01fc0c4    0x4  Data  Gb  uart.o [1]
_A_PINMODE0             0xe002c040    0x4  Data  Gb  drv_glcd.o [1]
_A_PINMODE1             0xe002c044    0x4  Data  Gb  drv_touch_scr.o [1]
_A_PINMODE3             0xe002c04c    0x4  Data  Gb  drv_glcd.o [1]
_A_PINMODE4             0xe002c050    0x4  Data  Gb  drv_glcd.o [1]
_A_PINMODE5             0xe002c054    0x4  Data  Gb  sdram_64M_32bit_drv.o [1]
_A_PINMODE6             0xe002c058    0x4  Data  Gb  sdram_64M_32bit_drv.o [1]
_A_PINMODE7             0xe002c05c    0x4  Data  Gb  sdram_64M_32bit_drv.o [1]
_A_PINMODE8             0xe002c060    0x4  Data  Gb  sdram_64M_32bit_drv.o [1]
_A_PINMODE9             0xe002c064    0x4  Data  Gb  sdram_64M_32bit_drv.o [1]
_A_PINSEL0              0xe002c000    0x4  Data  Gb  uart.o [1]
_A_PINSEL1              0xe002c004    0x4  Data  Gb  sys.o [1]
_A_PINSEL11             0xe002c02c    0x4  Data  Gb  drv_glcd.o [1]
_A_PINSEL2              0xe002c008    0x4  Data  Gb  sys.o [1]
_A_PINSEL3              0xe002c00c    0x4  Data  Gb  sys.o [1]
_A_PINSEL4              0xe002c010    0x4  Data  Gb  sys.o [1]
_A_PINSEL5              0xe002c014    0x4  Data  Gb  sys.o [1]
_A_PINSEL6              0xe002c018    0x4  Data  Gb  sys.o [1]
_A_PINSEL7              0xe002c01c    0x4  Data  Gb  sys.o [1]
_A_PINSEL8              0xe002c020    0x4  Data  Gb  sys.o [1]
_A_PINSEL9              0xe002c024    0x4  Data  Gb  sys.o [1]
_A_PLLCFG               0xe01fc084    0x4  Data  Gb  sys.o [1]
_A_PLLCON               0xe01fc080    0x4  Data  Gb  sys.o [1]
_A_PLLFEED              0xe01fc08c    0x4  Data  Gb  sys.o [1]
_A_PLLSTAT              0xe01fc088    0x4  Data  Gb  sys.o [1]
_A_SCS                  0xe01fc1a0    0x4  Data  Gb  sys.o [1]
_A_T0CTCR               0xe0004070    0x4  Data  Gb  drv_touch_scr.o [1]
_A_T0IR                 0xe0004000    0x4  Data  Gb  drv_touch_scr.o [1]
_A_T0MCR                0xe0004014    0x4  Data  Gb  drv_touch_scr.o [1]
_A_T0TCR                0xe0004004    0x4  Data  Gb  drv_touch_scr.o [1]
_A_T2IR                 0xe0070000    0x4  Data  Gb  animation.o [1]
_A_T2MCR                0xe0070014    0x4  Data  Gb  animation.o [1]
_A_T2TCR                0xe0070004    0x4  Data  Gb  animation.o [1]
_A_U0FCR                0xe000c008    0x4  Data  Gb  uart.o [1]
_A_U0FDR                0xe000c028    0x4  Data  Gb  uart.o [1]
_A_U0IER                0xe000c004    0x4  Data  Gb  uart.o [1]
_A_U0LCR                0xe000c00c    0x1  Data  Gb  uart.o [1]
_A_U0TER                0xe000c030    0x1  Data  Gb  uart.o [1]
_A_USBCLKCFG            0xe01fc108    0x4  Data  Gb  sys.o [1]
_A_VICINTENABLE         0xfffff010    0x4  Data  Gb  uart.o [1]
_A_VICINTENCLEAR        0xfffff014    0x4  Data  Gb  sys.o [1]
_A_VICINTSELECT         0xfffff00c    0x4  Data  Gb  sys.o [1]
_A_VICPROTECTION        0xfffff020    0x4  Data  Gb  sys.o [1]
_A_VICSOFTINTCLEAR      0xfffff01c    0x4  Data  Gb  sys.o [1]
_A_VICVECTPRIORITY0     0xfffff200    0x4  Data  Gb  sys.o [1]
_GenldFull              0x00000d99  0x2c0  Code  Lc  xprintffull.o [3]
_LdtobFull              0x000008e5  0x49e  Code  Lc  xprintffull.o [3]
_LitobFull              0x000007c3  0x11e  Code  Lc  xprintffull.o [3]
_PrintfFull             0x00000211  0x5b2  Code  Gb  xprintffull.o [3]
_Prout                  0x0000769d   0x1a  Code  Gb  xprout.o [3]
_PutcharsFull           0x00001059   0x36  Code  Lc  xprintffull.o [3]
_SProut                 0x00003d0f    0xa  Code  Gb  xsprout.o [3]
__aeabi_assert          0x00003b5b   0x74  Code  Gb  xassert.o [3]
__aeabi_cdcmpeq         0x00004800         Code  Gb  DblCmpEq.o [4]
__aeabi_cdcmple         0x000013bc         Code  Gb  DblCmpLe.o [4]
__aeabi_cdrcmple        0x000013f8         Code  Gb  DblCmpGe.o [4]
__aeabi_d2iz            0x00001554         Code  Gb  DblToS32.o [4]
__aeabi_d2uiz           0x00001f20         Code  Gb  DblToU32.o [4]
__aeabi_dadd            0x00001f9c         Code  Gb  DblAdd.o [4]
__aeabi_ddiv            0x00001be4         Code  Gb  DblDiv.o [4]
__aeabi_dmul            0x000019e8         Code  Gb  DblMul.o [4]
__aeabi_dsub            0x0000161c         Code  Gb  DblSub.o [4]
__aeabi_errno_addr      0x0000482d    0xc  Code  Gb  errno.o [3]
__aeabi_i2d             0x000015b8         Code  Gb  S32ToDbl.o [4]
__aeabi_idiv            0x00001810         Code  Gb  I32DivMod.o [5]
__aeabi_idiv0           0x000020dc         Code  Gb  IntDivZer.o [5]
__aeabi_idivmod         0x00001810         Code  Gb  I32DivMod.o [5]
__aeabi_ldiv0           0x00001f94         Code  Gb  I64DivZer.o [5]
__aeabi_memcpy          0x0000129c         Code  Gb  ABImemcpy.o [5]
__aeabi_memcpy4         0x000012c0         Code  Gb  ABImemcpy.o [5]
__aeabi_memcpy8         0x000012c0         Code  Gb  ABImemcpy.o [5]
__aeabi_ui2d            0x00001f60         Code  Gb  U32ToDbl.o [4]
__aeabi_uidiv           0x00001840         Code  Gb  I32DivMod.o [5]
__aeabi_uidivmod        0x00001840         Code  Gb  I32DivMod.o [5]
__aeabi_uldivmod        0x000011c4         Code  Gb  I64DivMod.o [5]
__cmain                 0x00007530         Code  Gb  cmain.o [5]
__data_Aldata           0x40000188    0x8  Data  Gb  xxmemxmalloc.o [3]
__data_GetMemChunk      0x00005cdd   0x2c  Code  Gb  xgetmemchunk.o [3]
__dwrite                0x00003e14   0x24  Code  Gb  dwrite.o [6]
__exit                  0x00003d1c   0x20  Code  Gb  exit.o [6]
__iar_Dint              0x00004771   0x8c  Code  Gb  xdint.o [4]
__iar_Dnorm             0x00001371   0x48  Code  Gb  xdnorm.o [4]
__iar_Dscale            0x00001431  0x120  Code  Gb  xdscale.o [4]
__iar_Dtest             0x00004bad   0x34  Code  Gb  xdtest.o [4]
__iar_EmptyStepPoint    0x00003b59    0x2  Code  Gb  xassert.o [3]
__iar_Errno             0x4000014c    0x4  Data  Gb  errno.o [3]
__iar_Exp               0x000048e5  0x2c4  Code  Gb  xexp.o [4]
__iar_Logpoly           0x0000483d   0x70  Code  Gb  xlog.o [4]
__iar_Memchr            0x0000112c         Code  Gb  memchr.o [5]
__iar_ReportAssert      0x00003c41   0x5e  Code  Gb  xreportassert.o [3]
__iar_Stolx             0x0000728d   0xa0  Code  Gb  xstol.o [3]
__iar_Stoulx            0x0000732d  0x12c  Code  Gb  xstoul.o [3]
__iar_Strchr            0x000010b0         Code  Gb  strchr.o [5]
__iar_close_ttio        0x00003d5c   0x58  Code  Gb  iarttio.o [6]
__iar_copy_init3        0x00007621   0x30  Code  Gb  copy_init3.o [5]
__iar_dadd              0x00001fac         Code  Gb  DblAdd.o [4]
__iar_data_init3        0x00007559   0x30  Code  Gb  data_init.o [5]
__iar_dlib_perthread_access
                        0x00004ba9    0x2  Code  Gb  xtls.o [3]
__iar_dsub              0x0000162c         Code  Gb  DblSub.o [4]
__iar_dsubStart         0x0000164c         Code  Gb  DblSub.o [4]
__iar_edom              0x00005e8c         Code  Gb  iarEdom.o [5]
__iar_enable_interrupt  0x0000724c         Code  Gb  main.o [1]
__iar_get_ttio          0x00003db4   0x5c  Code  Gb  iarttio.o [6]
__iar_i2d               0x000015cc         Code  Gb  S32ToDbl.o [4]
__iar_lookup_ttioh      0x00003e39    0x8  Code  Gb  XShttio.o [3]
__iar_program_start     0x000074a8         Code  Gb  cstartup.o [5]
__iar_return_from_swi   0x000077b0    0x4  Code  Gb  xreturnswi.o [6]
__iar_sh_stdout         0x00003e40   0x40  Code  Gb  iarwstd.o [6]
__iar_sh_write          0x00003e80   0x44  Code  Gb  iarwrite.o [6]
__iar_sqrt              0x00005d14         Code  Gb  sqrt.o [4]
__iar_ttio_handles      0x40000138    0x8  Data  Lc  XShttio.o [3]
__iar_zero_init3        0x00003bcf   0x2a  Code  Gb  zero_init3.o [5]
__low_level_init        0x00007555    0x4  Code  Gb  low_level_init.o [3]
__vector                0x00000000         Data  Gb  cstartup.o [5]
__write                 0x00003d40   0x10  Code  Gb  write.o [6]
_call_main              0x00007540         Code  Gb  cmain.o [5]
_exit                   0x00007598         Code  Gb  cexit.o [5]
_main                   0x00007548         Code  Gb  cmain.o [5]
abort                   0x00003cd9    0xc  Code  Gb  abort.o [3]
abs                     0x00005d09    0x8  Code  Gb  abs.o [3]
activeGraph             0x400001dc    0x4  Data  Gb  graphpage.o [1]
addWindow               0x00006271   0x12  Code  Gb  layout.o [1]
animationHolder         0x4000016c    0x4  Data  Gb  animation.o [1]
changeToCurrent         0x00006181   0x36  Code  Gb  graphpage.o [1]
changeToPower           0x000061b7   0x36  Code  Gb  graphpage.o [1]
changeToVoltage         0x0000614b   0x36  Code  Gb  graphpage.o [1]
convertCurrent          0x000071d7   0x2e  Code  Gb  parsing.o [1]
convertPower            0x00007205   0x22  Code  Gb  parsing.o [1]
convertVoltage          0x000071a9   0x2e  Code  Gb  parsing.o [1]
crp                     0x000001fc    0x4  Data  Gb  main.o [1]
currentGraph            0x400001d4    0x4  Data  Gb  graphpage.o [1]
currentPage             0x400001e8    0x4  Data  Gb  main.o [1]
digits                  0x00007458   0x28  Data  Lc  xstoul.o [3]
dispatchTouch           0x000062b9   0x34  Code  Gb  layout.o [1]
div                     0x00001f71   0x24  Code  Gb  div.o [3]
doLearn                 0x00007087   0x56  Code  Gb  learningpage.o [1]
drawCircle              0x00005aad   0x36  Code  Gb  draw.o [1]
drawFilledCircle        0x00005b69   0x56  Code  Gb  draw.o [1]
drawFilledRectangle     0x00005c05   0x4c  Code  Gb  draw.o [1]
drawHorizontalLine      0x000059d5   0x22  Code  Gb  draw.o [1]
drawLine                0x00005a19   0x94  Code  Gb  draw.o [1]
drawRectangle           0x00005bbf   0x46  Code  Gb  draw.o [1]
drawVerticalLine        0x000059f7   0x22  Code  Gb  draw.o [1]
drawWindow              0x0000632b   0xd0  Code  Gb  gui.o [1]
drawWindows             0x00006297   0x22  Code  Gb  layout.o [1]
exit                    0x0000758b    0xa  Code  Gb  exit.o [3]
free                    0x00005c51   0x86  Code  Gb  xxmemxfree.o [3]
getMeasurement          0x00006c23    0x4  Code  Gb  main.o [1]
getPixelWidth           0x00006477   0x10  Code  Gb  ProgressBar.o [1]
graphPage               0x400001f4    0x4  Data  Gb  main.o [1]
init                    0x00006c27   0x82  Code  Gb  main.o [1]
initAnimations          0x00006ce9   0x98  Code  Gb  animation.o [1]
initGraphPage           0x00005ea5  0x22c  Code  Gb  graphpage.o [1]
initLayout              0x00006261   0x10  Code  Gb  layout.o [1]
initLearningPage        0x00006f69  0x11e  Code  Gb  learningpage.o [1]
initMainPage            0x00006e51   0xc8  Code  Gb  mainpage.o [1]
initRectangleWindow     0x000062ed   0x32  Code  Gb  gui.o [1]
internal_Pow            0x00003ec9  0x444  Code  Lc  pow.o [4]
isAnimating             0x00006e11    0x6  Code  Gb  animation.o [1]
iterator                0x400001f8    0x4  Data  Lc  uart.o [1]
learningPage            0x400001f0    0x4  Data  Gb  main.o [1]
lightLed                0x00006f3d    0xa  Code  Gb  mainpage.o [1]
lnbias                  0x00004350  0x420  Data  Lc  pow.o [4]
mAnimating              0x40000208    0x1  Data  Gb  animation.o [1]
main                    0x00006a99  0x116  Code  Gb  main.o [1]
mainPage                0x400001ec    0x4  Data  Gb  main.o [1]
malloc                  0x00005919   0xb6  Code  Gb  xxmemxmalloc.o [3]
measurement             0x40000170   0x18  Data  Gb  main.o [1]
memchr                  0x0000112c         Code  Gb  memchr.o [5]
ndigs                   0x00007480   0x28  Data  Lc  xstoul.o [3]
onTouch                 0x00006409   0x3a  Code  Gb  gui.o [1]
out                     0x00003c29   0x18  Code  Lc  xreportassert.o [3]
pCurrFont               0x40000190    0x4  Data  Lc  drv_glcd.o [1]
pPix                    0x400001c0    0x4  Data  Lc  drv_glcd.o [1]
pWind                   0x400001bc    0x4  Data  Lc  drv_glcd.o [1]
parse                   0x00007119   0x90  Code  Gb  parsing.o [1]
pb                      0x400001e4    0x4  Data  Gb  learningpage.o [1]
plot4points             0x00005b15   0x54  Code  Gb  draw.o [1]
plot8points             0x00005ae3   0x32  Code  Gb  draw.o [1]
postAnimation           0x00006d81   0x30  Code  Gb  animation.o [1]
pow                     0x0000433d   0x12  Code  Gb  pow.o [4]
powerGraph              0x400001d8    0x4  Data  Gb  graphpage.o [1]
printf                  0x0000725d   0x24  Code  Gb  printf.o [3]
putchar                 0x00003ce5   0x2a  Code  Gb  putchar.o [3]
refreshGraph            0x000061f1   0x14  Code  Gb  graphpage.o [1]
removeWindow            0x00006283   0x14  Code  Gb  layout.o [1]
setOnClick              0x00006323    0x8  Code  Gb  gui.o [1]
setText                 0x0000631f    0x4  Code  Gb  gui.o [1]
sqrt                    0x00005d14         Code  Gb  sqrt.o [4]
sqrtl                   0x00005d14         Code  Gb  sqrt.o [4]
strchr                  0x000010b0         Code  Gb  strchr.o [5]
strlen                  0x000010d4         Code  Gb  strlen.o [5]
strtol                  0x00007281    0xc  Code  Gb  strtol.o [3]
swapToGraph             0x00006f31    0xc  Code  Gb  mainpage.o [1]
swapToLearning          0x00006f19    0xc  Code  Gb  mainpage.o [1]
swapToMain              0x00006f25    0xc  Code  Gb  mainpage.o [1]
swapToPage              0x00006baf   0x74  Code  Gb  main.o [1]
thisPage                0x400001e0    0x4  Data  Gb  graphpage.o [1]
updateGraphPage         0x000060d1   0x7a  Code  Gb  graphpage.o [1]
voltageGraph            0x400001d0    0x4  Data  Gb  graphpage.o [1]
vsprintf                0x00003bf9   0x30  Code  Gb  vsprintf.o [3]


[1] = C:\Users\gedemis\Desktop\31370\31370\Flash Debug\Obj
[2] = command line
[3] = dl4t_tln.a
[4] = m4t_tl.a
[5] = rt4t_al.a
[6] = shs_l.a

  26 678 bytes of readonly  code memory
   3 566 bytes of readonly  data memory
  10 539 bytes of readwrite data memory (+ 427 absolute)

Errors: none
Warnings: none
