###############################################################################
#                                                                             #
# IAR ELF Linker V6.50.2.4510/W32 for ARM               18/Jan/2013  17:13:14 #
# Copyright 2007-2012 IAR Systems AB.                                         #
#                                                                             #
#    Output file  =  C:\Users\mwj\Desktop\31370\Source\31370\31370\Flash      #
#                    Debug\Exe\virtual_com.out.tmp                            #
#    Map file     =  C:\Users\mwj\Desktop\31370\Source\31370\31370\Flash      #
#                    Debug\List\virtual_com.map                               #
#    Command line =  "C:\Users\mwj\Desktop\31370\Source\31370\31370\Flash     #
#                    Debug\Obj\LPC24xx_enet.o" "C:\Users\mwj\Desktop\31370\So #
#                    urce\31370\31370\Flash Debug\Obj\ProgressBar.o"          #
#                    "C:\Users\mwj\Desktop\31370\Source\31370\31370\Flash     #
#                    Debug\Obj\ProgressSpinner.o"                             #
#                    "C:\Users\mwj\Desktop\31370\Source\31370\31370\Flash     #
#                    Debug\Obj\Terminal_18_24x12.o"                           #
#                    "C:\Users\mwj\Desktop\31370\Source\31370\31370\Flash     #
#                    Debug\Obj\Terminal_6_8x6.o"                              #
#                    "C:\Users\mwj\Desktop\31370\Source\31370\31370\Flash     #
#                    Debug\Obj\Terminal_9_12x6.o"                             #
#                    "C:\Users\mwj\Desktop\31370\Source\31370\31370\Flash     #
#                    Debug\Obj\animation.o" "C:\Users\mwj\Desktop\31370\Sourc #
#                    e\31370\31370\Flash Debug\Obj\clock-arch.o"              #
#                    "C:\Users\mwj\Desktop\31370\Source\31370\31370\Flash     #
#                    Debug\Obj\devicespage.o" "C:\Users\mwj\Desktop\31370\Sou #
#                    rce\31370\31370\Flash Debug\Obj\draw.o"                  #
#                    "C:\Users\mwj\Desktop\31370\Source\31370\31370\Flash     #
#                    Debug\Obj\drv_glcd.o" "C:\Users\mwj\Desktop\31370\Source #
#                    \31370\31370\Flash Debug\Obj\drv_touch_scr.o"            #
#                    "C:\Users\mwj\Desktop\31370\Source\31370\31370\Flash     #
#                    Debug\Obj\graph.o" "C:\Users\mwj\Desktop\31370\Source\31 #
#                    370\31370\Flash Debug\Obj\graphpage.o"                   #
#                    "C:\Users\mwj\Desktop\31370\Source\31370\31370\Flash     #
#                    Debug\Obj\gui.o" "C:\Users\mwj\Desktop\31370\Source\3137 #
#                    0\31370\Flash Debug\Obj\http-strings.o"                  #
#                    "C:\Users\mwj\Desktop\31370\Source\31370\31370\Flash     #
#                    Debug\Obj\httpd-cgi.o" "C:\Users\mwj\Desktop\31370\Sourc #
#                    e\31370\31370\Flash Debug\Obj\httpd-fs.o"                #
#                    "C:\Users\mwj\Desktop\31370\Source\31370\31370\Flash     #
#                    Debug\Obj\httpd-fsdata.o" "C:\Users\mwj\Desktop\31370\So #
#                    urce\31370\31370\Flash Debug\Obj\httpd.o"                #
#                    "C:\Users\mwj\Desktop\31370\Source\31370\31370\Flash     #
#                    Debug\Obj\layout.o" "C:\Users\mwj\Desktop\31370\Source\3 #
#                    1370\31370\Flash Debug\Obj\learningpage.o"               #
#                    "C:\Users\mwj\Desktop\31370\Source\31370\31370\Flash     #
#                    Debug\Obj\main.o" "C:\Users\mwj\Desktop\31370\Source\313 #
#                    70\31370\Flash Debug\Obj\mainpage.o"                     #
#                    "C:\Users\mwj\Desktop\31370\Source\31370\31370\Flash     #
#                    Debug\Obj\navigationbar.o" "C:\Users\mwj\Desktop\31370\S #
#                    ource\31370\31370\Flash Debug\Obj\parsing.o"             #
#                    "C:\Users\mwj\Desktop\31370\Source\31370\31370\Flash     #
#                    Debug\Obj\psock.o" "C:\Users\mwj\Desktop\31370\Source\31 #
#                    370\31370\Flash Debug\Obj\sdram_64M_32bit_drv.o"         #
#                    "C:\Users\mwj\Desktop\31370\Source\31370\31370\Flash     #
#                    Debug\Obj\sys.o" "C:\Users\mwj\Desktop\31370\Source\3137 #
#                    0\31370\Flash Debug\Obj\timer.o"                         #
#                    "C:\Users\mwj\Desktop\31370\Source\31370\31370\Flash     #
#                    Debug\Obj\uart.o" "C:\Users\mwj\Desktop\31370\Source\313 #
#                    70\31370\Flash Debug\Obj\uip.o"                          #
#                    "C:\Users\mwj\Desktop\31370\Source\31370\31370\Flash     #
#                    Debug\Obj\uip_arp.o" "C:\Users\mwj\Desktop\31370\Source\ #
#                    31370\31370\Flash Debug\Obj\uiplib.o" --redirect         #
#                    _Printf=_PrintfFull --redirect _Scanf=_ScanfFull -o      #
#                    "C:\Users\mwj\Desktop\31370\Source\31370\31370\Flash     #
#                    Debug\Exe\virtual_com.out.tmp" --map                     #
#                    "C:\Users\mwj\Desktop\31370\Source\31370\31370\Flash     #
#                    Debug\List\virtual_com.map" --config                     #
#                    C:\Users\mwj\Desktop\31370\Source\31370\31370\config\LPC #
#                    2478_Flash.icf --semihosting --entry                     #
#                    __iar_program_start --vfe                                #
#                                                                             #
#                                                                             #
###############################################################################

*******************************************************************************
*** MESSAGES
***

Error[Li016]: size limit exceeded: 35364 > 32768


*******************************************************************************
*** RUNTIME MODEL ATTRIBUTES
***

CppFlavor       = *
__Heap_Handler  = Basic
__SystemLibrary = DLib


*******************************************************************************
*** PLACEMENT SUMMARY
***

"A1":  place at 0x00000000 { ro section .intvec };
"P1":  place in [from 0x00000000 to 0x000001fb] |
                [from 0x00000200 to 0x0007dfff] { ro };
"P2":  place in [from 0x40000000 to 0x4000003f] |
                [from 0x40000120 to 0x4000ffdf] {
          rw, block CSTACK, block SVC_STACK, block IRQ_STACK, block FIQ_STACK,
          block UND_STACK, block ABT_STACK, block HEAP };
"P4":  place in [from 0x7fe00000 to 0x7fe03fff] { rw data section EMAC_DMA_RAM };
"P6":  place in [from 0x000001fc to 0x000001ff] { section .crp };

  Section             Kind        Address    Size  Object
  -------             ----        -------    ----  ------
"A1":                                        0x3c
  .intvec             ro code  0x00000000    0x3c  cstartup.o [5]
                             - 0x0000003c    0x3c

"P1", part 1 of 2:                           0xb0
  Initializer bytes   ro data  0x0000003c    0xb0  <for P2 s0> (used: 0x0)
                             - 0x000000ec    0xb0

"P6":                                         0x4
  .crp                const    0x000001fc     0x4  main.o [1]
                             - 0x00000200     0x4

"P1", part 2 of 2:                         0xa104
  Veneer              ro code  0x00000200    0x10  - Linker created -
  .text               ro code  0x00000210   0xe9c  xprintffull.o [3]
  Veneer              ro code  0x000010ac     0x4  - Linker created -
  .text               ro code  0x000010b0    0x20  strchr.o [5]
  Veneer              ro code  0x000010d0     0x4  - Linker created -
  .text               ro code  0x000010d4    0x54  strlen.o [5]
  Veneer              ro code  0x00001128     0x4  - Linker created -
  .text               ro code  0x0000112c    0x94  memchr.o [5]
  Veneer              ro code  0x000011c0     0x4  - Linker created -
  .text               ro code  0x000011c4    0xd4  I64DivMod.o [5]
  Veneer              ro code  0x00001298     0x4  - Linker created -
  .text               ro code  0x0000129c    0xd4  ABImemcpy.o [5]
  .text               ro code  0x00001370    0x48  xdnorm.o [4]
  Veneer              ro code  0x000013b8     0x4  - Linker created -
  .text               ro code  0x000013bc    0x38  DblCmpLe.o [4]
  Veneer              ro code  0x000013f4     0x4  - Linker created -
  .text               ro code  0x000013f8    0x38  DblCmpGe.o [4]
  .text               ro code  0x00001430   0x120  xdscale.o [4]
  Veneer              ro code  0x00001550     0x4  - Linker created -
  .text               ro code  0x00001554    0x60  DblToS32.o [4]
  Veneer              ro code  0x000015b4     0x4  - Linker created -
  .text               ro code  0x000015b8    0x60  S32ToDbl.o [4]
  Veneer              ro code  0x00001618     0x4  - Linker created -
  .text               ro code  0x0000161c   0x1f0  DblSub.o [4]
  Veneer              ro code  0x0000180c     0x4  - Linker created -
  .text               ro code  0x00001810   0x1d4  I32DivMod.o [5]
  Veneer              ro code  0x000019e4     0x4  - Linker created -
  .text               ro code  0x000019e8   0x1f8  DblMul.o [4]
  Veneer              ro code  0x00001be0     0x4  - Linker created -
  .text               ro code  0x00001be4   0x338  DblDiv.o [4]
  Veneer              ro code  0x00001f1c     0x4  - Linker created -
  .text               ro code  0x00001f20    0x3c  DblToU32.o [4]
  Veneer              ro code  0x00001f5c     0x4  - Linker created -
  .text               ro code  0x00001f60    0x10  U32ToDbl.o [4]
  .text               ro code  0x00001f70    0x24  div.o [3]
  .text               ro code  0x00001f94     0x4  I64DivZer.o [5]
  Veneer              ro code  0x00001f98     0x4  - Linker created -
  .text               ro code  0x00001f9c   0x140  DblAdd.o [4]
  .text               ro code  0x000020dc     0x4  IntDivZer.o [5]
  .rodata             const    0x000020e0   0xc14  Terminal_9_12x6.o [1]
  .text               ro code  0x00002cf4   0xaa4  uip.o [1]
  Veneer              ro code  0x00003798     0x4  - Linker created -
  .text               ro code  0x0000379c     0x8  ABImemclr4.o [5]
  .text               ro code  0x000037a4   0x5a0  httpd.o [1]
  .text               ro code  0x00003d44    0x3c  ABImemset48.o [5]
  .text               ro code  0x00003d80   0x2b0  psock.o [1]
  .text               ro code  0x00004030   0x274  httpd-fs.o [1]
  .text               ro code  0x000042a4   0x2bc  httpd-cgi.o [1]
  .text               ro code  0x00004560    0x1a  strrchr.o [3]
  .text               ro code  0x0000457a    0x2c  strncmp.o [3]
  .text               ro code  0x000045a6    0x2a  zero_init3.o [5]
  Veneer              ro code  0x000045d0     0x4  - Linker created -
  .text               ro code  0x000045d4    0x6c  strcpy.o [5]
  Veneer              ro code  0x00004640     0x4  - Linker created -
  .text               ro code  0x00004644    0x9c  strncpy.o [5]
  .text               ro code  0x000046e0    0x48  snprintf.o [3]
  Veneer              ro code  0x00004728     0x4  - Linker created -
  .text               ro code  0x0000472c    0x7c  ABImemset.o [5]
  .text               ro code  0x000047a8   0x8a8  pow.o [4]
  .text               ro code  0x00005050    0x8c  xdint.o [4]
  Veneer              ro code  0x000050dc     0x4  - Linker created -
  .text               ro code  0x000050e0    0x2c  DblCmpEq.o [4]
  .text               ro code  0x0000510c    0x10  errno.o [3]
  .text               ro code  0x0000511c    0xa8  xlog.o [4]
  .text               ro code  0x000051c4   0x2c4  xexp.o [4]
  .text               ro code  0x00005488     0x2  xtls.o [3]
  .text               ro code  0x0000548a     0xa  xsprout.o [3]
  .text               ro code  0x00005494    0x34  xdtest.o [4]
  .text               ro code  0x000054c8   0x844  drv_glcd.o [1]
  .text               ro code  0x00005d0c   0x2c0  sys.o [1]
  .text               ro code  0x00005fcc    0x76  xassert.o [3]
  .text               ro code  0x00006044    0x30  vsprintf.o [3]
  .text               ro code  0x00006074    0xb0  xreportassert.o [3]
  .text               ro code  0x00006124     0xc  abort.o [3]
  .text               ro code  0x00006130    0x2a  putchar.o [3]
  Veneer              ro code  0x0000615c     0x4  - Linker created -
  .text               ro code  0x00006160    0x20  exit.o [6]
  Veneer              ro code  0x00006180     0x4  - Linker created -
  .text               ro code  0x00006184    0x10  write.o [6]
  Veneer              ro code  0x00006194     0xc  - Linker created -
  .text               ro code  0x000061a0    0xb8  iarttio.o [6]
  .text               ro code  0x00006258    0x24  dwrite.o [6]
  .text               ro code  0x0000627c     0x8  XShttio.o [3]
  .text               ro code  0x00006284    0x40  iarwstd.o [6]
  .text               ro code  0x000062c4    0x44  iarwrite.o [6]
  .rodata             const    0x00006308   0x6d4  httpd-fsdata.o [1]
  .text               ro code  0x000069dc   0x5e0  drv_touch_scr.o [1]
  Veneer              ro code  0x00006fbc    0x10  - Linker created -
  .text               ro code  0x00006fcc   0x578  devicespage.o [1]
  .text               ro code  0x00007544    0xbc  xxmemxmalloc.o [3]
  .text               ro code  0x00007600    0x84  layout.o [1]
  .text               ro code  0x00007684   0x1b2  gui.o [1]
  .text               ro code  0x00007838   0x128  ProgressSpinner.o [1]
  .text               ro code  0x00007960    0xfa  animation.o [1]
  .text               ro code  0x00007a5c    0x8c  xxmemxfree.o [3]
  .text               ro code  0x00007ae8    0x2c  xgetmemchunk.o [3]
  .text               ro code  0x00007b14   0x256  draw.o [1]
  .text               ro code  0x00007d6c   0x12c  ProgressBar.o [1]
  .text               ro code  0x00007e98   0x470  graph.o [1]
  Veneer              ro code  0x00008308     0x4  - Linker created -
  .text               ro code  0x0000830c   0x16c  sqrt.o [4]
  .text               ro code  0x00008478     0x8  abs.o [3]
  Veneer              ro code  0x00008480     0xc  - Linker created -
  .text               ro code  0x0000848c    0x18  iarEdom.o [5]
  .text               ro code  0x000084a4   0x488  LPC24xx_enet.o [1]
  .text               ro code  0x0000892c    0x10  uip_arp.o [1]
  .text               ro code  0x0000893c   0x3a8  main.o [1]
  .text               ro code  0x00008ce4    0xb4  clock-arch.o [1]
  .text               ro code  0x00008d98    0x36  timer.o [1]
  .text               ro code  0x00008dd0   0x23c  uart.o [1]
  .text               ro code  0x0000900c   0x18c  navigationbar.o [1]
  .text               ro code  0x00009198    0x5c  mainpage.o [1]
  .text               ro code  0x000091f4   0x180  learningpage.o [1]
  .text               ro code  0x00009374   0x274  graphpage.o [1]
  .text               ro code  0x000095e8   0x2dc  uip_arp.o [1]
  .text               ro code  0x000098c4   0x1e0  parsing.o [1]
  .text               ro code  0x00009aa4   0x160  sdram_64M_32bit_drv.o [1]
  Veneer              ro code  0x00009c04     0x4  - Linker created -
  .text               ro code  0x00009c08    0x10  main.o [1]
  .text               ro code  0x00009c18    0x18  uip_arp.o [1]
  .text               ro code  0x00009c30     0xc  strtol.o [3]
  .text               ro code  0x00009c3c    0xa0  xstol.o [3]
  .text               ro code  0x00009cdc   0x17c  xstoul.o [3]
  .rodata             const    0x00009e58   0x20c  http-strings.o [1]
  .rodata             const    0x0000a064    0xa4  httpd-cgi.o [1]
  .rodata             const    0x0000a108    0x7c  httpd-fs.o [1]
  .text               ro code  0x0000a184    0x58  cstartup.o [5]
  Veneer              ro code  0x0000a1dc     0xc  - Linker created -
  Veneer              ro code  0x0000a1e8     0xc  - Linker created -
  Veneer              ro code  0x0000a1f4     0xc  - Linker created -
  Veneer              ro code  0x0000a200     0xc  - Linker created -
  .text               ro code  0x0000a20c    0x24  cmain.o [5]
  .text               ro code  0x0000a230     0x4  low_level_init.o [3]
  .text               ro code  0x0000a234    0x32  data_init.o [5]
  .text               ro code  0x0000a266     0xa  exit.o [3]
  Veneer              ro code  0x0000a270     0x4  - Linker created -
  .text               ro code  0x0000a274    0x10  cexit.o [5]
  .text               ro code  0x0000a284    0x30  copy_init3.o [5]
  .iar.init_table     const    0x0000a2b4    0x24  - Linker created -
  .text               ro code  0x0000a2d8    0x1c  xsnprout.o [3]
  .rodata             const    0x0000a2f4     0x8  uip.o [1]
  .text               ro code  0x0000a2fc     0x4  vectortrap.o [5]
  .text               ro code  0x0000a300     0x4  xreturnswi.o [6]
  .rodata             const    0x0000a304     0x0  zero_init3.o [5]
  .rodata             const    0x0000a304     0x0  copy_init3.o [5]
                             - 0x0000a304  0xa104

Absolute sections, part 1 of 57:              0x4
  .noinit             uninit   0x3fffc000     0x4  sys.o [1]
                             - 0x3fffc004     0x4

Absolute sections, part 2 of 57:             0x14
  .noinit             uninit   0x3fffc010     0x4  sys.o [1]
  .noinit             uninit   0x3fffc014     0x4  drv_touch_scr.o [1]
  .noinit             uninit   0x3fffc018     0x4  drv_touch_scr.o [1]
  .noinit             uninit   0x3fffc01c     0x4  drv_touch_scr.o [1]
  .noinit             uninit   0x3fffc020     0x4  sys.o [1]
                             - 0x3fffc024    0x14

Absolute sections, part 3 of 57:              0x4
  .noinit             uninit   0x3fffc030     0x4  sys.o [1]
                             - 0x3fffc034     0x4

Absolute sections, part 4 of 57:              0x4
  .noinit             uninit   0x3fffc038     0x4  main.o [1]
                             - 0x3fffc03c     0x4

Absolute sections, part 5 of 57:              0x4
  .noinit             uninit   0x3fffc040     0x4  sys.o [1]
                             - 0x3fffc044     0x4

Absolute sections, part 6 of 57:              0x4
  .noinit             uninit   0x3fffc050     0x4  sys.o [1]
                             - 0x3fffc054     0x4

Absolute sections, part 7 of 57:              0x4
  .noinit             uninit   0x3fffc060     0x4  sys.o [1]
                             - 0x3fffc064     0x4

Absolute sections, part 8 of 57:              0x4
  .noinit             uninit   0x3fffc070     0x4  sys.o [1]
                             - 0x3fffc074     0x4

Absolute sections, part 9 of 57:              0x4
  .noinit             uninit   0x3fffc080     0x4  sys.o [1]
                             - 0x3fffc084     0x4

Absolute sections, part 10 of 57:             0x4
  .noinit             uninit   0x3fffc090     0x4  sys.o [1]
                             - 0x3fffc094     0x4

"P2", part 1 of 3:                           0xb0
  P2 s0                        0x40000120    0xb0  <Init block>
    .data             inited   0x40000120    0x30  devicespage.o [1]
    .data             inited   0x40000150    0x28  drv_glcd.o [1]
    .data             inited   0x40000178    0x24  httpd-cgi.o [1]
    .data             inited   0x4000019c    0x18  Terminal_9_12x6.o [1]
    .data             inited   0x400001b4    0x10  httpd-cgi.o [1]
    .data             inited   0x400001c4     0x8  XShttio.o [3]
    __DLIB_PERTHREAD  inited   0x400001cc     0x4  errno.o [3]
                             - 0x400001d0    0xb0

"P2", part 2 of 3:                         0x28c8
  .bss                zero     0x400001d0  0x1fe0  uip.o [1]
  .bss                zero     0x400021b0   0x5f4  uip.o [1]
  .bss                zero     0x400027a4    0xc8  httpd-fs.o [1]
  .bss                zero     0x4000286c    0x3c  uip.o [1]
  .bss                zero     0x400028a8    0x70  main.o [1]
  .bss                zero     0x40002918    0x68  uip.o [1]
  .bss                zero     0x40002980    0x68  uip_arp.o [1]
  .bss                zero     0x400029e8    0x34  uart.o [1]
  .bss                zero     0x40002a1c    0x18  drv_glcd.o [1]
  .bss                zero     0x40002a34    0x18  drv_touch_scr.o [1]
  .bss                zero     0x40002a4c    0x14  graphpage.o [1]
  .bss                zero     0x40002a60    0x10  httpd-fs.o [1]
  .bss                zero     0x40002a70     0x8  animation.o [1]
  .bss                zero     0x40002a78     0x8  xxmemxmalloc.o [3]
  .bss                zero     0x40002a80     0x4  clock-arch.o [1]
  .bss                zero     0x40002a84     0x4  learningpage.o [1]
  .bss                zero     0x40002a88     0x4  navigationbar.o [1]
  .bss                zero     0x40002a8c     0x4  uip.o [1]
  .bss                zero     0x40002a90     0x4  uip.o [1]
  .bss                zero     0x40002a94     0x4  xgetmemchunk.o [3]
                             - 0x40002a98  0x28c8

"P2", part 3 of 3:                         0x2840
  CSTACK                       0x40002a98   0x400  <Block>
    CSTACK            uninit   0x40002a98   0x400  <Block tail>
  IRQ_STACK                    0x40002e98   0x400  <Block>
    IRQ_STACK         uninit   0x40002e98   0x400  <Block tail>
  FIQ_STACK                    0x40003298    0x40  <Block>
    FIQ_STACK         uninit   0x40003298    0x40  <Block tail>
  HEAP                         0x400032d8  0x2000  <Block>
    HEAP              uninit   0x400032d8  0x2000  <Block tail>
                             - 0x400052d8  0x2840

"P4":                                      0x1838
  EMAC_DMA_RAM        uninit   0x7fe00000  0x1838  LPC24xx_enet.o [1]
                             - 0x7fe01838  0x1838

Absolute sections, part 11 of 57:             0x8
  .noinit             uninit   0xe0004000     0x4  drv_touch_scr.o [1]
  .noinit             uninit   0xe0004004     0x4  drv_touch_scr.o [1]
                             - 0xe0004008     0x8

Absolute sections, part 12 of 57:             0x4
  .noinit             uninit   0xe000400c     0x4  drv_touch_scr.o [1]
                             - 0xe0004010     0x4

Absolute sections, part 13 of 57:             0x8
  .noinit             uninit   0xe0004014     0x4  drv_touch_scr.o [1]
  .noinit             uninit   0xe0004018     0x4  drv_touch_scr.o [1]
                             - 0xe000401c     0x8

Absolute sections, part 14 of 57:             0x4
  .noinit             uninit   0xe0004070     0x4  drv_touch_scr.o [1]
                             - 0xe0004074     0x4

Absolute sections, part 15 of 57:             0x1
  .noinit             uninit   0xe000c000     0x1  uart.o [1]
                             - 0xe000c001     0x1

Absolute sections, part 16 of 57:             0x9
  .noinit             uninit   0xe000c004     0x4  uart.o [1]
  .noinit             uninit   0xe000c008     0x4  uart.o [1]
  .noinit             uninit   0xe000c00c     0x1  uart.o [1]
                             - 0xe000c00d     0x9

Absolute sections, part 17 of 57:             0x4
  .noinit             uninit   0xe000c028     0x4  uart.o [1]
                             - 0xe000c02c     0x4

Absolute sections, part 18 of 57:             0x1
  .noinit             uninit   0xe000c030     0x1  uart.o [1]
                             - 0xe000c031     0x1

Absolute sections, part 19 of 57:             0x4
  .noinit             uninit   0xe0028008     0x4  sys.o [1]
                             - 0xe002800c     0x4

Absolute sections, part 20 of 57:             0x4
  .noinit             uninit   0xe0028018     0x4  sys.o [1]
                             - 0xe002801c     0x4

Absolute sections, part 21 of 57:             0x8
  .noinit             uninit   0xe002808c     0x4  drv_touch_scr.o [1]
  .noinit             uninit   0xe0028090     0x4  drv_touch_scr.o [1]
                             - 0xe0028094     0x8

Absolute sections, part 22 of 57:            0x28
  .noinit             uninit   0xe002c000     0x4  uart.o [1]
  .noinit             uninit   0xe002c004     0x4  sys.o [1]
  .noinit             uninit   0xe002c008     0x4  sys.o [1]
  .noinit             uninit   0xe002c00c     0x4  sys.o [1]
  .noinit             uninit   0xe002c010     0x4  sys.o [1]
  .noinit             uninit   0xe002c014     0x4  sys.o [1]
  .noinit             uninit   0xe002c018     0x4  sys.o [1]
  .noinit             uninit   0xe002c01c     0x4  sys.o [1]
  .noinit             uninit   0xe002c020     0x4  sys.o [1]
  .noinit             uninit   0xe002c024     0x4  sys.o [1]
                             - 0xe002c028    0x28

Absolute sections, part 23 of 57:             0x4
  .noinit             uninit   0xe002c02c     0x4  drv_glcd.o [1]
                             - 0xe002c030     0x4

Absolute sections, part 24 of 57:             0x8
  .noinit             uninit   0xe002c040     0x4  drv_glcd.o [1]
  .noinit             uninit   0xe002c044     0x4  drv_touch_scr.o [1]
                             - 0xe002c048     0x8

Absolute sections, part 25 of 57:            0x1c
  .noinit             uninit   0xe002c04c     0x4  drv_glcd.o [1]
  .noinit             uninit   0xe002c050     0x4  drv_glcd.o [1]
  .noinit             uninit   0xe002c054     0x4  sdram_64M_32bit_drv.o [1]
  .noinit             uninit   0xe002c058     0x4  sdram_64M_32bit_drv.o [1]
  .noinit             uninit   0xe002c05c     0x4  sdram_64M_32bit_drv.o [1]
  .noinit             uninit   0xe002c060     0x4  sdram_64M_32bit_drv.o [1]
  .noinit             uninit   0xe002c064     0x4  sdram_64M_32bit_drv.o [1]
                             - 0xe002c068    0x1c

Absolute sections, part 26 of 57:             0x8
  .noinit             uninit   0xe0034000     0x4  drv_touch_scr.o [1]
  .noinit             uninit   0xe0034004     0x4  drv_touch_scr.o [1]
                             - 0xe0034008     0x8

Absolute sections, part 27 of 57:             0x4
  .noinit             uninit   0xe003400c     0x4  drv_touch_scr.o [1]
                             - 0xe0034010     0x4

Absolute sections, part 28 of 57:             0x4
  .noinit             uninit   0xe0034030     0x4  drv_touch_scr.o [1]
                             - 0xe0034034     0x4

Absolute sections, part 29 of 57:             0x8
  .noinit             uninit   0xe0070000     0x4  animation.o [1]
  .noinit             uninit   0xe0070004     0x4  animation.o [1]
                             - 0xe0070008     0x8

Absolute sections, part 30 of 57:             0x8
  .noinit             uninit   0xe0070014     0x4  animation.o [1]
  .noinit             uninit   0xe0070018     0x4  animation.o [1]
                             - 0xe007001c     0x8

Absolute sections, part 31 of 57:             0x8
  .noinit             uninit   0xe01fc000     0x4  main.o [1]
  .noinit             uninit   0xe01fc004     0x4  main.o [1]
                             - 0xe01fc008     0x8

Absolute sections, part 32 of 57:            0x10
  .noinit             uninit   0xe01fc080     0x4  sys.o [1]
  .noinit             uninit   0xe01fc084     0x4  sys.o [1]
  .noinit             uninit   0xe01fc088     0x4  sys.o [1]
  .noinit             uninit   0xe01fc08c     0x4  sys.o [1]
                             - 0xe01fc090    0x10

Absolute sections, part 33 of 57:             0x4
  .noinit             uninit   0xe01fc0c4     0x4  uart.o [1]
                             - 0xe01fc0c8     0x4

Absolute sections, part 34 of 57:             0xc
  .noinit             uninit   0xe01fc104     0x4  sys.o [1]
  .noinit             uninit   0xe01fc108     0x4  sys.o [1]
  .noinit             uninit   0xe01fc10c     0x4  sys.o [1]
                             - 0xe01fc110     0xc

Absolute sections, part 35 of 57:             0x4
  .noinit             uninit   0xe01fc140     0x4  drv_touch_scr.o [1]
                             - 0xe01fc144     0x4

Absolute sections, part 36 of 57:             0x4
  .noinit             uninit   0xe01fc188     0x4  sys.o [1]
                             - 0xe01fc18c     0x4

Absolute sections, part 37 of 57:             0x4
  .noinit             uninit   0xe01fc1a0     0x4  sys.o [1]
                             - 0xe01fc1a4     0x4

Absolute sections, part 38 of 57:             0x8
  .noinit             uninit   0xe01fc1a8     0x4  sys.o [1]
  .noinit             uninit   0xe01fc1ac     0x4  sys.o [1]
                             - 0xe01fc1b0     0x8

Absolute sections, part 39 of 57:             0x4
  .noinit             uninit   0xe01fc1b8     0x4  drv_glcd.o [1]
                             - 0xe01fc1bc     0x4

Absolute sections, part 40 of 57:            0x38
  .noinit             uninit   0xffe00000     0x4  LPC24xx_enet.o [1]
  .noinit             uninit   0xffe00004     0x4  LPC24xx_enet.o [1]
  .noinit             uninit   0xffe00008     0x4  LPC24xx_enet.o [1]
  .noinit             uninit   0xffe0000c     0x4  LPC24xx_enet.o [1]
  .noinit             uninit   0xffe00010     0x4  LPC24xx_enet.o [1]
  .noinit             uninit   0xffe00014     0x4  LPC24xx_enet.o [1]
  .noinit             uninit   0xffe00018     0x4  LPC24xx_enet.o [1]
  .noinit             uninit   0xffe0001c     0x4  LPC24xx_enet.o [1]
  .noinit             uninit   0xffe00020     0x4  LPC24xx_enet.o [1]
  .noinit             uninit   0xffe00024     0x4  LPC24xx_enet.o [1]
  .noinit             uninit   0xffe00028     0x4  LPC24xx_enet.o [1]
  .noinit             uninit   0xffe0002c     0x4  LPC24xx_enet.o [1]
  .noinit             uninit   0xffe00030     0x4  LPC24xx_enet.o [1]
  .noinit             uninit   0xffe00034     0x4  LPC24xx_enet.o [1]
                             - 0xffe00038    0x38

Absolute sections, part 41 of 57:             0xc
  .noinit             uninit   0xffe00040     0x4  LPC24xx_enet.o [1]
  .noinit             uninit   0xffe00044     0x4  LPC24xx_enet.o [1]
  .noinit             uninit   0xffe00048     0x4  LPC24xx_enet.o [1]
                             - 0xffe0004c     0xc

Absolute sections, part 42 of 57:             0x4
  .noinit             uninit   0xffe00100     0x4  LPC24xx_enet.o [1]
                             - 0xffe00104     0x4

Absolute sections, part 43 of 57:            0x28
  .noinit             uninit   0xffe00108     0x4  LPC24xx_enet.o [1]
  .noinit             uninit   0xffe0010c     0x4  LPC24xx_enet.o [1]
  .noinit             uninit   0xffe00110     0x4  LPC24xx_enet.o [1]
  .noinit             uninit   0xffe00114     0x4  LPC24xx_enet.o [1]
  .noinit             uninit   0xffe00118     0x4  LPC24xx_enet.o [1]
  .noinit             uninit   0xffe0011c     0x4  LPC24xx_enet.o [1]
  .noinit             uninit   0xffe00120     0x4  LPC24xx_enet.o [1]
  .noinit             uninit   0xffe00124     0x4  LPC24xx_enet.o [1]
  .noinit             uninit   0xffe00128     0x4  LPC24xx_enet.o [1]
  .noinit             uninit   0xffe0012c     0x4  LPC24xx_enet.o [1]
                             - 0xffe00130    0x28

Absolute sections, part 44 of 57:             0x4
  .noinit             uninit   0xffe00ff4     0x4  LPC24xx_enet.o [1]
                             - 0xffe00ff8     0x4

Absolute sections, part 45 of 57:             0x4
  .noinit             uninit   0xffe08000     0x4  sdram_64M_32bit_drv.o [1]
                             - 0xffe08004     0x4

Absolute sections, part 46 of 57:             0xc
  .noinit             uninit   0xffe08020     0x4  sdram_64M_32bit_drv.o [1]
  .noinit             uninit   0xffe08024     0x4  sdram_64M_32bit_drv.o [1]
  .noinit             uninit   0xffe08028     0x4  sdram_64M_32bit_drv.o [1]
                             - 0xffe0802c     0xc

Absolute sections, part 47 of 57:            0x2c
  .noinit             uninit   0xffe08030     0x4  sdram_64M_32bit_drv.o [1]
  .noinit             uninit   0xffe08034     0x4  sdram_64M_32bit_drv.o [1]
  .noinit             uninit   0xffe08038     0x4  sdram_64M_32bit_drv.o [1]
  .noinit             uninit   0xffe0803c     0x4  sdram_64M_32bit_drv.o [1]
  .noinit             uninit   0xffe08040     0x4  sdram_64M_32bit_drv.o [1]
  .noinit             uninit   0xffe08044     0x4  sdram_64M_32bit_drv.o [1]
  .noinit             uninit   0xffe08048     0x4  sdram_64M_32bit_drv.o [1]
  .noinit             uninit   0xffe0804c     0x4  sdram_64M_32bit_drv.o [1]
  .noinit             uninit   0xffe08050     0x4  sdram_64M_32bit_drv.o [1]
  .noinit             uninit   0xffe08054     0x4  sdram_64M_32bit_drv.o [1]
  .noinit             uninit   0xffe08058     0x4  sdram_64M_32bit_drv.o [1]
                             - 0xffe0805c    0x2c

Absolute sections, part 48 of 57:             0x8
  .noinit             uninit   0xffe08100     0x4  sdram_64M_32bit_drv.o [1]
  .noinit             uninit   0xffe08104     0x4  sdram_64M_32bit_drv.o [1]
                             - 0xffe08108     0x8

Absolute sections, part 49 of 57:             0xc
  .noinit             uninit   0xffe10000     0x4  drv_glcd.o [1]
  .noinit             uninit   0xffe10004     0x4  drv_glcd.o [1]
  .noinit             uninit   0xffe10008     0x4  drv_glcd.o [1]
                             - 0xffe1000c     0xc

Absolute sections, part 50 of 57:             0xc
  .noinit             uninit   0xffe10010     0x4  drv_glcd.o [1]
  .noinit             uninit   0xffe10014     0x4  drv_glcd.o [1]
  .noinit             uninit   0xffe10018     0x4  drv_glcd.o [1]
                             - 0xffe1001c     0xc

Absolute sections, part 51 of 57:             0x4
  .noinit             uninit   0xffe10200     0x4  drv_glcd.o [1]
                             - 0xffe10204     0x4

Absolute sections, part 52 of 57:             0x4
  .noinit             uninit   0xffe10c00     0x4  drv_glcd.o [1]
                             - 0xffe10c04     0x4

Absolute sections, part 53 of 57:             0xc
  .noinit             uninit   0xfffff00c     0x4  sys.o [1]
  .noinit             uninit   0xfffff010     0x4  uart.o [1]
  .noinit             uninit   0xfffff014     0x4  sys.o [1]
                             - 0xfffff018     0xc

Absolute sections, part 54 of 57:             0x8
  .noinit             uninit   0xfffff01c     0x4  sys.o [1]
  .noinit             uninit   0xfffff020     0x4  sys.o [1]
                             - 0xfffff024     0x8

Absolute sections, part 55 of 57:             0x4
  .noinit             uninit   0xfffff100     0x4  sys.o [1]
                             - 0xfffff104     0x4

Absolute sections, part 56 of 57:             0x4
  .noinit             uninit   0xfffff200     0x4  sys.o [1]
                             - 0xfffff204     0x4

Absolute sections, part 57 of 57:             0x4
  .noinit             uninit   0xffffff00     0x4  uart.o [1]
                             - 0xffffff04     0x4


*******************************************************************************
*** INIT TABLE
***

          Address     Size
          -------     ----
Zero (__iar_zero_init3)
    1 destination range, total size 0x28c8:
          0x400001d0  0x28c8

Copy (__iar_copy_init3)
    1 source range, total size 0xb0:
          0x0000003c    0xb0
    1 destination range, total size 0xb0:
          0x40000120    0xb0



*******************************************************************************
*** MODULE SUMMARY
***

    Module                 ro code  ro data  rw data  rw data
                                                       (abs)
    ------                 -------  -------  -------  -------
C:\Users\mwj\Desktop\31370\Source\31370\31370\Flash Debug\Obj: [1]
    LPC24xx_enet.o           1 160             6 200      116
    ProgressBar.o              300
    ProgressSpinner.o          296
    Terminal_9_12x6.o                 3 116       24
    animation.o                250                 8       16
    clock-arch.o               180                 4
    devicespage.o            1 400       48       48
    draw.o                     598
    drv_glcd.o               2 116       40       64       52
    drv_touch_scr.o          1 504                24       68
    graph.o                  1 136
    graphpage.o                628                20
    gui.o                      434
    http-strings.o                      524
    httpd-cgi.o                700      216       52
    httpd-fs.o                 628      124      216
    httpd-fsdata.o                    1 748
    httpd.o                  1 440
    layout.o                   132
    learningpage.o             384                 4
    main.o                     952        4      112       12
    mainpage.o                  92
    navigationbar.o            396                 4
    parsing.o                  480
    psock.o                    688
    sdram_64M_32bit_drv.o      352                         88
    sys.o                      704                        152
    timer.o                     54
    uart.o                     572                52       31
    uip.o                    2 724        8    9 856
    uip_arp.o                  772               104
    ---------------------------------------------------------
    Total:                  21 072    5 828   16 792      535

command line: [2]
    ---------------------------------------------------------
    Total:

dl4t_tln.a: [3]
    XShttio.o                    8        8        8
    abort.o                     12
    abs.o                        8
    div.o                       36
    errno.o                     16        4        4
    exit.o                      10
    low_level_init.o             4
    putchar.o                   42
    snprintf.o                  72
    strncmp.o                   44
    strrchr.o                   26
    strtol.o                    12
    vsprintf.o                  48
    xassert.o                  118
    xgetmemchunk.o              44                 4
    xprintffull.o            3 740
    xreportassert.o            176
    xsnprout.o                  28
    xsprout.o                   10
    xstol.o                    160
    xstoul.o                   380
    xtls.o                       2
    xxmemxfree.o               140
    xxmemxmalloc.o             188                 8
    ---------------------------------------------------------
    Total:                   5 324       12       24

m4t_tl.a: [4]
    DblAdd.o                   320
    DblCmpEq.o                  44
    DblCmpGe.o                  56
    DblCmpLe.o                  56
    DblDiv.o                   824
    DblMul.o                   504
    DblSub.o                   496
    DblToS32.o                  96
    DblToU32.o                  60
    S32ToDbl.o                  96
    U32ToDbl.o                  16
    pow.o                    2 216
    sqrt.o                     364
    xdint.o                    140
    xdnorm.o                    72
    xdscale.o                  288
    xdtest.o                    52
    xexp.o                     708
    xlog.o                     168
    ---------------------------------------------------------
    Total:                   6 576

rt4t_al.a: [5]
    ABImemclr4.o                 8
    ABImemcpy.o                212
    ABImemset.o                124
    ABImemset48.o               60
    I32DivMod.o                468
    I64DivMod.o                212
    I64DivZer.o                  4
    IntDivZer.o                  4
    cexit.o                     16
    cmain.o                     36
    copy_init3.o                48
    cstartup.o                 148
    data_init.o                 50
    iarEdom.o                   24
    memchr.o                   148
    strchr.o                    32
    strcpy.o                   108
    strlen.o                    84
    strncpy.o                  156
    vectortrap.o                 4
    zero_init3.o                42
    ---------------------------------------------------------
    Total:                   1 988

shs_l.a: [6]
    dwrite.o                    36
    exit.o                      32
    iarttio.o                  184
    iarwrite.o                  68
    iarwstd.o                   64
    write.o                     16
    xreturnswi.o                 4
    ---------------------------------------------------------
    Total:                     404

    Gaps                        12
    Linker created             208       36   10 304
-------------------------------------------------------------
    Grand Total:            35 584    5 876   27 120      535


*******************************************************************************
*** ENTRY LIST
***

Entry                      Address    Size  Type      Object
-----                      -------    ----  ----      ------
?main                   0x0000a20c          Code  Gb  cmain.o [5]
ADC_Intr_Handler        0x00006b21   0x19e  Code  Gb  drv_touch_scr.o [1]
Abort_Handler           0x0000a2fc          Code  Wk  vectortrap.o [5]
Buffer                  0x400028a8    0x2c  Data  Gb  main.o [1]
CLEAR_SCREEN            0x0000591d    0x26  Code  Gb  drv_glcd.o [1]
CSTACK$$Base            0x40002a98           --   Gb  - Linker created -
CSTACK$$Limit           0x40002e98           --   Gb  - Linker created -
CurrX_Size              0x40002a28     0x4  Data  Lc  drv_glcd.o [1]
CurrY_Size              0x40002a24     0x4  Data  Lc  drv_glcd.o [1]
DRAW_PIXEL              0x000058e9    0x22  Code  Gb  drv_glcd.o [1]
ENET_MIIReadRegister    0x000088c5    0x3a  Code  Lc  LPC24xx_enet.o [1]
ENET_MIIWriteRegister   0x00008889    0x34  Code  Lc  LPC24xx_enet.o [1]
EnetDmaRx               0x7fe00000    0x10  Data  Gb  LPC24xx_enet.o [1]
EnetDmaRxSta            0x7fe00020    0x10  Data  Gb  LPC24xx_enet.o [1]
EnetDmaTx               0x7fe00010    0x10  Data  Gb  LPC24xx_enet.o [1]
EnetDmaTxSta            0x7fe00030     0x8  Data  Gb  LPC24xx_enet.o [1]
FIQ_Handler             0x00005d0c     0x4  Code  Gb  sys.o [1]
FIQ_STACK$$Base         0x40003298           --   Gb  - Linker created -
FIQ_STACK$$Limit        0x400032d8           --   Gb  - Linker created -
GLCD_Ctrl               0x0000572d    0x50  Code  Gb  drv_glcd.o [1]
GLCD_Cursor_Dis         0x000054c9     0xc  Code  Gb  drv_glcd.o [1]
GLCD_Init               0x000054d5   0x202  Code  Gb  drv_glcd.o [1]
GLCD_LoadPic            0x00005c99    0x6c  Code  Gb  drv_glcd.o [1]
GLCD_SetFont            0x00005785     0xa  Code  Gb  drv_glcd.o [1]
GLCD_SetPallet          0x000056dd    0x32  Code  Gb  drv_glcd.o [1]
GLCD_SetWindow          0x000057b1    0x74  Code  Gb  drv_glcd.o [1]
GLCD_TextCalcWindow     0x000059b1    0x96  Code  Lc  drv_glcd.o [1]
GLCD_TextSetPos         0x000058dd     0x8  Code  Gb  drv_glcd.o [1]
GLCD_print              0x00005c69    0x30  Code  Gb  drv_glcd.o [1]
GLCD_putchar            0x00005a59   0x210  Code  Gb  drv_glcd.o [1]
GpioInit                0x00005f2b    0x46  Code  Gb  sys.o [1]
Graph_addPoint          0x0000827f    0x30  Code  Gb  graph.o [1]
Graph_clear             0x000080bb    0x2a  Code  Gb  graph.o [1]
Graph_draw              0x000080e5    0x58  Code  Gb  graph.o [1]
Graph_drawAxisNumber    0x00007f25   0x196  Code  Gb  graph.o [1]
Graph_getPixelXCoord    0x00008155    0x8e  Code  Gb  graph.o [1]
Graph_getPixelYCoord    0x000081e3    0x9c  Code  Gb  graph.o [1]
Graph_init              0x00007e99    0x8a  Code  Gb  graph.o [1]
Graph_plotPoints        0x000082af    0x50  Code  Gb  graph.o [1]
HEAP$$Base              0x400032d8           --   Gb  - Linker created -
HEAP$$Limit             0x400052d8           --   Gb  - Linker created -
IRQ_Handler             0x00005d10    0x2c  Code  Gb  sys.o [1]
IRQ_STACK$$Base         0x40002e98           --   Gb  - Linker created -
IRQ_STACK$$Limit        0x40003298           --   Gb  - Linker created -
InitClock               0x00005d83   0x112  Code  Gb  sys.o [1]
LCD_LPBASE              0xffe10014     0x4  Data  Gb  drv_glcd.o [1]
LCD_PAL_BASE            0xffe10200     0x4  Data  Gb  drv_glcd.o [1]
LCD_SET_WINDOW          0x00005943    0x28  Code  Gb  drv_glcd.o [1]
LCD_UPBASE              0xffe10010     0x4  Data  Gb  drv_glcd.o [1]
LCD_WRITE_PIXEL         0x00005971    0x36  Code  Gb  drv_glcd.o [1]
OnTouchIntr_Handler     0x00006a9d    0x70  Code  Gb  drv_touch_scr.o [1]
Prefetch_Handler        0x0000a2fc          Code  Wk  vectortrap.o [5]
ProgressBarDrawFull     0x00007d9d    0x62  Code  Gb  ProgressBar.o [1]
ProgressBarInit         0x00007d6d    0x30  Code  Gb  ProgressBar.o [1]
ProgressBarUpdate       0x00007dff    0x92  Code  Gb  ProgressBar.o [1]
ProgressSpinnerInit     0x00007839    0x38  Code  Gb  ProgressSpinner.o [1]
ProgressSpinnerUpdate   0x00007871    0xec  Code  Gb  ProgressSpinner.o [1]
RXDESCRIPTOR            0xffe00108     0x4  Data  Gb  LPC24xx_enet.o [1]
RXSTATUS                0xffe0010c     0x4  Data  Gb  LPC24xx_enet.o [1]
Region$$Table$$Base     0x0000a2b4           --   Gb  - Linker created -
Region$$Table$$Limit    0x0000a2d8           --   Gb  - Linker created -
RxBuff0                 0x7fe00038   0x600  Data  Gb  LPC24xx_enet.o [1]
RxBuff1                 0x7fe00638   0x600  Data  Gb  LPC24xx_enet.o [1]
RxFlag                  0x400029e8     0x1  Data  Gb  uart.o [1]
SDRAM_BASE_ADDR {Abs}   0xa0000000           --   Gb  command line/config [2]
SDRAM_Init              0x00009aa5   0x120  Code  Gb  sdram_64M_32bit_drv.o [1]
SWI_Handler             0x0000a2fc          Code  Wk  vectortrap.o [5]
SYS_GetFpclk            0x00005ef5    0x36  Code  Gb  sys.o [1]
SYS_GetFsclk            0x00005e95    0x60  Code  Gb  sys.o [1]
Samples                 0x40002a48     0x4  Data  Lc  drv_touch_scr.o [1]
State                   0x40002a34     0x1  Data  Lc  drv_touch_scr.o [1]
T0MR0                   0xe0004018     0x4  Data  Gb  drv_touch_scr.o [1]
T0PR                    0xe000400c     0x4  Data  Gb  drv_touch_scr.o [1]
T2MR0                   0xe0070018     0x4  Data  Gb  animation.o [1]
TXDESCRIPTOR            0xffe0011c     0x4  Data  Gb  LPC24xx_enet.o [1]
TXSTATUS                0xffe00120     0x4  Data  Gb  LPC24xx_enet.o [1]
TabSize                 0x40000174     0x4  Data  Lc  drv_glcd.o [1]
Terminal_9_12_6         0x4000019c    0x18  Data  Gb  Terminal_9_12x6.o [1]
TextBackgndColour       0x40000158     0x4  Data  Lc  drv_glcd.o [1]
TextColour              0x40000154     0x4  Data  Lc  drv_glcd.o [1]
TextStream              0x000020f4   0xc00  Data  Lc  Terminal_9_12x6.o [1]
TextX_Pos               0x4000015c     0x4  Data  Lc  drv_glcd.o [1]
TextY_Pos               0x40000160     0x4  Data  Lc  drv_glcd.o [1]
Ticks                   0x40002a80     0x4  Data  Gb  clock-arch.o [1]
Timer0IntrHandler       0x00008ce5    0x1c  Code  Lc  clock-arch.o [1]
Timer2IntrHandler       0x000079e7    0x48  Code  Gb  animation.o [1]
TimerIntr_Handler       0x000069dd    0xc0  Code  Gb  drv_touch_scr.o [1]
Touch                   0x40002a40     0x4  Data  Lc  drv_touch_scr.o [1]
TouchGet                0x00006ee1    0x66  Code  Gb  drv_touch_scr.o [1]
TouchScrInit            0x00006d4d   0x18a  Code  Gb  drv_touch_scr.o [1]
Touch_temp              0x40002a44     0x4  Data  Lc  drv_touch_scr.o [1]
TxBuff0                 0x7fe00c38   0x600  Data  Gb  LPC24xx_enet.o [1]
TxBuff1                 0x7fe01238   0x600  Data  Gb  LPC24xx_enet.o [1]
U0RBRTHR                0xe000c000     0x1  Data  Gb  uart.o [1]
UART_Buffer             0x400029ec    0x2c  Data  Lc  uart.o [1]
Uart0Isr                0x00008dfd    0x4c  Code  Lc  uart.o [1]
UartCalcDivider         0x00008f9d    0x70  Code  Lc  uart.o [1]
UartCheck               0x00008dd1    0x2c  Code  Gb  uart.o [1]
UartInit                0x00008e49    0x8a  Code  Gb  uart.o [1]
UartSetLineCoding       0x00008ed3    0xa4  Code  Gb  uart.o [1]
Undefined_Handler       0x0000a2fc          Code  Wk  vectortrap.o [5]
VICADDRESS              0xffffff00     0x4  Data  Gb  uart.o [1]
VICVECTADDR0            0xfffff100     0x4  Data  Gb  sys.o [1]
VIC_Init                0x00005d3d    0x2a  Code  Gb  sys.o [1]
VIC_SetVectoredIRQ      0x00005d67    0x1c  Code  Gb  sys.o [1]
WindX_Size              0x40002a20     0x4  Data  Lc  drv_glcd.o [1]
WindY_Size              0x40002a1c     0x4  Data  Lc  drv_glcd.o [1]
X                       0x40002a36     0x2  Data  Lc  drv_touch_scr.o [1]
XL_Win                  0x40000164     0x4  Data  Lc  drv_glcd.o [1]
XML_Data                0x400027a4    0xc8  Data  Lc  httpd-fs.o [1]
XML_addMeasurement      0x000040bd    0x94  Code  Gb  httpd-fs.o [1]
XML_addString           0x00004031    0x28  Code  Gb  httpd-fs.o [1]
XML_addValue            0x00004059    0x64  Code  Gb  httpd-fs.o [1]
XR_Win                  0x4000016c     0x4  Data  Lc  drv_glcd.o [1]
X_temp                  0x40002a3a     0x2  Data  Lc  drv_touch_scr.o [1]
Y                       0x40002a38     0x2  Data  Lc  drv_touch_scr.o [1]
YD_Win                  0x40000170     0x4  Data  Lc  drv_glcd.o [1]
YU_Win                  0x40000168     0x4  Data  Lc  drv_glcd.o [1]
Y_temp                  0x40002a3c     0x2  Data  Lc  drv_touch_scr.o [1]
_A_AD0CR                0xe0034000     0x4  Data  Gb  drv_touch_scr.o [1]
_A_AD0GDR               0xe0034004     0x4  Data  Gb  drv_touch_scr.o [1]
_A_ADINTEN              0xe003400c     0x4  Data  Gb  drv_touch_scr.o [1]
_A_ADSTAT               0xe0034030     0x4  Data  Gb  drv_touch_scr.o [1]
_A_AHBCFG1              0xe01fc188     0x4  Data  Gb  sys.o [1]
_A_CCLKCFG              0xe01fc104     0x4  Data  Gb  sys.o [1]
_A_CLKSRCSEL            0xe01fc10c     0x4  Data  Gb  sys.o [1]
_A_CLRT                 0xffe00010     0x4  Data  Gb  LPC24xx_enet.o [1]
_A_COMMAND              0xffe00100     0x4  Data  Gb  LPC24xx_enet.o [1]
_A_CRSR_CTRL            0xffe10c00     0x4  Data  Gb  drv_glcd.o [1]
_A_EMCCONTROL           0xffe08000     0x4  Data  Gb  sdram_64M_32bit_drv.o [1]
_A_EMCDINAMICCTRL       0xffe08020     0x4  Data  Gb  sdram_64M_32bit_drv.o [1]
_A_EMCDINAMICRDCFG      0xffe08028     0x4  Data  Gb  sdram_64M_32bit_drv.o [1]
_A_EMCDINAMICRFR        0xffe08024     0x4  Data  Gb  sdram_64M_32bit_drv.o [1]
_A_EMCDYNAMICAPR        0xffe0803c     0x4  Data  Gb  sdram_64M_32bit_drv.o [1]
_A_EMCDYNAMICCFG0       0xffe08100     0x4  Data  Gb  sdram_64M_32bit_drv.o [1]
_A_EMCDYNAMICDAL        0xffe08040     0x4  Data  Gb  sdram_64M_32bit_drv.o [1]
_A_EMCDYNAMICMRD        0xffe08058     0x4  Data  Gb  sdram_64M_32bit_drv.o [1]
_A_EMCDYNAMICRAS        0xffe08034     0x4  Data  Gb  sdram_64M_32bit_drv.o [1]
_A_EMCDYNAMICRASCAS0    0xffe08104     0x4  Data  Gb  sdram_64M_32bit_drv.o [1]
_A_EMCDYNAMICRC         0xffe08048     0x4  Data  Gb  sdram_64M_32bit_drv.o [1]
_A_EMCDYNAMICRFC        0xffe0804c     0x4  Data  Gb  sdram_64M_32bit_drv.o [1]
_A_EMCDYNAMICRP         0xffe08030     0x4  Data  Gb  sdram_64M_32bit_drv.o [1]
_A_EMCDYNAMICRRD        0xffe08054     0x4  Data  Gb  sdram_64M_32bit_drv.o [1]
_A_EMCDYNAMICSREX       0xffe08038     0x4  Data  Gb  sdram_64M_32bit_drv.o [1]
_A_EMCDYNAMICWR         0xffe08044     0x4  Data  Gb  sdram_64M_32bit_drv.o [1]
_A_EMCDYNAMICXSR        0xffe08050     0x4  Data  Gb  sdram_64M_32bit_drv.o [1]
_A_EXTINT               0xe01fc140     0x4  Data  Gb  drv_touch_scr.o [1]
_A_FIO0CLR              0x3fffc01c     0x4  Data  Gb  drv_touch_scr.o [1]
_A_FIO0DIR              0x3fffc000     0x4  Data  Gb  sys.o [1]
_A_FIO0MASK             0x3fffc010     0x4  Data  Gb  sys.o [1]
_A_FIO0PIN              0x3fffc014     0x4  Data  Gb  drv_touch_scr.o [1]
_A_FIO0SET              0x3fffc018     0x4  Data  Gb  drv_touch_scr.o [1]
_A_FIO1DIR              0x3fffc020     0x4  Data  Gb  sys.o [1]
_A_FIO1MASK             0x3fffc030     0x4  Data  Gb  sys.o [1]
_A_FIO1SET              0x3fffc038     0x4  Data  Gb  main.o [1]
_A_FIO2DIR              0x3fffc040     0x4  Data  Gb  sys.o [1]
_A_FIO2MASK             0x3fffc050     0x4  Data  Gb  sys.o [1]
_A_FIO3DIR              0x3fffc060     0x4  Data  Gb  sys.o [1]
_A_FIO3MASK             0x3fffc070     0x4  Data  Gb  sys.o [1]
_A_FIO4DIR              0x3fffc080     0x4  Data  Gb  sys.o [1]
_A_FIO4MASK             0x3fffc090     0x4  Data  Gb  sys.o [1]
_A_IO0DIR               0xe0028008     0x4  Data  Gb  sys.o [1]
_A_IO0INTCLR            0xe002808c     0x4  Data  Gb  drv_touch_scr.o [1]
_A_IO0INTENR            0xe0028090     0x4  Data  Gb  drv_touch_scr.o [1]
_A_IO1DIR               0xe0028018     0x4  Data  Gb  sys.o [1]
_A_IPGR                 0xffe0000c     0x4  Data  Gb  LPC24xx_enet.o [1]
_A_IPGT                 0xffe00008     0x4  Data  Gb  LPC24xx_enet.o [1]
_A_LCD_CFG              0xe01fc1b8     0x4  Data  Gb  drv_glcd.o [1]
_A_LCD_CTRL             0xffe10018     0x4  Data  Gb  drv_glcd.o [1]
_A_LCD_POL              0xffe10008     0x4  Data  Gb  drv_glcd.o [1]
_A_LCD_TIMH             0xffe10000     0x4  Data  Gb  drv_glcd.o [1]
_A_LCD_TIMV             0xffe10004     0x4  Data  Gb  drv_glcd.o [1]
_A_MAC1                 0xffe00000     0x4  Data  Gb  LPC24xx_enet.o [1]
_A_MAC2                 0xffe00004     0x4  Data  Gb  LPC24xx_enet.o [1]
_A_MADR                 0xffe00028     0x4  Data  Gb  LPC24xx_enet.o [1]
_A_MAMCR                0xe01fc000     0x4  Data  Gb  main.o [1]
_A_MAMTIM               0xe01fc004     0x4  Data  Gb  main.o [1]
_A_MAXF                 0xffe00014     0x4  Data  Gb  LPC24xx_enet.o [1]
_A_MCFG                 0xffe00020     0x4  Data  Gb  LPC24xx_enet.o [1]
_A_MCMD                 0xffe00024     0x4  Data  Gb  LPC24xx_enet.o [1]
_A_MIND                 0xffe00034     0x4  Data  Gb  LPC24xx_enet.o [1]
_A_MRDD                 0xffe00030     0x4  Data  Gb  LPC24xx_enet.o [1]
_A_MWTD                 0xffe0002c     0x4  Data  Gb  LPC24xx_enet.o [1]
_A_PCLKSEL0             0xe01fc1a8     0x4  Data  Gb  sys.o [1]
_A_PCLKSEL1             0xe01fc1ac     0x4  Data  Gb  sys.o [1]
_A_PCONP                0xe01fc0c4     0x4  Data  Gb  uart.o [1]
_A_PINMODE0             0xe002c040     0x4  Data  Gb  drv_glcd.o [1]
_A_PINMODE1             0xe002c044     0x4  Data  Gb  drv_touch_scr.o [1]
_A_PINMODE3             0xe002c04c     0x4  Data  Gb  drv_glcd.o [1]
_A_PINMODE4             0xe002c050     0x4  Data  Gb  drv_glcd.o [1]
_A_PINMODE5             0xe002c054     0x4  Data  Gb  sdram_64M_32bit_drv.o [1]
_A_PINMODE6             0xe002c058     0x4  Data  Gb  sdram_64M_32bit_drv.o [1]
_A_PINMODE7             0xe002c05c     0x4  Data  Gb  sdram_64M_32bit_drv.o [1]
_A_PINMODE8             0xe002c060     0x4  Data  Gb  sdram_64M_32bit_drv.o [1]
_A_PINMODE9             0xe002c064     0x4  Data  Gb  sdram_64M_32bit_drv.o [1]
_A_PINSEL0              0xe002c000     0x4  Data  Gb  uart.o [1]
_A_PINSEL1              0xe002c004     0x4  Data  Gb  sys.o [1]
_A_PINSEL11             0xe002c02c     0x4  Data  Gb  drv_glcd.o [1]
_A_PINSEL2              0xe002c008     0x4  Data  Gb  sys.o [1]
_A_PINSEL3              0xe002c00c     0x4  Data  Gb  sys.o [1]
_A_PINSEL4              0xe002c010     0x4  Data  Gb  sys.o [1]
_A_PINSEL5              0xe002c014     0x4  Data  Gb  sys.o [1]
_A_PINSEL6              0xe002c018     0x4  Data  Gb  sys.o [1]
_A_PINSEL7              0xe002c01c     0x4  Data  Gb  sys.o [1]
_A_PINSEL8              0xe002c020     0x4  Data  Gb  sys.o [1]
_A_PINSEL9              0xe002c024     0x4  Data  Gb  sys.o [1]
_A_PLLCFG               0xe01fc084     0x4  Data  Gb  sys.o [1]
_A_PLLCON               0xe01fc080     0x4  Data  Gb  sys.o [1]
_A_PLLFEED              0xe01fc08c     0x4  Data  Gb  sys.o [1]
_A_PLLSTAT              0xe01fc088     0x4  Data  Gb  sys.o [1]
_A_POWERDOWN            0xffe00ff4     0x4  Data  Gb  LPC24xx_enet.o [1]
_A_RXCONSUMEINDEX       0xffe00118     0x4  Data  Gb  LPC24xx_enet.o [1]
_A_RXDESCRIPTORNUMBER   0xffe00110     0x4  Data  Gb  LPC24xx_enet.o [1]
_A_RXPRODUCEINDEX       0xffe00114     0x4  Data  Gb  LPC24xx_enet.o [1]
_A_SA0                  0xffe00040     0x4  Data  Gb  LPC24xx_enet.o [1]
_A_SA1                  0xffe00044     0x4  Data  Gb  LPC24xx_enet.o [1]
_A_SA2                  0xffe00048     0x4  Data  Gb  LPC24xx_enet.o [1]
_A_SCS                  0xe01fc1a0     0x4  Data  Gb  sys.o [1]
_A_SUPP                 0xffe00018     0x4  Data  Gb  LPC24xx_enet.o [1]
_A_T0CTCR               0xe0004070     0x4  Data  Gb  drv_touch_scr.o [1]
_A_T0IR                 0xe0004000     0x4  Data  Gb  drv_touch_scr.o [1]
_A_T0MCR                0xe0004014     0x4  Data  Gb  drv_touch_scr.o [1]
_A_T0TCR                0xe0004004     0x4  Data  Gb  drv_touch_scr.o [1]
_A_T2IR                 0xe0070000     0x4  Data  Gb  animation.o [1]
_A_T2MCR                0xe0070014     0x4  Data  Gb  animation.o [1]
_A_T2TCR                0xe0070004     0x4  Data  Gb  animation.o [1]
_A_TEST                 0xffe0001c     0x4  Data  Gb  LPC24xx_enet.o [1]
_A_TXCONSUMEINDEX       0xffe0012c     0x4  Data  Gb  LPC24xx_enet.o [1]
_A_TXDESCRIPTORNUMBER   0xffe00124     0x4  Data  Gb  LPC24xx_enet.o [1]
_A_TXPRODUCEINDEX       0xffe00128     0x4  Data  Gb  LPC24xx_enet.o [1]
_A_U0FCR                0xe000c008     0x4  Data  Gb  uart.o [1]
_A_U0FDR                0xe000c028     0x4  Data  Gb  uart.o [1]
_A_U0IER                0xe000c004     0x4  Data  Gb  uart.o [1]
_A_U0LCR                0xe000c00c     0x1  Data  Gb  uart.o [1]
_A_U0TER                0xe000c030     0x1  Data  Gb  uart.o [1]
_A_USBCLKCFG            0xe01fc108     0x4  Data  Gb  sys.o [1]
_A_VICINTENABLE         0xfffff010     0x4  Data  Gb  uart.o [1]
_A_VICINTENCLEAR        0xfffff014     0x4  Data  Gb  sys.o [1]
_A_VICINTSELECT         0xfffff00c     0x4  Data  Gb  sys.o [1]
_A_VICPROTECTION        0xfffff020     0x4  Data  Gb  sys.o [1]
_A_VICSOFTINTCLEAR      0xfffff01c     0x4  Data  Gb  sys.o [1]
_A_VICVECTPRIORITY0     0xfffff200     0x4  Data  Gb  sys.o [1]
_GenldFull              0x00000d99   0x2c0  Code  Lc  xprintffull.o [3]
_LdtobFull              0x000008e5   0x49e  Code  Lc  xprintffull.o [3]
_LitobFull              0x000007c3   0x11e  Code  Lc  xprintffull.o [3]
_PrintfFull             0x00000211   0x5b2  Code  Gb  xprintffull.o [3]
_PutcharsFull           0x00001059    0x36  Code  Lc  xprintffull.o [3]
_SNProut                0x0000a2d9    0x1c  Code  Gb  xsnprout.o [3]
_SProut                 0x0000548b     0xa  Code  Gb  xsprout.o [3]
__aeabi_assert          0x00005fcf    0x74  Code  Gb  xassert.o [3]
__aeabi_cdcmpeq         0x000050e0          Code  Gb  DblCmpEq.o [4]
__aeabi_cdcmple         0x000013bc          Code  Gb  DblCmpLe.o [4]
__aeabi_cdrcmple        0x000013f8          Code  Gb  DblCmpGe.o [4]
__aeabi_d2iz            0x00001554          Code  Gb  DblToS32.o [4]
__aeabi_d2uiz           0x00001f20          Code  Gb  DblToU32.o [4]
__aeabi_dadd            0x00001f9c          Code  Gb  DblAdd.o [4]
__aeabi_ddiv            0x00001be4          Code  Gb  DblDiv.o [4]
__aeabi_dmul            0x000019e8          Code  Gb  DblMul.o [4]
__aeabi_dsub            0x0000161c          Code  Gb  DblSub.o [4]
__aeabi_errno_addr      0x0000510d     0xc  Code  Gb  errno.o [3]
__aeabi_i2d             0x000015b8          Code  Gb  S32ToDbl.o [4]
__aeabi_idiv            0x00001810          Code  Gb  I32DivMod.o [5]
__aeabi_idiv0           0x000020dc          Code  Gb  IntDivZer.o [5]
__aeabi_idivmod         0x00001810          Code  Gb  I32DivMod.o [5]
__aeabi_ldiv0           0x00001f94          Code  Gb  I64DivZer.o [5]
__aeabi_memclr4         0x0000379c          Code  Gb  ABImemclr4.o [5]
__aeabi_memcpy          0x0000129c          Code  Gb  ABImemcpy.o [5]
__aeabi_memcpy4         0x000012c0          Code  Gb  ABImemcpy.o [5]
__aeabi_memcpy8         0x000012c0          Code  Gb  ABImemcpy.o [5]
__aeabi_memset          0x0000472c          Code  Gb  ABImemset.o [5]
__aeabi_ui2d            0x00001f60          Code  Gb  U32ToDbl.o [4]
__aeabi_uidiv           0x00001840          Code  Gb  I32DivMod.o [5]
__aeabi_uidivmod        0x00001840          Code  Gb  I32DivMod.o [5]
__aeabi_uldivmod        0x000011c4          Code  Gb  I64DivMod.o [5]
__cmain                 0x0000a20c          Code  Gb  cmain.o [5]
__data_Aldata           0x40002a78     0x8  Data  Gb  xxmemxmalloc.o [3]
__data_GetMemChunk      0x00007ae9    0x2c  Code  Gb  xgetmemchunk.o [3]
__dwrite                0x00006258    0x24  Code  Gb  dwrite.o [6]
__exit                  0x00006160    0x20  Code  Gb  exit.o [6]
__iar_Dint              0x00005051    0x8c  Code  Gb  xdint.o [4]
__iar_Dnorm             0x00001371    0x48  Code  Gb  xdnorm.o [4]
__iar_Dscale            0x00001431   0x120  Code  Gb  xdscale.o [4]
__iar_Dtest             0x00005495    0x34  Code  Gb  xdtest.o [4]
__iar_EmptyStepPoint    0x00005fcd     0x2  Code  Gb  xassert.o [3]
__iar_Errno             0x400001cc     0x4  Data  Gb  errno.o [3]
__iar_Exp               0x000051c5   0x2c4  Code  Gb  xexp.o [4]
__iar_Logpoly           0x0000511d    0x70  Code  Gb  xlog.o [4]
__iar_Memchr            0x0000112c          Code  Gb  memchr.o [5]
__iar_Memset            0x0000472c          Code  Gb  ABImemset.o [5]
__iar_Memset4_word      0x00003d44          Code  Gb  ABImemset48.o [5]
__iar_Memset8_word      0x00003d44          Code  Gb  ABImemset48.o [5]
__iar_Memset_word       0x00004738          Code  Gb  ABImemset.o [5]
__iar_ReportAssert      0x0000608d    0x5e  Code  Gb  xreportassert.o [3]
__iar_Stolx             0x00009c3d    0xa0  Code  Gb  xstol.o [3]
__iar_Stoulx            0x00009cdd   0x12c  Code  Gb  xstoul.o [3]
__iar_Strchr            0x000010b0          Code  Gb  strchr.o [5]
__iar_Strrchr           0x00004561    0x1a  Code  Gb  strrchr.o [3]
__iar_close_ttio        0x000061a0    0x58  Code  Gb  iarttio.o [6]
__iar_copy_init3        0x0000a285    0x30  Code  Gb  copy_init3.o [5]
__iar_dadd              0x00001fac          Code  Gb  DblAdd.o [4]
__iar_data_init3        0x0000a235    0x30  Code  Gb  data_init.o [5]
__iar_dlib_perthread_access
                        0x00005489     0x2  Code  Gb  xtls.o [3]
__iar_dsub              0x0000162c          Code  Gb  DblSub.o [4]
__iar_dsubStart         0x0000164c          Code  Gb  DblSub.o [4]
__iar_edom              0x0000848c          Code  Gb  iarEdom.o [5]
__iar_enable_interrupt  0x00009c08          Code  Gb  main.o [1]
__iar_get_ttio          0x000061f8    0x5c  Code  Gb  iarttio.o [6]
__iar_i2d               0x000015cc          Code  Gb  S32ToDbl.o [4]
__iar_lookup_ttioh      0x0000627d     0x8  Code  Gb  XShttio.o [3]
__iar_program_start     0x0000a184          Code  Gb  cstartup.o [5]
__iar_return_from_swi   0x0000a300     0x4  Code  Gb  xreturnswi.o [6]
__iar_sh_stdout         0x00006284    0x40  Code  Gb  iarwstd.o [6]
__iar_sh_write          0x000062c4    0x44  Code  Gb  iarwrite.o [6]
__iar_sqrt              0x0000830c          Code  Gb  sqrt.o [4]
__iar_ttio_handles      0x400001c4     0x8  Data  Lc  XShttio.o [3]
__iar_zero_init3        0x000045a7    0x2a  Code  Gb  zero_init3.o [5]
__low_level_init        0x0000a231     0x4  Code  Gb  low_level_init.o [3]
__vector                0x00000000          Data  Gb  cstartup.o [5]
__write                 0x00006184    0x10  Code  Gb  write.o [6]
_call_main              0x0000a21c          Code  Gb  cmain.o [5]
_exit                   0x0000a274          Code  Gb  cexit.o [5]
_main                   0x0000a224          Code  Gb  cmain.o [5]
abort                   0x00006125     0xc  Code  Gb  abort.o [3]
abs                     0x00008479     0x8  Code  Gb  abs.o [3]
activeGraph             0x40002a58     0x4  Data  Gb  graphpage.o [1]
addDevice               0x000070a9    0xce  Code  Gb  devicespage.o [1]
addWindow               0x00007611    0x10  Code  Gb  layout.o [1]
animationHolder         0x40002a74     0x4  Data  Gb  animation.o [1]
arp_table               0x40002988    0x60  Data  Lc  uip_arp.o [1]
arptime                 0x40002981     0x1  Data  Lc  uip_arp.o [1]
broadcast_ethaddr       0x000098bc     0x8  Data  Lc  uip_arp.o [1]
buf_setup               0x00003d81     0x6  Code  Lc  psock.o [1]
c                       0x40002920     0x1  Data  Lc  uip.o [1]
calls                   0x400001b4    0x10  Data  Lc  httpd-cgi.o [1]
changeToCurrent         0x00009515    0x34  Code  Gb  graphpage.o [1]
changeToPower           0x00009549    0x34  Code  Gb  graphpage.o [1]
changeToVoltage         0x000094e1    0x34  Code  Gb  graphpage.o [1]
checkDevices            0x000071e5   0x334  Code  Gb  devicespage.o [1]
chksum                  0x00002d4b    0x40  Code  Lc  uip.o [1]
clearDevices            0x00007177    0x30  Code  Gb  devicespage.o [1]
clock_init              0x00008d01    0x7e  Code  Gb  clock-arch.o [1]
clock_time              0x00008d7f     0x6  Code  Gb  clock-arch.o [1]
closed                  0x0000a0a4     0x8  Data  Lc  httpd-cgi.o [1]
closing                 0x0000a0e8     0x8  Data  Lc  httpd-cgi.o [1]
count                   0x40002a64     0xc  Data  Lc  httpd-fs.o [1]
crp                     0x000001fc     0x4  Data  Gb  main.o [1]
currentGraph            0x40002a50     0x4  Data  Gb  graphpage.o [1]
currentPage             0x40002900     0x4  Data  Gb  main.o [1]
d_token                 0x00004234     0x8  Data  Gb  httpd-fs.o [1]
d_token_end             0x0000423c     0x8  Data  Gb  httpd-fs.o [1]
data_404_html           0x00006424    0xac  Data  Lc  httpd-fsdata.o [1]
data_acked              0x00003dc1    0x42  Code  Lc  psock.o [1]
data_index_html         0x00006308    0x98  Data  Lc  httpd-fsdata.o [1]
data_style_css          0x000064d0   0x404  Data  Lc  httpd-fsdata.o [1]
data_test_xml           0x000068d4    0xa4  Data  Lc  httpd-fsdata.o [1]
data_testmis_html       0x000063a0    0x84  Data  Lc  httpd-fsdata.o [1]
deviceInit              0x00007075    0x34  Code  Gb  devicespage.o [1]
devices                 0x4000012c    0x18  Data  Lc  devicespage.o [1]
devicesPage             0x40002910     0x4  Data  Gb  main.o [1]
digits                  0x00009e08    0x28  Data  Lc  xstoul.o [3]
dispatchTouch           0x00007653    0x32  Code  Gb  layout.o [1]
div                     0x00001f71    0x24  Code  Gb  div.o [3]
doLearn                 0x00009265    0xe4  Code  Gb  learningpage.o [1]
drawCircle              0x00007bdd    0x34  Code  Gb  draw.o [1]
drawFilledCircle        0x00007c89    0x56  Code  Gb  draw.o [1]
drawFilledRectangle     0x00007d1f    0x44  Code  Gb  draw.o [1]
drawHorizontalLine      0x00007b15    0x22  Code  Gb  draw.o [1]
drawLine                0x00007b59    0x84  Code  Gb  draw.o [1]
drawRectangle           0x00007cdf    0x40  Code  Gb  draw.o [1]
drawVerticalLine        0x00007b37    0x22  Code  Gb  draw.o [1]
drawWindow              0x000076c5    0xe4  Code  Gb  gui.o [1]
drawWindows             0x00007633    0x20  Code  Gb  layout.o [1]
edgeDetected            0x40000121     0x1  Data  Lc  devicespage.o [1]
edgeDetection           0x000071b5    0x30  Code  Gb  devicespage.o [1]
established             0x0000a0c4     0xc  Data  Lc  httpd-cgi.o [1]
exit                    0x0000a267     0xa  Code  Gb  exit.o [3]
file                    0x0000a08c     0x8  Data  Lc  httpd-cgi.o [1]
file_404_html           0x000069a0    0x14  Data  Gb  httpd-fsdata.o [1]
file_index_html         0x00006978    0x14  Data  Gb  httpd-fsdata.o [1]
file_stats              0x000042f9    0x44  Code  Lc  httpd-cgi.o [1]
file_style_css          0x000069b4    0x14  Data  Gb  httpd-fsdata.o [1]
file_test_xml           0x000069c8    0x14  Data  Gb  httpd-fsdata.o [1]
file_testmis_html       0x0000698c    0x14  Data  Gb  httpd-fsdata.o [1]
fin_wait_1              0x0000a0d0     0xc  Data  Lc  httpd-cgi.o [1]
fin_wait_2              0x0000a0dc     0xc  Data  Lc  httpd-cgi.o [1]
free                    0x00007a5d    0x86  Code  Gb  xxmemxfree.o [3]
generate_file_stats     0x000042ed     0xc  Code  Lc  httpd-cgi.o [1]
generate_net_stats      0x0000445d     0xe  Code  Lc  httpd-cgi.o [1]
generate_part_of_file   0x000037a5    0x30  Code  Lc  httpd.o [1]
generate_tcp_stats      0x0000433d    0xc0  Code  Lc  httpd-cgi.o [1]
graphPage               0x4000290c     0x4  Data  Gb  main.o [1]
h_token                 0x00004294     0x8  Data  Gb  httpd-fs.o [1]
h_token_end             0x0000429c     0x8  Data  Gb  httpd-fs.o [1]
handle_connection       0x00003c75    0x1c  Code  Lc  httpd.o [1]
handle_input            0x00003b7f    0xd2  Code  Lc  httpd.o [1]
handle_output           0x00003ab1    0xce  Code  Lc  httpd.o [1]
handle_script           0x00003823   0x128  Code  Lc  httpd.o [1]
htons                   0x00003763     0xc  Code  Gb  uip.o [1]
http_404_html           0x00009e6c     0xc  Data  Gb  http-strings.o [1]
http_content_type_binary
                        0x0000a000    0x2c  Data  Gb  http-strings.o [1]
http_content_type_css   0x00009f70    0x1c  Data  Gb  http-strings.o [1]
http_content_type_gif   0x00009fa8    0x1c  Data  Gb  http-strings.o [1]
http_content_type_html  0x00009f54    0x1c  Data  Gb  http-strings.o [1]
http_content_type_jpg   0x00009fc4    0x20  Data  Gb  http-strings.o [1]
http_content_type_plain
                        0x00009f34    0x20  Data  Gb  http-strings.o [1]
http_content_type_png   0x00009f8c    0x1c  Data  Gb  http-strings.o [1]
http_content_type_xml   0x00009fe4    0x1c  Data  Gb  http-strings.o [1]
http_css                0x0000a03c     0x8  Data  Gb  http-strings.o [1]
http_get                0x00009e58     0x8  Data  Gb  http-strings.o [1]
http_gif                0x0000a04c     0x8  Data  Gb  http-strings.o [1]
http_header_200         0x00009e84    0x54  Data  Gb  http-strings.o [1]
http_header_404         0x00009ed8    0x5c  Data  Gb  http-strings.o [1]
http_html               0x0000a02c     0x8  Data  Gb  http-strings.o [1]
http_index_html         0x00009e60     0xc  Data  Gb  http-strings.o [1]
http_jpg                0x0000a054     0x8  Data  Gb  http-strings.o [1]
http_png                0x0000a044     0x8  Data  Gb  http-strings.o [1]
http_referer            0x00009e78     0xc  Data  Gb  http-strings.o [1]
http_shtml              0x0000a034     0x8  Data  Gb  http-strings.o [1]
http_xml                0x0000a05c     0x8  Data  Gb  http-strings.o [1]
httpd_appcall           0x00003c91    0x6a  Code  Gb  httpd.o [1]
httpd_cgi               0x000042bb    0x32  Code  Gb  httpd-cgi.o [1]
httpd_fs_count          0x000041d1    0x32  Code  Gb  httpd-fs.o [1]
httpd_fs_open           0x0000417d    0x54  Code  Gb  httpd-fs.o [1]
httpd_fs_strcmp         0x00004151    0x2a  Code  Lc  httpd-fs.o [1]
httpd_init              0x00003d35     0xe  Code  Gb  httpd.o [1]
i                       0x40002980     0x1  Data  Lc  uip_arp.o [1]
i_token                 0x00004264     0x8  Data  Gb  httpd-fs.o [1]
i_token_end             0x0000426c     0x8  Data  Gb  httpd-fs.o [1]
init                    0x00008bf1    0x6e  Code  Gb  main.o [1]
initAnimations          0x00007961    0x62  Code  Gb  animation.o [1]
initDevicesPage         0x00006fcd    0x96  Code  Gb  devicespage.o [1]
initGraphPage           0x00009375   0x11c  Code  Gb  graphpage.o [1]
initLayout              0x00007601    0x10  Code  Gb  layout.o [1]
initLearningPage        0x000091f5    0x70  Code  Gb  learningpage.o [1]
initMainPage            0x00009199    0x46  Code  Gb  mainpage.o [1]
initNavigationBar       0x0000900d    0xea  Code  Gb  navigationbar.o [1]
initRectangleWindow     0x00007685    0x34  Code  Gb  gui.o [1]
internal_Pow            0x000047a9   0x444  Code  Lc  pow.o [4]
ipaddr                  0x40002984     0x4  Data  Lc  uip_arp.o [1]
ipid                    0x40002924     0x2  Data  Lc  uip.o [1]
isAnimating             0x00007a2f     0x6  Code  Gb  animation.o [1]
iss                     0x40002918     0x4  Data  Lc  uip.o [1]
iter                    0x40002a60     0x1  Data  Lc  httpd-fs.o [1]
iterator                0x40002a18     0x4  Data  Lc  uart.o [1]
lastReading             0x40000144     0x4  Data  Lc  devicespage.o [1]
lastStationary          0x40000148     0x4  Data  Lc  devicespage.o [1]
last_ack                0x0000a0fc     0xc  Data  Lc  httpd-cgi.o [1]
lastport                0x40002926     0x2  Data  Lc  uip.o [1]
learningPage            0x40002908     0x4  Data  Gb  main.o [1]
lnbias                  0x00004c30   0x420  Data  Lc  pow.o [4]
mAnimating              0x40002a70     0x1  Data  Gb  animation.o [1]
mX                      0x40000124     0x2  Data  Lc  devicespage.o [1]
mY                      0x40000126     0x2  Data  Lc  devicespage.o [1]
m_token                 0x00004244     0x8  Data  Gb  httpd-fs.o [1]
m_token_end             0x0000424c     0x8  Data  Gb  httpd-fs.o [1]
main                    0x0000893d   0x25a  Code  Gb  main.o [1]
mainPage                0x40002904     0x4  Data  Gb  main.o [1]
malloc                  0x00007545    0xb6  Code  Gb  xxmemxmalloc.o [3]
measurement             0x400028d8    0x28  Data  Gb  main.o [1]
memchr                  0x0000112c          Code  Gb  memchr.o [5]
memcpy                  0x0000892d    0x10  Code  Gb  uip_arp.o [1]
memset                  0x00009c19    0x18  Code  Gb  uip_arp.o [1]
navigationBar           0x40002914     0x4  Data  Gb  main.o [1]
ndigs                   0x00009e30    0x28  Data  Lc  xstoul.o [3]
net                     0x0000a09c     0x8  Data  Lc  httpd-cgi.o [1]
net_stats               0x0000447d    0x50  Code  Lc  httpd-cgi.o [1]
nullfunction            0x000042a5    0x16  Code  Lc  httpd-cgi.o [1]
onTouch                 0x000077f9    0x3c  Code  Gb  gui.o [1]
out                     0x00006075    0x18  Code  Lc  xreportassert.o [3]
pCurrFont               0x40000150     0x4  Data  Lc  drv_glcd.o [1]
pPix                    0x40002a30     0x4  Data  Lc  drv_glcd.o [1]
pSpinner                0x4000014c     0x4  Data  Lc  devicespage.o [1]
pWind                   0x40002a2c     0x4  Data  Lc  drv_glcd.o [1]
p_token                 0x00004274     0x8  Data  Gb  httpd-fs.o [1]
p_token_end             0x0000427c     0x8  Data  Gb  httpd-fs.o [1]
parse                   0x000098c5   0x1e0  Code  Gb  parsing.o [1]
pb                      0x40002a84     0x4  Data  Gb  learningpage.o [1]
plot4points             0x00007c3b    0x4e  Code  Gb  draw.o [1]
plot8points             0x00007c11    0x2a  Code  Gb  draw.o [1]
postAnimation           0x000079c3    0x24  Code  Gb  animation.o [1]
pow                     0x00004c1d    0x12  Code  Gb  pow.o [4]
powerGraph              0x40002a54     0x4  Data  Gb  graphpage.o [1]
psock_datalen           0x00003ed9     0xc  Code  Gb  psock.o [1]
psock_generator_send    0x00003e5f    0x7a  Code  Gb  psock.o [1]
psock_init              0x00004009    0x26  Code  Gb  psock.o [1]
psock_newdata           0x00003ee5    0x26  Code  Gb  psock.o [1]
psock_readto            0x00003f0b    0xea  Code  Gb  psock.o [1]
psock_send              0x00003e03    0x5c  Code  Gb  psock.o [1]
putchar                 0x00006131    0x2a  Code  Gb  putchar.o [3]
q_token                 0x00004284     0x8  Data  Gb  httpd-fs.o [1]
q_token_end             0x0000428c     0x8  Data  Gb  httpd-fs.o [1]
removeWindow            0x00007621    0x12  Code  Gb  layout.o [1]
send_data               0x00003d87    0x3a  Code  Lc  psock.o [1]
send_file               0x000037d5    0x4e  Code  Lc  httpd.o [1]
send_headers            0x00003951   0x156  Code  Lc  httpd.o [1]
setHidden               0x000077b9    0x40  Code  Gb  gui.o [1]
setOnClick              0x000076bd     0x8  Code  Gb  gui.o [1]
setSelected             0x0000957d    0x38  Code  Lc  graphpage.o [1]
setSelected             0x0000912d    0x2e  Code  Lc  navigationbar.o [1]
setText                 0x000076b9     0x4  Code  Gb  gui.o [1]
size                    0x40000120     0x1  Data  Lc  devicespage.o [1]
snprintf                0x000046e1    0x48  Code  Gb  snprintf.o [3]
sqrt                    0x0000830c          Code  Gb  sqrt.o [4]
sqrtl                   0x0000830c          Code  Gb  sqrt.o [4]
states                  0x40000178    0x24  Data  Lc  httpd-cgi.o [1]
steadyDetected          0x40000122     0x1  Data  Lc  devicespage.o [1]
strchr                  0x000010b0          Code  Gb  strchr.o [5]
strcpy                  0x000045d4          Code  Gb  strcpy.o [5]
strlen                  0x000010d4          Code  Gb  strlen.o [5]
strncmp                 0x0000457b    0x2c  Code  Gb  strncmp.o [3]
strncpy                 0x00004644          Code  Gb  strncpy.o [5]
strtol                  0x00009c31     0xc  Code  Gb  strtol.o [3]
swapToDevices           0x00009121     0xc  Code  Gb  navigationbar.o [1]
swapToGraph             0x00009115     0xc  Code  Gb  navigationbar.o [1]
swapToLearning          0x00009103     0xa  Code  Gb  navigationbar.o [1]
swapToMain              0x000090f7     0xc  Code  Gb  navigationbar.o [1]
swapToPage              0x00008b97    0x54  Code  Gb  main.o [1]
syn_rcvd                0x0000a0ac     0xc  Data  Lc  httpd-cgi.o [1]
syn_sent                0x0000a0b8     0xc  Data  Lc  httpd-cgi.o [1]
tapdev_init             0x000084a5   0x300  Code  Gb  LPC24xx_enet.o [1]
tapdev_read             0x000087d5    0x46  Code  Gb  LPC24xx_enet.o [1]
tapdev_send             0x00008829    0x56  Code  Gb  LPC24xx_enet.o [1]
tcp                     0x0000a094     0x8  Data  Lc  httpd-cgi.o [1]
tcp_stats               0x000043fd    0x60  Code  Lc  httpd-cgi.o [1]
thisPage                0x40000128     0x4  Data  Lc  devicespage.o [1]
thisPage                0x40002a5c     0x4  Data  Lc  graphpage.o [1]
thisPage                0x40002a88     0x4  Data  Lc  navigationbar.o [1]
time_wait               0x0000a0f0     0xc  Data  Lc  httpd-cgi.o [1]
timer_expired           0x00008db7    0x18  Code  Gb  timer.o [1]
timer_reset             0x00008da1     0xa  Code  Gb  timer.o [1]
timer_set               0x00008d99     0x8  Code  Gb  timer.o [1]
uip_acc32               0x4000291c     0x4  Data  Gb  uip.o [1]
uip_add32               0x00002cf5    0x56  Code  Gb  uip.o [1]
uip_add_rcv_nxt         0x00002e3b    0x2c  Code  Lc  uip.o [1]
uip_appdata             0x400028a4     0x4  Data  Gb  uip.o [1]
uip_arp_arpin           0x000096e1    0xb2  Code  Gb  uip_arp.o [1]
uip_arp_out             0x00009795   0x102  Code  Gb  uip_arp.o [1]
uip_arp_timer           0x000095e9    0x3e  Code  Gb  uip_arp.o [1]
uip_arp_update          0x00009627    0xba  Code  Lc  uip_arp.o [1]
uip_buf                 0x400021b0   0x5f4  Data  Gb  uip.o [1]
uip_conn                0x4000297c     0x4  Data  Gb  uip.o [1]
uip_conns               0x400001d0  0x1fe0  Data  Gb  uip.o [1]
uip_draddr              0x40002a8c     0x4  Data  Gb  uip.o [1]
uip_ethaddr             0x0000a2f4     0x8  Data  Gb  uip.o [1]
uip_flags               0x40002898     0x1  Data  Gb  uip.o [1]
uip_hostaddr            0x4000289c     0x4  Data  Gb  uip.o [1]
uip_init                0x00002de3    0x30  Code  Gb  uip.o [1]
uip_ipchksum            0x00002d8b    0x1c  Code  Gb  uip.o [1]
uip_len                 0x400028a0     0x2  Data  Gb  uip.o [1]
uip_listen              0x00002e13    0x28  Code  Gb  uip.o [1]
uip_listenports         0x40002928    0x50  Data  Gb  uip.o [1]
uip_netmask             0x40002a90     0x4  Data  Gb  uip.o [1]
uip_process             0x00002e7d   0x8e6  Code  Gb  uip.o [1]
uip_sappdata            0x40002978     0x4  Data  Gb  uip.o [1]
uip_send                0x0000376f    0x20  Code  Gb  uip.o [1]
uip_slen                0x40002922     0x2  Data  Gb  uip.o [1]
uip_stat                0x4000286c    0x2c  Data  Gb  uip.o [1]
updateGraphPage         0x00009491    0x50  Code  Gb  graphpage.o [1]
upper_layer_chksum      0x00002da7    0x3c  Code  Lc  uip.o [1]
v_token                 0x00004254     0x8  Data  Gb  httpd-fs.o [1]
v_token_end             0x0000425c     0x8  Data  Gb  httpd-fs.o [1]
voltageGraph            0x40002a4c     0x4  Data  Gb  graphpage.o [1]
vsprintf                0x00006045    0x30  Code  Gb  vsprintf.o [3]
xml_str                 0x0000422c     0x8  Data  Gb  httpd-fs.o [1]


[1] = C:\Users\mwj\Desktop\31370\Source\31370\31370\Flash Debug\Obj
[2] = command line
[3] = dl4t_tln.a
[4] = m4t_tl.a
[5] = rt4t_al.a
[6] = shs_l.a

  35 584 bytes of readonly  code memory
   5 876 bytes of readonly  data memory
  27 120 bytes of readwrite data memory (+ 535 absolute)

Errors: 1
Warnings: none
